Archive member included to satisfy reference by file (symbol)

c:/st/stm32cubeide_1.7.0/stm32cubeide/plugins/com.st.stm32cube.ide.mcu.externaltools.gnu-tools-for-stm32.9-2020-q2-update.win32_2.0.0.202105311346/tools/bin/../lib/gcc/arm-none-eabi/9.3.1/../../../../arm-none-eabi/lib/thumb/v7-m/nofp\libc_nano.a(lib_a-errno.o)
                              ./Core/Src/syscalls.o (__errno)
c:/st/stm32cubeide_1.7.0/stm32cubeide/plugins/com.st.stm32cube.ide.mcu.externaltools.gnu-tools-for-stm32.9-2020-q2-update.win32_2.0.0.202105311346/tools/bin/../lib/gcc/arm-none-eabi/9.3.1/../../../../arm-none-eabi/lib/thumb/v7-m/nofp\libc_nano.a(lib_a-exit.o)
                              c:/st/stm32cubeide_1.7.0/stm32cubeide/plugins/com.st.stm32cube.ide.mcu.externaltools.gnu-tools-for-stm32.9-2020-q2-update.win32_2.0.0.202105311346/tools/bin/../lib/gcc/arm-none-eabi/9.3.1/../../../../arm-none-eabi/lib/thumb/v7-m/nofp/crt0.o (exit)
c:/st/stm32cubeide_1.7.0/stm32cubeide/plugins/com.st.stm32cube.ide.mcu.externaltools.gnu-tools-for-stm32.9-2020-q2-update.win32_2.0.0.202105311346/tools/bin/../lib/gcc/arm-none-eabi/9.3.1/../../../../arm-none-eabi/lib/thumb/v7-m/nofp\libc_nano.a(lib_a-impure.o)
                              c:/st/stm32cubeide_1.7.0/stm32cubeide/plugins/com.st.stm32cube.ide.mcu.externaltools.gnu-tools-for-stm32.9-2020-q2-update.win32_2.0.0.202105311346/tools/bin/../lib/gcc/arm-none-eabi/9.3.1/../../../../arm-none-eabi/lib/thumb/v7-m/nofp\libc_nano.a(lib_a-exit.o) (_global_impure_ptr)
c:/st/stm32cubeide_1.7.0/stm32cubeide/plugins/com.st.stm32cube.ide.mcu.externaltools.gnu-tools-for-stm32.9-2020-q2-update.win32_2.0.0.202105311346/tools/bin/../lib/gcc/arm-none-eabi/9.3.1/../../../../arm-none-eabi/lib/thumb/v7-m/nofp\libc_nano.a(lib_a-init.o)
                              c:/st/stm32cubeide_1.7.0/stm32cubeide/plugins/com.st.stm32cube.ide.mcu.externaltools.gnu-tools-for-stm32.9-2020-q2-update.win32_2.0.0.202105311346/tools/bin/../lib/gcc/arm-none-eabi/9.3.1/../../../../arm-none-eabi/lib/thumb/v7-m/nofp/crt0.o (__libc_init_array)
c:/st/stm32cubeide_1.7.0/stm32cubeide/plugins/com.st.stm32cube.ide.mcu.externaltools.gnu-tools-for-stm32.9-2020-q2-update.win32_2.0.0.202105311346/tools/bin/../lib/gcc/arm-none-eabi/9.3.1/../../../../arm-none-eabi/lib/thumb/v7-m/nofp\libc_nano.a(lib_a-memset.o)
                              c:/st/stm32cubeide_1.7.0/stm32cubeide/plugins/com.st.stm32cube.ide.mcu.externaltools.gnu-tools-for-stm32.9-2020-q2-update.win32_2.0.0.202105311346/tools/bin/../lib/gcc/arm-none-eabi/9.3.1/../../../../arm-none-eabi/lib/thumb/v7-m/nofp/crt0.o (memset)

Allocating common symbols
Common symbol       size              file

Return_code         0x1               ./Core/Src/main.o
Error_code_G        0x1               ./Core/Src/main.o
SCH_tasks_G         0x320             ./Core/Src/main.o
g                   0x1               ./Core/Src/main.o
uwTick              0x4               ./Drivers/STM32F1xx_HAL_Driver/Src/stm32f1xx_hal.o
pFlash              0x20              ./Drivers/STM32F1xx_HAL_Driver/Src/stm32f1xx_hal_flash.o
htim3               0x48              ./Core/Src/main.o
htim2               0x48              ./Core/Src/main.o
huart2              0x44              ./Core/Src/main.o

Discarded input sections

 .text          0x0000000000000000        0x0 c:/st/stm32cubeide_1.7.0/stm32cubeide/plugins/com.st.stm32cube.ide.mcu.externaltools.gnu-tools-for-stm32.9-2020-q2-update.win32_2.0.0.202105311346/tools/bin/../lib/gcc/arm-none-eabi/9.3.1/thumb/v7-m/nofp/crti.o
 .data          0x0000000000000000        0x0 c:/st/stm32cubeide_1.7.0/stm32cubeide/plugins/com.st.stm32cube.ide.mcu.externaltools.gnu-tools-for-stm32.9-2020-q2-update.win32_2.0.0.202105311346/tools/bin/../lib/gcc/arm-none-eabi/9.3.1/thumb/v7-m/nofp/crti.o
 .bss           0x0000000000000000        0x0 c:/st/stm32cubeide_1.7.0/stm32cubeide/plugins/com.st.stm32cube.ide.mcu.externaltools.gnu-tools-for-stm32.9-2020-q2-update.win32_2.0.0.202105311346/tools/bin/../lib/gcc/arm-none-eabi/9.3.1/thumb/v7-m/nofp/crti.o
 .data          0x0000000000000000        0x4 c:/st/stm32cubeide_1.7.0/stm32cubeide/plugins/com.st.stm32cube.ide.mcu.externaltools.gnu-tools-for-stm32.9-2020-q2-update.win32_2.0.0.202105311346/tools/bin/../lib/gcc/arm-none-eabi/9.3.1/thumb/v7-m/nofp/crtbegin.o
 .text          0x0000000000000000       0x7c c:/st/stm32cubeide_1.7.0/stm32cubeide/plugins/com.st.stm32cube.ide.mcu.externaltools.gnu-tools-for-stm32.9-2020-q2-update.win32_2.0.0.202105311346/tools/bin/../lib/gcc/arm-none-eabi/9.3.1/../../../../arm-none-eabi/lib/thumb/v7-m/nofp/crt0.o
 .data          0x0000000000000000        0x0 c:/st/stm32cubeide_1.7.0/stm32cubeide/plugins/com.st.stm32cube.ide.mcu.externaltools.gnu-tools-for-stm32.9-2020-q2-update.win32_2.0.0.202105311346/tools/bin/../lib/gcc/arm-none-eabi/9.3.1/../../../../arm-none-eabi/lib/thumb/v7-m/nofp/crt0.o
[...]
Memory Configuration

Name             Origin             Length             Attributes
RAM              0x0000000020000000 0x0000000000005000 xrw
FLASH            0x0000000008000000 0x0000000000020000 xr
*default*        0x0000000000000000 0xffffffffffffffff

Linker script and memory map

LOAD c:/st/stm32cubeide_1.7.0/stm32cubeide/plugins/com.st.stm32cube.ide.mcu.externaltools.gnu-tools-for-stm32.9-2020-q2-update.win32_2.0.0.202105311346/tools/bin/../lib/gcc/arm-none-eabi/9.3.1/thumb/v7-m/nofp/crti.o
LOAD c:/st/stm32cubeide_1.7.0/stm32cubeide/plugins/com.st.stm32cube.ide.mcu.externaltools.gnu-tools-for-stm32.9-2020-q2-update.win32_2.0.0.202105311346/tools/bin/../lib/gcc/arm-none-eabi/9.3.1/thumb/v7-m/nofp/crtbegin.o
LOAD c:/st/stm32cubeide_1.7.0/stm32cubeide/plugins/com.st.stm32cube.ide.mcu.externaltools.gnu-tools-for-stm32.9-2020-q2-update.win32_2.0.0.202105311346/tools/bin/../lib/gcc/arm-none-eabi/9.3.1/../../../../arm-none-eabi/lib/thumb/v7-m/nofp/crt0.o
LOAD ./Core/Src/button.o
LOAD ./Core/Src/control.o
LOAD ./Core/Src/fsm_automatic.o
LOAD ./Core/Src/global.o
LOAD ./Core/Src/main.o
LOAD ./Core/Src/scheduler.o
LOAD ./Core/Src/stm32f1xx_hal_msp.o
LOAD ./Core/Src/stm32f1xx_it.o
LOAD ./Core/Src/syscalls.o
LOAD ./Core/Src/sysmem.o
LOAD ./Core/Src/system_stm32f1xx.o
LOAD ./Core/Src/timer.o
LOAD ./Core/Startup/startup_stm32f103rbtx.o
LOAD ./Drivers/STM32F1xx_HAL_Driver/Src/stm32f1xx_hal.o
LOAD ./Drivers/STM32F1xx_HAL_Driver/Src/stm32f1xx_hal_cortex.o
LOAD ./Drivers/STM32F1xx_HAL_Driver/Src/stm32f1xx_hal_dma.o
LOAD ./Drivers/STM32F1xx_HAL_Driver/Src/stm32f1xx_hal_exti.o
LOAD ./Drivers/STM32F1xx_HAL_Driver/Src/stm32f1xx_hal_flash.o
LOAD ./Drivers/STM32F1xx_HAL_Driver/Src/stm32f1xx_hal_flash_ex.o
LOAD ./Drivers/STM32F1xx_HAL_Driver/Src/stm32f1xx_hal_gpio.o
LOAD ./Drivers/STM32F1xx_HAL_Driver/Src/stm32f1xx_hal_gpio_ex.o
LOAD ./Drivers/STM32F1xx_HAL_Driver/Src/stm32f1xx_hal_pwr.o
LOAD ./Drivers/STM32F1xx_HAL_Driver/Src/stm32f1xx_hal_rcc.o
LOAD ./Drivers/STM32F1xx_HAL_Driver/Src/stm32f1xx_hal_rcc_ex.o
LOAD ./Drivers/STM32F1xx_HAL_Driver/Src/stm32f1xx_hal_tim.o
LOAD ./Drivers/STM32F1xx_HAL_Driver/Src/stm32f1xx_hal_tim_ex.o
LOAD ./Drivers/STM32F1xx_HAL_Driver/Src/stm32f1xx_hal_uart.o
START GROUP
LOAD c:/st/stm32cubeide_1.7.0/stm32cubeide/plugins/com.st.stm32cube.ide.mcu.externaltools.gnu-tools-for-stm32.9-2020-q2-update.win32_2.0.0.202105311346/tools/bin/../lib/gcc/arm-none-eabi/9.3.1/../../../../arm-none-eabi/lib/thumb/v7-m/nofp\libc_nano.a
LOAD c:/st/stm32cubeide_1.7.0/stm32cubeide/plugins/com.st.stm32cube.ide.mcu.externaltools.gnu-tools-for-stm32.9-2020-q2-update.win32_2.0.0.202105311346/tools/bin/../lib/gcc/arm-none-eabi/9.3.1/../../../../arm-none-eabi/lib/thumb/v7-m/nofp\libm.a
END GROUP
START GROUP
LOAD c:/st/stm32cubeide_1.7.0/stm32cubeide/plugins/com.st.stm32cube.ide.mcu.externaltools.gnu-tools-for-stm32.9-2020-q2-update.win32_2.0.0.202105311346/tools/bin/../lib/gcc/arm-none-eabi/9.3.1/thumb/v7-m/nofp\libgcc.a
LOAD c:/st/stm32cubeide_1.7.0/stm32cubeide/plugins/com.st.stm32cube.ide.mcu.externaltools.gnu-tools-for-stm32.9-2020-q2-update.win32_2.0.0.202105311346/tools/bin/../lib/gcc/arm-none-eabi/9.3.1/../../../../arm-none-eabi/lib/thumb/v7-m/nofp\libc_nano.a
END GROUP
START GROUP
LOAD c:/st/stm32cubeide_1.7.0/stm32cubeide/plugins/com.st.stm32cube.ide.mcu.externaltools.gnu-tools-for-stm32.9-2020-q2-update.win32_2.0.0.202105311346/tools/bin/../lib/gcc/arm-none-eabi/9.3.1/thumb/v7-m/nofp\libgcc.a
LOAD c:/st/stm32cubeide_1.7.0/stm32cubeide/plugins/com.st.stm32cube.ide.mcu.externaltools.gnu-tools-for-stm32.9-2020-q2-update.win32_2.0.0.202105311346/tools/bin/../lib/gcc/arm-none-eabi/9.3.1/../../../../arm-none-eabi/lib/thumb/v7-m/nofp\libc_nano.a
LOAD c:/st/stm32cubeide_1.7.0/stm32cubeide/plugins/com.st.stm32cube.ide.mcu.externaltools.gnu-tools-for-stm32.9-2020-q2-update.win32_2.0.0.202105311346/tools/bin/../lib/gcc/arm-none-eabi/9.3.1/../../../../arm-none-eabi/lib/thumb/v7-m/nofp\libnosys.a
END GROUP
START GROUP
LOAD c:/st/stm32cubeide_1.7.0/stm32cubeide/plugins/com.st.stm32cube.ide.mcu.externaltools.gnu-tools-for-stm32.9-2020-q2-update.win32_2.0.0.202105311346/tools/bin/../lib/gcc/arm-none-eabi/9.3.1/thumb/v7-m/nofp\libgcc.a
LOAD c:/st/stm32cubeide_1.7.0/stm32cubeide/plugins/com.st.stm32cube.ide.mcu.externaltools.gnu-tools-for-stm32.9-2020-q2-update.win32_2.0.0.202105311346/tools/bin/../lib/gcc/arm-none-eabi/9.3.1/../../../../arm-none-eabi/lib/thumb/v7-m/nofp\libc_nano.a
LOAD c:/st/stm32cubeide_1.7.0/stm32cubeide/plugins/com.st.stm32cube.ide.mcu.externaltools.gnu-tools-for-stm32.9-2020-q2-update.win32_2.0.0.202105311346/tools/bin/../lib/gcc/arm-none-eabi/9.3.1/../../../../arm-none-eabi/lib/thumb/v7-m/nofp\libnosys.a
END GROUP
LOAD c:/st/stm32cubeide_1.7.0/stm32cubeide/plugins/com.st.stm32cube.ide.mcu.externaltools.gnu-tools-for-stm32.9-2020-q2-update.win32_2.0.0.202105311346/tools/bin/../lib/gcc/arm-none-eabi/9.3.1/thumb/v7-m/nofp/crtend.o
LOAD c:/st/stm32cubeide_1.7.0/stm32cubeide/plugins/com.st.stm32cube.ide.mcu.externaltools.gnu-tools-for-stm32.9-2020-q2-update.win32_2.0.0.202105311346/tools/bin/../lib/gcc/arm-none-eabi/9.3.1/thumb/v7-m/nofp/crtn.o
                0x0000000020005000                _estack = (ORIGIN (RAM) + LENGTH (RAM))
                0x0000000000000200                _Min_Heap_Size = 0x200
                0x0000000000000400                _Min_Stack_Size = 0x400

.isr_vector     0x0000000008000000      0x10c
                0x0000000008000000                . = ALIGN (0x4)
 *(.isr_vector)
 .isr_vector    0x0000000008000000      0x10c ./Core/Startup/startup_stm32f103rbtx.o
                0x0000000008000000                g_pfnVectors
                0x000000000800010c                . = ALIGN (0x4)

.text           0x000000000800010c     0x3a7c
                0x000000000800010c                . = ALIGN (0x4)
 *(.text)
 .text          0x000000000800010c       0x40 c:/st/stm32cubeide_1.7.0/stm32cubeide/plugins/com.st.stm32cube.ide.mcu.externaltools.gnu-tools-for-stm32.9-2020-q2-update.win32_2.0.0.202105311346/tools/bin/../lib/gcc/arm-none-eabi/9.3.1/thumb/v7-m/nofp/crtbegin.o
 *(.text*)
 .text.getKeyInput1
                0x000000000800014c       0x7c ./Core/Src/button.o
                0x000000000800014c                getKeyInput1
 .text.getKeyInput2
                0x00000000080001c8       0x7c ./Core/Src/button.o
                0x00000000080001c8                getKeyInput2
 .text.getKeyInput3
                0x0000000008000244       0x7c ./Core/Src/button.o
                0x0000000008000244                getKeyInput3
 .text.getKeyInput4
                0x00000000080002c0       0x7c ./Core/Src/button.o
                0x00000000080002c0                getKeyInput4
 .text.control_unit
                0x000000000800033c       0xd4 ./Core/Src/control.o
                0x000000000800033c                control_unit
 .text.fsm_automatic_run
                0x0000000008000410      0x258 ./Core/Src/fsm_automatic.o
                0x0000000008000410                fsm_automatic_run
 .text.fsm_automatic_run2
                0x0000000008000668      0x118 ./Core/Src/fsm_automatic.o
                0x0000000008000668                fsm_automatic_run2
 .text.fsm_automatic_run3
                0x0000000008000780       0xd4 ./Core/Src/fsm_automatic.o
                0x0000000008000780                fsm_automatic_run3
 .text.fsm_automatic_run4
                0x0000000008000854      0x170 ./Core/Src/fsm_automatic.o
                0x0000000008000854                fsm_automatic_run4
 .text.main     0x00000000080009c4       0xc8 ./Core/Src/main.o
                0x00000000080009c4                main
 .text.SystemClock_Config
                0x0000000008000a8c       0x82 ./Core/Src/main.o
                0x0000000008000a8c                SystemClock_Config
 *fill*         0x0000000008000b0e        0x2 
 .text.MX_TIM2_Init
                0x0000000008000b10       0x98 ./Core/Src/main.o
 .text.MX_TIM3_Init
                0x0000000008000ba8       0xb4 ./Core/Src/main.o
 .text.MX_USART2_UART_Init
                0x0000000008000c5c       0x54 ./Core/Src/main.o
 .text.MX_GPIO_Init
                0x0000000008000cb0       0xdc ./Core/Src/main.o
 .text.HAL_TIM_PeriodElapsedCallback
                0x0000000008000d8c       0x20 ./Core/Src/main.o
                0x0000000008000d8c                HAL_TIM_PeriodElapsedCallback
 .text.Error_Handler
                0x0000000008000dac        0xa ./Core/Src/main.o
                0x0000000008000dac                Error_Handler
 *fill*         0x0000000008000db6        0x2 
 .text.SCH_Init
                0x0000000008000db8       0x34 ./Core/Src/scheduler.o
                0x0000000008000db8                SCH_Init
 .text.SCH_Update
                0x0000000008000dec       0xe0 ./Core/Src/scheduler.o
                0x0000000008000dec                SCH_Update
 .text.SCH_Add_Task
                0x0000000008000ecc       0xa4 ./Core/Src/scheduler.o
                0x0000000008000ecc                SCH_Add_Task
 .text.SCH_Dispatch_Tasks
                0x0000000008000f70       0x98 ./Core/Src/scheduler.o
                0x0000000008000f70                SCH_Dispatch_Tasks
 .text.SCH_Delete_Task
                0x0000000008001008       0x98 ./Core/Src/scheduler.o
                0x0000000008001008                SCH_Delete_Task
 .text.HAL_MspInit
                0x00000000080010a0       0x64 ./Core/Src/stm32f1xx_hal_msp.o
                0x00000000080010a0                HAL_MspInit
 .text.HAL_TIM_Base_MspInit
                0x0000000008001104       0x48 ./Core/Src/stm32f1xx_hal_msp.o
                0x0000000008001104                HAL_TIM_Base_MspInit
 .text.HAL_TIM_PWM_MspInit
                0x000000000800114c       0x3c ./Core/Src/stm32f1xx_hal_msp.o
                0x000000000800114c                HAL_TIM_PWM_MspInit
 .text.HAL_TIM_MspPostInit
                0x0000000008001188       0x64 ./Core/Src/stm32f1xx_hal_msp.o
                0x0000000008001188                HAL_TIM_MspPostInit
 .text.HAL_UART_MspInit
                0x00000000080011ec       0xa4 ./Core/Src/stm32f1xx_hal_msp.o
                0x00000000080011ec                HAL_UART_MspInit
 .text.NMI_Handler
                0x0000000008001290        0x6 ./Core/Src/stm32f1xx_it.o
                0x0000000008001290                NMI_Handler
 .text.HardFault_Handler
                0x0000000008001296        0x6 ./Core/Src/stm32f1xx_it.o
                0x0000000008001296                HardFault_Handler
 .text.MemManage_Handler
                0x000000000800129c        0x6 ./Core/Src/stm32f1xx_it.o
                0x000000000800129c                MemManage_Handler
 .text.BusFault_Handler
                0x00000000080012a2        0x6 ./Core/Src/stm32f1xx_it.o
                0x00000000080012a2                BusFault_Handler
 .text.UsageFault_Handler
                0x00000000080012a8        0x6 ./Core/Src/stm32f1xx_it.o
                0x00000000080012a8                UsageFault_Handler
 .text.SVC_Handler
                0x00000000080012ae        0xc ./Core/Src/stm32f1xx_it.o
                0x00000000080012ae                SVC_Handler
 .text.DebugMon_Handler
                0x00000000080012ba        0xc ./Core/Src/stm32f1xx_it.o
                0x00000000080012ba                DebugMon_Handler
 .text.PendSV_Handler
                0x00000000080012c6        0xc ./Core/Src/stm32f1xx_it.o
                0x00000000080012c6                PendSV_Handler
 .text.SysTick_Handler
                0x00000000080012d2        0xc ./Core/Src/stm32f1xx_it.o
                0x00000000080012d2                SysTick_Handler
 *fill*         0x00000000080012de        0x2 
 .text.TIM2_IRQHandler
                0x00000000080012e0       0x14 ./Core/Src/stm32f1xx_it.o
                0x00000000080012e0                TIM2_IRQHandler
 .text.USART2_IRQHandler
                0x00000000080012f4       0x14 ./Core/Src/stm32f1xx_it.o
                0x00000000080012f4                USART2_IRQHandler
 .text.SystemInit
                0x0000000008001308        0xc ./Core/Src/system_stm32f1xx.o
                0x0000000008001308                SystemInit
 .text.setTimer1
                0x0000000008001314       0x34 ./Core/Src/timer.o
                0x0000000008001314                setTimer1
 .text.setTimer2
                0x0000000008001348       0x34 ./Core/Src/timer.o
                0x0000000008001348                setTimer2
 .text.setTimer3
                0x000000000800137c       0x34 ./Core/Src/timer.o
                0x000000000800137c                setTimer3
 .text.timer_run
                0x00000000080013b0       0x34 ./Core/Src/timer.o
                0x00000000080013b0                timer_run
 .text.timer_run2
                0x00000000080013e4       0x34 ./Core/Src/timer.o
                0x00000000080013e4                timer_run2
 .text.timer_run3
                0x0000000008001418       0x34 ./Core/Src/timer.o
                0x0000000008001418                timer_run3
 .text.Reset_Handler
                0x000000000800144c       0x48 ./Core/Startup/startup_stm32f103rbtx.o
                0x000000000800144c                Reset_Handler
 .text.Default_Handler
                0x0000000008001494        0x2 ./Core/Startup/startup_stm32f103rbtx.o
                0x0000000008001494                RTC_Alarm_IRQHandler
                0x0000000008001494                EXTI2_IRQHandler
                0x0000000008001494                TIM1_CC_IRQHandler
                0x0000000008001494                PVD_IRQHandler
                0x0000000008001494                EXTI3_IRQHandler
                0x0000000008001494                EXTI0_IRQHandler
                0x0000000008001494                I2C2_EV_IRQHandler
                0x0000000008001494                ADC1_2_IRQHandler
                0x0000000008001494                SPI1_IRQHandler
                0x0000000008001494                TAMPER_IRQHandler
                0x0000000008001494                DMA1_Channel4_IRQHandler
                0x0000000008001494                USART3_IRQHandler
                0x0000000008001494                RTC_IRQHandler
                0x0000000008001494                DMA1_Channel7_IRQHandler
                0x0000000008001494                CAN1_RX1_IRQHandler
                0x0000000008001494                TIM4_IRQHandler
                0x0000000008001494                I2C1_EV_IRQHandler
                0x0000000008001494                DMA1_Channel6_IRQHandler
                0x0000000008001494                TIM3_IRQHandler
                0x0000000008001494                RCC_IRQHandler
                0x0000000008001494                TIM1_TRG_COM_IRQHandler
                0x0000000008001494                DMA1_Channel1_IRQHandler
                0x0000000008001494                Default_Handler
                0x0000000008001494                EXTI15_10_IRQHandler
                0x0000000008001494                EXTI9_5_IRQHandler
                0x0000000008001494                SPI2_IRQHandler
                0x0000000008001494                DMA1_Channel5_IRQHandler
                0x0000000008001494                EXTI4_IRQHandler
                0x0000000008001494                USB_LP_CAN1_RX0_IRQHandler
                0x0000000008001494                USB_HP_CAN1_TX_IRQHandler
                0x0000000008001494                DMA1_Channel3_IRQHandler
                0x0000000008001494                TIM1_UP_IRQHandler
                0x0000000008001494                WWDG_IRQHandler
                0x0000000008001494                TIM1_BRK_IRQHandler
                0x0000000008001494                EXTI1_IRQHandler
                0x0000000008001494                I2C2_ER_IRQHandler
                0x0000000008001494                DMA1_Channel2_IRQHandler
                0x0000000008001494                CAN1_SCE_IRQHandler
                0x0000000008001494                FLASH_IRQHandler
                0x0000000008001494                USART1_IRQHandler
                0x0000000008001494                I2C1_ER_IRQHandler
                0x0000000008001494                USBWakeUp_IRQHandler
 *fill*         0x0000000008001496        0x2 
 .text.HAL_Init
                0x0000000008001498       0x2c ./Drivers/STM32F1xx_HAL_Driver/Src/stm32f1xx_hal.o
                0x0000000008001498                HAL_Init
 .text.HAL_InitTick
                0x00000000080014c4       0x60 ./Drivers/STM32F1xx_HAL_Driver/Src/stm32f1xx_hal.o
                0x00000000080014c4                HAL_InitTick
 .text.HAL_IncTick
                0x0000000008001524       0x24 ./Drivers/STM32F1xx_HAL_Driver/Src/stm32f1xx_hal.o
                0x0000000008001524                HAL_IncTick
 .text.HAL_GetTick
                0x0000000008001548       0x14 ./Drivers/STM32F1xx_HAL_Driver/Src/stm32f1xx_hal.o
                0x0000000008001548                HAL_GetTick
 .text.__NVIC_SetPriorityGrouping
                0x000000000800155c       0x48 ./Drivers/STM32F1xx_HAL_Driver/Src/stm32f1xx_hal_cortex.o
 .text.__NVIC_GetPriorityGrouping
                0x00000000080015a4       0x1c ./Drivers/STM32F1xx_HAL_Driver/Src/stm32f1xx_hal_cortex.o
 .text.__NVIC_EnableIRQ
                0x00000000080015c0       0x38 ./Drivers/STM32F1xx_HAL_Driver/Src/stm32f1xx_hal_cortex.o
 .text.__NVIC_SetPriority
                0x00000000080015f8       0x54 ./Drivers/STM32F1xx_HAL_Driver/Src/stm32f1xx_hal_cortex.o
 .text.NVIC_EncodePriority
                0x000000000800164c       0x64 ./Drivers/STM32F1xx_HAL_Driver/Src/stm32f1xx_hal_cortex.o
 .text.SysTick_Config
                0x00000000080016b0       0x44 ./Drivers/STM32F1xx_HAL_Driver/Src/stm32f1xx_hal_cortex.o
 .text.HAL_NVIC_SetPriorityGrouping
                0x00000000080016f4       0x16 ./Drivers/STM32F1xx_HAL_Driver/Src/stm32f1xx_hal_cortex.o
                0x00000000080016f4                HAL_NVIC_SetPriorityGrouping
 .text.HAL_NVIC_SetPriority
                0x000000000800170a       0x38 ./Drivers/STM32F1xx_HAL_Driver/Src/stm32f1xx_hal_cortex.o
                0x000000000800170a                HAL_NVIC_SetPriority
 .text.HAL_NVIC_EnableIRQ
                0x0000000008001742       0x1c ./Drivers/STM32F1xx_HAL_Driver/Src/stm32f1xx_hal_cortex.o
                0x0000000008001742                HAL_NVIC_EnableIRQ
 .text.HAL_SYSTICK_Config
                0x000000000800175e       0x18 ./Drivers/STM32F1xx_HAL_Driver/Src/stm32f1xx_hal_cortex.o
                0x000000000800175e                HAL_SYSTICK_Config
 .text.HAL_DMA_Abort
                0x0000000008001776       0x74 ./Drivers/STM32F1xx_HAL_Driver/Src/stm32f1xx_hal_dma.o
                0x0000000008001776                HAL_DMA_Abort
 *fill*         0x00000000080017ea        0x2 
 .text.HAL_DMA_Abort_IT
                0x00000000080017ec       0xec ./Drivers/STM32F1xx_HAL_Driver/Src/stm32f1xx_hal_dma.o
                0x00000000080017ec                HAL_DMA_Abort_IT
 .text.HAL_GPIO_Init
                0x00000000080018d8      0x308 ./Drivers/STM32F1xx_HAL_Driver/Src/stm32f1xx_hal_gpio.o
                0x00000000080018d8                HAL_GPIO_Init
 .text.HAL_GPIO_ReadPin
                0x0000000008001be0       0x2e ./Drivers/STM32F1xx_HAL_Driver/Src/stm32f1xx_hal_gpio.o
                0x0000000008001be0                HAL_GPIO_ReadPin
 .text.HAL_GPIO_WritePin
                0x0000000008001c0e       0x30 ./Drivers/STM32F1xx_HAL_Driver/Src/stm32f1xx_hal_gpio.o
                0x0000000008001c0e                HAL_GPIO_WritePin
 *fill*         0x0000000008001c3e        0x2 
 .text.HAL_RCC_OscConfig
                0x0000000008001c40      0x500 ./Drivers/STM32F1xx_HAL_Driver/Src/stm32f1xx_hal_rcc.o
                0x0000000008001c40                HAL_RCC_OscConfig
 .text.HAL_RCC_ClockConfig
                0x0000000008002140      0x1d4 ./Drivers/STM32F1xx_HAL_Driver/Src/stm32f1xx_hal_rcc.o
                0x0000000008002140                HAL_RCC_ClockConfig
 .text.HAL_RCC_GetSysClockFreq
                0x0000000008002314       0xc0 ./Drivers/STM32F1xx_HAL_Driver/Src/stm32f1xx_hal_rcc.o
                0x0000000008002314                HAL_RCC_GetSysClockFreq
 .text.HAL_RCC_GetHCLKFreq
                0x00000000080023d4       0x14 ./Drivers/STM32F1xx_HAL_Driver/Src/stm32f1xx_hal_rcc.o
                0x00000000080023d4                HAL_RCC_GetHCLKFreq
 .text.HAL_RCC_GetPCLK1Freq
                0x00000000080023e8       0x28 ./Drivers/STM32F1xx_HAL_Driver/Src/stm32f1xx_hal_rcc.o
                0x00000000080023e8                HAL_RCC_GetPCLK1Freq
 .text.HAL_RCC_GetPCLK2Freq
                0x0000000008002410       0x28 ./Drivers/STM32F1xx_HAL_Driver/Src/stm32f1xx_hal_rcc.o
                0x0000000008002410                HAL_RCC_GetPCLK2Freq
 .text.RCC_Delay
                0x0000000008002438       0x3c ./Drivers/STM32F1xx_HAL_Driver/Src/stm32f1xx_hal_rcc.o
 .text.HAL_TIM_Base_Init
                0x0000000008002474       0x9e ./Drivers/STM32F1xx_HAL_Driver/Src/stm32f1xx_hal_tim.o
                0x0000000008002474                HAL_TIM_Base_Init
 *fill*         0x0000000008002512        0x2 
 .text.HAL_TIM_Base_Start_IT
                0x0000000008002514       0xa4 ./Drivers/STM32F1xx_HAL_Driver/Src/stm32f1xx_hal_tim.o
                0x0000000008002514                HAL_TIM_Base_Start_IT
 .text.HAL_TIM_PWM_Init
                0x00000000080025b8       0x9e ./Drivers/STM32F1xx_HAL_Driver/Src/stm32f1xx_hal_tim.o
                0x00000000080025b8                HAL_TIM_PWM_Init
 *fill*         0x0000000008002656        0x2 
 .text.HAL_TIM_PWM_Start
                0x0000000008002658      0x144 ./Drivers/STM32F1xx_HAL_Driver/Src/stm32f1xx_hal_tim.o
                0x0000000008002658                HAL_TIM_PWM_Start
 .text.HAL_TIM_IRQHandler
                0x000000000800279c      0x210 ./Drivers/STM32F1xx_HAL_Driver/Src/stm32f1xx_hal_tim.o
                0x000000000800279c                HAL_TIM_IRQHandler
 .text.HAL_TIM_PWM_ConfigChannel
                0x00000000080029ac      0x17c ./Drivers/STM32F1xx_HAL_Driver/Src/stm32f1xx_hal_tim.o
                0x00000000080029ac                HAL_TIM_PWM_ConfigChannel
 .text.HAL_TIM_ConfigClockSource
                0x0000000008002b28      0x188 ./Drivers/STM32F1xx_HAL_Driver/Src/stm32f1xx_hal_tim.o
                0x0000000008002b28                HAL_TIM_ConfigClockSource
 .text.HAL_TIM_OC_DelayElapsedCallback
                0x0000000008002cb0       0x12 ./Drivers/STM32F1xx_HAL_Driver/Src/stm32f1xx_hal_tim.o
                0x0000000008002cb0                HAL_TIM_OC_DelayElapsedCallback
 .text.HAL_TIM_IC_CaptureCallback
                0x0000000008002cc2       0x12 ./Drivers/STM32F1xx_HAL_Driver/Src/stm32f1xx_hal_tim.o
                0x0000000008002cc2                HAL_TIM_IC_CaptureCallback
 .text.HAL_TIM_PWM_PulseFinishedCallback
                0x0000000008002cd4       0x12 ./Drivers/STM32F1xx_HAL_Driver/Src/stm32f1xx_hal_tim.o
                0x0000000008002cd4                HAL_TIM_PWM_PulseFinishedCallback
 .text.HAL_TIM_TriggerCallback
                0x0000000008002ce6       0x12 ./Drivers/STM32F1xx_HAL_Driver/Src/stm32f1xx_hal_tim.o
                0x0000000008002ce6                HAL_TIM_TriggerCallback
 .text.TIM_Base_SetConfig
                0x0000000008002cf8       0xc4 ./Drivers/STM32F1xx_HAL_Driver/Src/stm32f1xx_hal_tim.o
                0x0000000008002cf8                TIM_Base_SetConfig
 .text.TIM_OC1_SetConfig
                0x0000000008002dbc       0xcc ./Drivers/STM32F1xx_HAL_Driver/Src/stm32f1xx_hal_tim.o
 .text.TIM_OC2_SetConfig
                0x0000000008002e88       0xd4 ./Drivers/STM32F1xx_HAL_Driver/Src/stm32f1xx_hal_tim.o
                0x0000000008002e88                TIM_OC2_SetConfig
 .text.TIM_OC3_SetConfig
                0x0000000008002f5c       0xd4 ./Drivers/STM32F1xx_HAL_Driver/Src/stm32f1xx_hal_tim.o
 .text.TIM_OC4_SetConfig
                0x0000000008003030       0x9c ./Drivers/STM32F1xx_HAL_Driver/Src/stm32f1xx_hal_tim.o
 .text.TIM_TI1_ConfigInputStage
                0x00000000080030cc       0x5c ./Drivers/STM32F1xx_HAL_Driver/Src/stm32f1xx_hal_tim.o
 .text.TIM_TI2_ConfigInputStage
                0x0000000008003128       0x5e ./Drivers/STM32F1xx_HAL_Driver/Src/stm32f1xx_hal_tim.o
 .text.TIM_ITRx_SetConfig
                0x0000000008003186       0x34 ./Drivers/STM32F1xx_HAL_Driver/Src/stm32f1xx_hal_tim.o
 .text.TIM_ETR_SetConfig
                0x00000000080031ba       0x3e ./Drivers/STM32F1xx_HAL_Driver/Src/stm32f1xx_hal_tim.o
                0x00000000080031ba                TIM_ETR_SetConfig
 .text.TIM_CCxChannelCmd
                0x00000000080031f8       0x48 ./Drivers/STM32F1xx_HAL_Driver/Src/stm32f1xx_hal_tim.o
                0x00000000080031f8                TIM_CCxChannelCmd
 .text.HAL_TIMEx_MasterConfigSynchronization
                0x0000000008003240       0xbc ./Drivers/STM32F1xx_HAL_Driver/Src/stm32f1xx_hal_tim_ex.o
                0x0000000008003240                HAL_TIMEx_MasterConfigSynchronization
 .text.HAL_TIMEx_CommutCallback
                0x00000000080032fc       0x12 ./Drivers/STM32F1xx_HAL_Driver/Src/stm32f1xx_hal_tim_ex.o
                0x00000000080032fc                HAL_TIMEx_CommutCallback
 .text.HAL_TIMEx_BreakCallback
                0x000000000800330e       0x12 ./Drivers/STM32F1xx_HAL_Driver/Src/stm32f1xx_hal_tim_ex.o
                0x000000000800330e                HAL_TIMEx_BreakCallback
 .text.HAL_UART_Init
                0x0000000008003320       0x9a ./Drivers/STM32F1xx_HAL_Driver/Src/stm32f1xx_hal_uart.o
                0x0000000008003320                HAL_UART_Init
 *fill*         0x00000000080033ba        0x2 
 .text.HAL_UART_IRQHandler
                0x00000000080033bc      0x354 ./Drivers/STM32F1xx_HAL_Driver/Src/stm32f1xx_hal_uart.o
                0x00000000080033bc                HAL_UART_IRQHandler
 .text.HAL_UART_TxCpltCallback
                0x0000000008003710       0x12 ./Drivers/STM32F1xx_HAL_Driver/Src/stm32f1xx_hal_uart.o
                0x0000000008003710                HAL_UART_TxCpltCallback
 .text.HAL_UART_RxCpltCallback
                0x0000000008003722       0x12 ./Drivers/STM32F1xx_HAL_Driver/Src/stm32f1xx_hal_uart.o
                0x0000000008003722                HAL_UART_RxCpltCallback
 .text.HAL_UART_ErrorCallback
                0x0000000008003734       0x12 ./Drivers/STM32F1xx_HAL_Driver/Src/stm32f1xx_hal_uart.o
                0x0000000008003734                HAL_UART_ErrorCallback
 .text.HAL_UARTEx_RxEventCallback
                0x0000000008003746       0x16 ./Drivers/STM32F1xx_HAL_Driver/Src/stm32f1xx_hal_uart.o
                0x0000000008003746                HAL_UARTEx_RxEventCallback
 .text.UART_EndRxTransfer
                0x000000000800375c       0x58 ./Drivers/STM32F1xx_HAL_Driver/Src/stm32f1xx_hal_uart.o
 .text.UART_DMAAbortOnError
                0x00000000080037b4       0x28 ./Drivers/STM32F1xx_HAL_Driver/Src/stm32f1xx_hal_uart.o
 .text.UART_Transmit_IT
                0x00000000080037dc       0x9e ./Drivers/STM32F1xx_HAL_Driver/Src/stm32f1xx_hal_uart.o
 .text.UART_EndTransmit_IT
                0x000000000800387a       0x30 ./Drivers/STM32F1xx_HAL_Driver/Src/stm32f1xx_hal_uart.o
 .text.UART_Receive_IT
                0x00000000080038aa      0x152 ./Drivers/STM32F1xx_HAL_Driver/Src/stm32f1xx_hal_uart.o
 .text.UART_SetConfig
                0x00000000080039fc      0x11c ./Drivers/STM32F1xx_HAL_Driver/Src/stm32f1xx_hal_uart.o
 .text.__libc_init_array
                0x0000000008003b18       0x48 c:/st/stm32cubeide_1.7.0/stm32cubeide/plugins/com.st.stm32cube.ide.mcu.externaltools.gnu-tools-for-stm32.9-2020-q2-update.win32_2.0.0.202105311346/tools/bin/../lib/gcc/arm-none-eabi/9.3.1/../../../../arm-none-eabi/lib/thumb/v7-m/nofp\libc_nano.a(lib_a-init.o)
                0x0000000008003b18                __libc_init_array
 .text.memset   0x0000000008003b60       0x10 c:/st/stm32cubeide_1.7.0/stm32cubeide/plugins/com.st.stm32cube.ide.mcu.externaltools.gnu-tools-for-stm32.9-2020-q2-update.win32_2.0.0.202105311346/tools/bin/../lib/gcc/arm-none-eabi/9.3.1/../../../../arm-none-eabi/lib/thumb/v7-m/nofp\libc_nano.a(lib_a-memset.o)
                0x0000000008003b60                memset
 *(.glue_7)
 .glue_7        0x0000000008003b70        0x0 linker stubs
 *(.glue_7t)
 .glue_7t       0x0000000008003b70        0x0 linker stubs
 *(.eh_frame)
 .eh_frame      0x0000000008003b70        0x0 c:/st/stm32cubeide_1.7.0/stm32cubeide/plugins/com.st.stm32cube.ide.mcu.externaltools.gnu-tools-for-stm32.9-2020-q2-update.win32_2.0.0.202105311346/tools/bin/../lib/gcc/arm-none-eabi/9.3.1/thumb/v7-m/nofp/crtbegin.o
 *(.init)
 .init          0x0000000008003b70        0x4 c:/st/stm32cubeide_1.7.0/stm32cubeide/plugins/com.st.stm32cube.ide.mcu.externaltools.gnu-tools-for-stm32.9-2020-q2-update.win32_2.0.0.202105311346/tools/bin/../lib/gcc/arm-none-eabi/9.3.1/thumb/v7-m/nofp/crti.o
                0x0000000008003b70                _init
 .init          0x0000000008003b74        0x8 c:/st/stm32cubeide_1.7.0/stm32cubeide/plugins/com.st.stm32cube.ide.mcu.externaltools.gnu-tools-for-stm32.9-2020-q2-update.win32_2.0.0.202105311346/tools/bin/../lib/gcc/arm-none-eabi/9.3.1/thumb/v7-m/nofp/crtn.o
 *(.fini)
 .fini          0x0000000008003b7c        0x4 c:/st/stm32cubeide_1.7.0/stm32cubeide/plugins/com.st.stm32cube.ide.mcu.externaltools.gnu-tools-for-stm32.9-2020-q2-update.win32_2.0.0.202105311346/tools/bin/../lib/gcc/arm-none-eabi/9.3.1/thumb/v7-m/nofp/crti.o
                0x0000000008003b7c                _fini
 .fini          0x0000000008003b80        0x8 c:/st/stm32cubeide_1.7.0/stm32cubeide/plugins/com.st.stm32cube.ide.mcu.externaltools.gnu-tools-for-stm32.9-2020-q2-update.win32_2.0.0.202105311346/tools/bin/../lib/gcc/arm-none-eabi/9.3.1/thumb/v7-m/nofp/crtn.o
                0x0000000008003b88                . = ALIGN (0x4)
                0x0000000008003b88                _etext = .

.vfp11_veneer   0x0000000008003b88        0x0
 .vfp11_veneer  0x0000000008003b88        0x0 linker stubs

.v4_bx          0x0000000008003b88        0x0
 .v4_bx         0x0000000008003b88        0x0 linker stubs

.iplt           0x0000000008003b88        0x0
 .iplt          0x0000000008003b88        0x0 c:/st/stm32cubeide_1.7.0/stm32cubeide/plugins/com.st.stm32cube.ide.mcu.externaltools.gnu-tools-for-stm32.9-2020-q2-update.win32_2.0.0.202105311346/tools/bin/../lib/gcc/arm-none-eabi/9.3.1/thumb/v7-m/nofp/crtbegin.o

.rodata         0x0000000008003b88       0x28
                0x0000000008003b88                . = ALIGN (0x4)
 *(.rodata)
 .rodata        0x0000000008003b88       0x10 ./Drivers/STM32F1xx_HAL_Driver/Src/stm32f1xx_hal_rcc.o
 *(.rodata*)
 .rodata.AHBPrescTable
                0x0000000008003b98       0x10 ./Core/Src/system_stm32f1xx.o
                0x0000000008003b98                AHBPrescTable
 .rodata.APBPrescTable
                0x0000000008003ba8        0x8 ./Core/Src/system_stm32f1xx.o
                0x0000000008003ba8                APBPrescTable
                0x0000000008003bb0                . = ALIGN (0x4)

.rel.dyn        0x0000000008003bb0        0x0
 .rel.iplt      0x0000000008003bb0        0x0 c:/st/stm32cubeide_1.7.0/stm32cubeide/plugins/com.st.stm32cube.ide.mcu.externaltools.gnu-tools-for-stm32.9-2020-q2-update.win32_2.0.0.202105311346/tools/bin/../lib/gcc/arm-none-eabi/9.3.1/thumb/v7-m/nofp/crtbegin.o

.ARM.extab      0x0000000008003bb0        0x0
                0x0000000008003bb0                . = ALIGN (0x4)
 *(.ARM.extab* .gnu.linkonce.armextab.*)
                0x0000000008003bb0                . = ALIGN (0x4)

.ARM            0x0000000008003bb0        0x0
                0x0000000008003bb0                . = ALIGN (0x4)
                0x0000000008003bb0                __exidx_start = .
 *(.ARM.exidx*)
                0x0000000008003bb0                __exidx_end = .
                0x0000000008003bb0                . = ALIGN (0x4)

.preinit_array  0x0000000008003bb0        0x0
                0x0000000008003bb0                . = ALIGN (0x4)
                0x0000000008003bb0                PROVIDE (__preinit_array_start = .)
 *(.preinit_array*)
                0x0000000008003bb0                PROVIDE (__preinit_array_end = .)
                0x0000000008003bb0                . = ALIGN (0x4)

.init_array     0x0000000008003bb0        0x4
                0x0000000008003bb0                . = ALIGN (0x4)
                0x0000000008003bb0                PROVIDE (__init_array_start = .)
 *(SORT_BY_NAME(.init_array.*))
 *(.init_array*)
 .init_array    0x0000000008003bb0        0x4 c:/st/stm32cubeide_1.7.0/stm32cubeide/plugins/com.st.stm32cube.ide.mcu.externaltools.gnu-tools-for-stm32.9-2020-q2-update.win32_2.0.0.202105311346/tools/bin/../lib/gcc/arm-none-eabi/9.3.1/thumb/v7-m/nofp/crtbegin.o
                0x0000000008003bb4                PROVIDE (__init_array_end = .)
                0x0000000008003bb4                . = ALIGN (0x4)

.fini_array     0x0000000008003bb4        0x4
                0x0000000008003bb4                . = ALIGN (0x4)
                [!provide]                        PROVIDE (__fini_array_start = .)
 *(SORT_BY_NAME(.fini_array.*))
 *(.fini_array*)
 .fini_array    0x0000000008003bb4        0x4 c:/st/stm32cubeide_1.7.0/stm32cubeide/plugins/com.st.stm32cube.ide.mcu.externaltools.gnu-tools-for-stm32.9-2020-q2-update.win32_2.0.0.202105311346/tools/bin/../lib/gcc/arm-none-eabi/9.3.1/thumb/v7-m/nofp/crtbegin.o
                [!provide]                        PROVIDE (__fini_array_end = .)
                0x0000000008003bb8                . = ALIGN (0x4)
                0x0000000008003bb8                _sidata = LOADADDR (.data)

.data           0x0000000020000000       0x54 load address 0x0000000008003bb8
                0x0000000020000000                . = ALIGN (0x4)
                0x0000000020000000                _sdata = .
 *(.data)
 *(.data*)
 .data.key01    0x0000000020000000        0x4 ./Core/Src/button.o
                0x0000000020000000                key01
 .data.key11    0x0000000020000004        0x4 ./Core/Src/button.o
                0x0000000020000004                key11
 .data.key21    0x0000000020000008        0x4 ./Core/Src/button.o
                0x0000000020000008                key21
 .data.key31    0x000000002000000c        0x4 ./Core/Src/button.o
                0x000000002000000c                key31
 .data.key03    0x0000000020000010        0x4 ./Core/Src/button.o
                0x0000000020000010                key03
 .data.key13    0x0000000020000014        0x4 ./Core/Src/button.o
                0x0000000020000014                key13
 .data.key23    0x0000000020000018        0x4 ./Core/Src/button.o
                0x0000000020000018                key23
 .data.key33    0x000000002000001c        0x4 ./Core/Src/button.o
                0x000000002000001c                key33
 .data.key02    0x0000000020000020        0x4 ./Core/Src/button.o
                0x0000000020000020                key02
 .data.key12    0x0000000020000024        0x4 ./Core/Src/button.o
                0x0000000020000024                key12
 .data.key22    0x0000000020000028        0x4 ./Core/Src/button.o
                0x0000000020000028                key22
 .data.key32    0x000000002000002c        0x4 ./Core/Src/button.o
                0x000000002000002c                key32
 .data.key04    0x0000000020000030        0x4 ./Core/Src/button.o
                0x0000000020000030                key04
 .data.key14    0x0000000020000034        0x4 ./Core/Src/button.o
                0x0000000020000034                key14
 .data.key24    0x0000000020000038        0x4 ./Core/Src/button.o
                0x0000000020000038                key24
 .data.key34    0x000000002000003c        0x4 ./Core/Src/button.o
                0x000000002000003c                key34
 .data.mode     0x0000000020000040        0x4 ./Core/Src/global.o
                0x0000000020000040                mode
 .data.SystemCoreClock
                0x0000000020000044        0x4 ./Core/Src/system_stm32f1xx.o
                0x0000000020000044                SystemCoreClock
 .data.timer_cycle
                0x0000000020000048        0x4 ./Core/Src/timer.o
                0x0000000020000048                timer_cycle
 .data.uwTickPrio
                0x000000002000004c        0x4 ./Drivers/STM32F1xx_HAL_Driver/Src/stm32f1xx_hal.o
                0x000000002000004c                uwTickPrio
 .data.uwTickFreq
                0x0000000020000050        0x1 ./Drivers/STM32F1xx_HAL_Driver/Src/stm32f1xx_hal.o
                0x0000000020000050                uwTickFreq
 *(.RamFunc)
 *(.RamFunc*)
                0x0000000020000054                . = ALIGN (0x4)
 *fill*         0x0000000020000051        0x3 
                0x0000000020000054                _edata = .

.igot.plt       0x0000000020000054        0x0 load address 0x0000000008003c0c
 .igot.plt      0x0000000020000054        0x0 c:/st/stm32cubeide_1.7.0/stm32cubeide/plugins/com.st.stm32cube.ide.mcu.externaltools.gnu-tools-for-stm32.9-2020-q2-update.win32_2.0.0.202105311346/tools/bin/../lib/gcc/arm-none-eabi/9.3.1/thumb/v7-m/nofp/crtbegin.o
                0x0000000020000054                . = ALIGN (0x4)

.bss            0x0000000020000054      0x468 load address 0x0000000008003c0c
                0x0000000020000054                _sbss = .
                0x0000000020000054                __bss_start__ = _sbss
 *(.bss)
 .bss           0x0000000020000054       0x1c c:/st/stm32cubeide_1.7.0/stm32cubeide/plugins/com.st.stm32cube.ide.mcu.externaltools.gnu-tools-for-stm32.9-2020-q2-update.win32_2.0.0.202105311346/tools/bin/../lib/gcc/arm-none-eabi/9.3.1/thumb/v7-m/nofp/crtbegin.o
 *(.bss*)
 .bss.button_flag1
                0x0000000020000070        0x4 ./Core/Src/button.o
                0x0000000020000070                button_flag1
 .bss.button_flag2
                0x0000000020000074        0x4 ./Core/Src/button.o
                0x0000000020000074                button_flag2
 .bss.button_flag3
                0x0000000020000078        0x4 ./Core/Src/button.o
                0x0000000020000078                button_flag3
 .bss.button_flag4
                0x000000002000007c        0x4 ./Core/Src/button.o
                0x000000002000007c                button_flag4
 .bss.status    0x0000000020000080        0x4 ./Core/Src/global.o
                0x0000000020000080                status
 .bss.status1   0x0000000020000084        0x4 ./Core/Src/global.o
                0x0000000020000084                status1
 .bss.global_red
                0x0000000020000088        0x4 ./Core/Src/global.o
                0x0000000020000088                global_red
 .bss.global_green
                0x000000002000008c        0x4 ./Core/Src/global.o
                0x000000002000008c                global_green
 .bss.global_yellow
                0x0000000020000090        0x4 ./Core/Src/global.o
                0x0000000020000090                global_yellow
 .bss.light_mode
                0x0000000020000094        0x4 ./Core/Src/global.o
                0x0000000020000094                light_mode
 .bss.count     0x0000000020000098        0x4 ./Core/Src/global.o
                0x0000000020000098                count
 .bss.ped       0x000000002000009c        0x4 ./Core/Src/global.o
                0x000000002000009c                ped
 .bss.PWM       0x00000000200000a0        0x4 ./Core/Src/global.o
                0x00000000200000a0                PWM
 .bss.timer1_flag
                0x00000000200000a4        0x4 ./Core/Src/timer.o
                0x00000000200000a4                timer1_flag
 .bss.timer1_counter
                0x00000000200000a8        0x4 ./Core/Src/timer.o
                0x00000000200000a8                timer1_counter
 .bss.timer2_flag
                0x00000000200000ac        0x4 ./Core/Src/timer.o
                0x00000000200000ac                timer2_flag
 .bss.timer2_counter
                0x00000000200000b0        0x4 ./Core/Src/timer.o
                0x00000000200000b0                timer2_counter
 .bss.timer3_flag
                0x00000000200000b4        0x4 ./Core/Src/timer.o
                0x00000000200000b4                timer3_flag
 .bss.timer3_counter
                0x00000000200000b8        0x4 ./Core/Src/timer.o
                0x00000000200000b8                timer3_counter
 *(COMMON)
 COMMON         0x00000000200000bc      0x3fc ./Core/Src/main.o
                0x00000000200000bc                Return_code
                0x00000000200000bd                Error_code_G
                0x00000000200000c0                SCH_tasks_G
                0x00000000200003e0                g
                0x00000000200003e4                htim3
                0x000000002000042c                htim2
                0x0000000020000474                huart2
 COMMON         0x00000000200004b8        0x4 ./Drivers/STM32F1xx_HAL_Driver/Src/stm32f1xx_hal.o
                0x00000000200004b8                uwTick
                0x00000000200004bc                . = ALIGN (0x4)
                0x00000000200004bc                _ebss = .
                0x00000000200004bc                __bss_end__ = _ebss

._user_heap_stack
                0x00000000200004bc      0x604 load address 0x0000000008003c0c
                0x00000000200004c0                . = ALIGN (0x8)
 *fill*         0x00000000200004bc        0x4 
                [!provide]                        PROVIDE (end = .)
                0x00000000200004c0                PROVIDE (_end = .)
                0x00000000200006c0                . = (. + _Min_Heap_Size)
 *fill*         0x00000000200004c0      0x200 
                0x0000000020000ac0                . = (. + _Min_Stack_Size)
 *fill*         0x00000000200006c0      0x400 
                0x0000000020000ac0                . = ALIGN (0x8)

/DISCARD/
 libc.a(*)
 libm.a(*)
 libgcc.a(*)

.ARM.attributes
                0x0000000000000000       0x29
 *(.ARM.attributes)
 .ARM.attributes
                0x0000000000000000       0x1d c:/st/stm32cubeide_1.7.0/stm32cubeide/plugins/com.st.stm32cube.ide.mcu.externaltools.gnu-tools-for-stm32.9-2020-q2-update.win32_2.0.0.202105311346/tools/bin/../lib/gcc/arm-none-eabi/9.3.1/thumb/v7-m/nofp/crti.o
 .ARM.attributes
                0x000000000000001d       0x2d c:/st/stm32cubeide_1.7.0/stm32cubeide/plugins/com.st.stm32cube.ide.mcu.externaltools.gnu-tools-for-stm32.9-2020-q2-update.win32_2.0.0.202105311346/tools/bin/../lib/gcc/arm-none-eabi/9.3.1/thumb/v7-m/nofp/crtbegin.o
 .ARM.attributes
                0x000000000000004a       0x2d ./Core/Src/button.o
 .ARM.attributes
                0x0000000000000077       0x2d ./Core/Src/control.o
 .ARM.attributes
                0x00000000000000a4       0x2d ./Core/Src/fsm_automatic.o
 .ARM.attributes
                0x00000000000000d1       0x33 ./Core/Src/global.o
 .ARM.attributes
                0x0000000000000104       0x2d ./Core/Src/main.o
 .ARM.attributes
                0x0000000000000131       0x2d ./Core/Src/scheduler.o
 .ARM.attributes
                0x000000000000015e       0x2d ./Core/Src/stm32f1xx_hal_msp.o
 .ARM.attributes
                0x000000000000018b       0x2d ./Core/Src/stm32f1xx_it.o
 .ARM.attributes
                0x00000000000001b8       0x2d ./Core/Src/system_stm32f1xx.o
 .ARM.attributes
                0x00000000000001e5       0x2d ./Core/Src/timer.o
 .ARM.attributes
                0x0000000000000212       0x21 ./Core/Startup/startup_stm32f103rbtx.o
 .ARM.attributes
                0x0000000000000233       0x2d ./Drivers/STM32F1xx_HAL_Driver/Src/stm32f1xx_hal.o
 .ARM.attributes
                0x0000000000000260       0x2d ./Drivers/STM32F1xx_HAL_Driver/Src/stm32f1xx_hal_cortex.o
 .ARM.attributes
                0x000000000000028d       0x2d ./Drivers/STM32F1xx_HAL_Driver/Src/stm32f1xx_hal_dma.o
 .ARM.attributes
                0x00000000000002ba       0x2d ./Drivers/STM32F1xx_HAL_Driver/Src/stm32f1xx_hal_gpio.o
 .ARM.attributes
                0x00000000000002e7       0x2d ./Drivers/STM32F1xx_HAL_Driver/Src/stm32f1xx_hal_rcc.o
 .ARM.attributes
                0x0000000000000314       0x2d ./Drivers/STM32F1xx_HAL_Driver/Src/stm32f1xx_hal_tim.o
 .ARM.attributes
                0x0000000000000341       0x2d ./Drivers/STM32F1xx_HAL_Driver/Src/stm32f1xx_hal_tim_ex.o
 .ARM.attributes
                0x000000000000036e       0x2d ./Drivers/STM32F1xx_HAL_Driver/Src/stm32f1xx_hal_uart.o
 .ARM.attributes
                0x000000000000039b       0x2d c:/st/stm32cubeide_1.7.0/stm32cubeide/plugins/com.st.stm32cube.ide.mcu.externaltools.gnu-tools-for-stm32.9-2020-q2-update.win32_2.0.0.202105311346/tools/bin/../lib/gcc/arm-none-eabi/9.3.1/../../../../arm-none-eabi/lib/thumb/v7-m/nofp\libc_nano.a(lib_a-init.o)
 .ARM.attributes
                0x00000000000003c8       0x2d c:/st/stm32cubeide_1.7.0/stm32cubeide/plugins/com.st.stm32cube.ide.mcu.externaltools.gnu-tools-for-stm32.9-2020-q2-update.win32_2.0.0.202105311346/tools/bin/../lib/gcc/arm-none-eabi/9.3.1/../../../../arm-none-eabi/lib/thumb/v7-m/nofp\libc_nano.a(lib_a-memset.o)
 .ARM.attributes
                0x00000000000003f5       0x1d c:/st/stm32cubeide_1.7.0/stm32cubeide/plugins/com.st.stm32cube.ide.mcu.externaltools.gnu-tools-for-stm32.9-2020-q2-update.win32_2.0.0.202105311346/tools/bin/../lib/gcc/arm-none-eabi/9.3.1/thumb/v7-m/nofp/crtn.o
OUTPUT(BAI_TAP_LON2.elf elf32-littlearm)
LOAD linker stubs
LOAD c:/st/stm32cubeide_1.7.0/stm32cubeide/plugins/com.st.stm32cube.ide.mcu.externaltools.gnu-tools-for-stm32.9-2020-q2-update.win32_2.0.0.202105311346/tools/bin/../lib/gcc/arm-none-eabi/9.3.1/../../../../arm-none-eabi/lib/thumb/v7-m/nofp\libc.a
LOAD c:/st/stm32cubeide_1.7.0/stm32cubeide/plugins/com.st.stm32cube.ide.mcu.externaltools.gnu-tools-for-stm32.9-2020-q2-update.win32_2.0.0.202105311346/tools/bin/../lib/gcc/arm-none-eabi/9.3.1/../../../../arm-none-eabi/lib/thumb/v7-m/nofp\libm.a
LOAD c:/st/stm32cubeide_1.7.0/stm32cubeide/plugins/com.st.stm32cube.ide.mcu.externaltools.gnu-tools-for-stm32.9-2020-q2-update.win32_2.0.0.202105311346/tools/bin/../lib/gcc/arm-none-eabi/9.3.1/thumb/v7-m/nofp\libgcc.a

.debug_info     0x0000000000000000     0xbd06
 .debug_info    0x0000000000000000      0x421 ./Core/Src/button.o
 .debug_info    0x0000000000000421      0x25e ./Core/Src/control.o
 .debug_info    0x000000000000067f      0x37a ./Core/Src/fsm_automatic.o
 .debug_info    0x00000000000009f9      0x2a0 ./Core/Src/global.o
 .debug_info    0x0000000000000c99     0x102b ./Core/Src/main.o
 .debug_info    0x0000000000001cc4      0x32e ./Core/Src/scheduler.o
 .debug_info    0x0000000000001ff2      0xe80 ./Core/Src/stm32f1xx_hal_msp.o
 .debug_info    0x0000000000002e72      0xa22 ./Core/Src/stm32f1xx_it.o
 .debug_info    0x0000000000003894      0x2be ./Core/Src/system_stm32f1xx.o
 .debug_info    0x0000000000003b52      0x16b ./Core/Src/timer.o
 .debug_info    0x0000000000003cbd       0x22 ./Core/Startup/startup_stm32f103rbtx.o
 .debug_info    0x0000000000003cdf      0x76a ./Drivers/STM32F1xx_HAL_Driver/Src/stm32f1xx_hal.o
 .debug_info    0x0000000000004449      0xbdc ./Drivers/STM32F1xx_HAL_Driver/Src/stm32f1xx_hal_cortex.o
 .debug_info    0x0000000000005025      0x81e ./Drivers/STM32F1xx_HAL_Driver/Src/stm32f1xx_hal_dma.o
 .debug_info    0x0000000000005843      0x701 ./Drivers/STM32F1xx_HAL_Driver/Src/stm32f1xx_hal_gpio.o
 .debug_info    0x0000000000005f44      0x88e ./Drivers/STM32F1xx_HAL_Driver/Src/stm32f1xx_hal_rcc.o
 .debug_info    0x00000000000067d2     0x2a45 ./Drivers/STM32F1xx_HAL_Driver/Src/stm32f1xx_hal_tim.o
 .debug_info    0x0000000000009217     0x14d5 ./Drivers/STM32F1xx_HAL_Driver/Src/stm32f1xx_hal_tim_ex.o
 .debug_info    0x000000000000a6ec     0x161a ./Drivers/STM32F1xx_HAL_Driver/Src/stm32f1xx_hal_uart.o

.debug_abbrev   0x0000000000000000     0x2088
 .debug_abbrev  0x0000000000000000      0x118 ./Core/Src/button.o
 .debug_abbrev  0x0000000000000118       0xc9 ./Core/Src/control.o
 .debug_abbrev  0x00000000000001e1      0x150 ./Core/Src/fsm_automatic.o
 .debug_abbrev  0x0000000000000331       0xbc ./Core/Src/global.o
 .debug_abbrev  0x00000000000003ed      0x2b8 ./Core/Src/main.o
 .debug_abbrev  0x00000000000006a5      0x1a1 ./Core/Src/scheduler.o
 .debug_abbrev  0x0000000000000846      0x1e4 ./Core/Src/stm32f1xx_hal_msp.o
 .debug_abbrev  0x0000000000000a2a      0x176 ./Core/Src/stm32f1xx_it.o
 .debug_abbrev  0x0000000000000ba0      0x14e ./Core/Src/system_stm32f1xx.o
 .debug_abbrev  0x0000000000000cee       0xb6 ./Core/Src/timer.o
 .debug_abbrev  0x0000000000000da4       0x12 ./Core/Startup/startup_stm32f103rbtx.o
 .debug_abbrev  0x0000000000000db6      0x1ed ./Drivers/STM32F1xx_HAL_Driver/Src/stm32f1xx_hal.o
 .debug_abbrev  0x0000000000000fa3      0x313 ./Drivers/STM32F1xx_HAL_Driver/Src/stm32f1xx_hal_cortex.o
 .debug_abbrev  0x00000000000012b6      0x228 ./Drivers/STM32F1xx_HAL_Driver/Src/stm32f1xx_hal_dma.o
 .debug_abbrev  0x00000000000014de      0x1e8 ./Drivers/STM32F1xx_HAL_Driver/Src/stm32f1xx_hal_gpio.o
 .debug_abbrev  0x00000000000016c6      0x273 ./Drivers/STM32F1xx_HAL_Driver/Src/stm32f1xx_hal_rcc.o
 .debug_abbrev  0x0000000000001939      0x25e ./Drivers/STM32F1xx_HAL_Driver/Src/stm32f1xx_hal_tim.o
 .debug_abbrev  0x0000000000001b97      0x266 ./Drivers/STM32F1xx_HAL_Driver/Src/stm32f1xx_hal_tim_ex.o
 .debug_abbrev  0x0000000000001dfd      0x28b ./Drivers/STM32F1xx_HAL_Driver/Src/stm32f1xx_hal_uart.o

.debug_aranges  0x0000000000000000      0xd20
 .debug_aranges
                0x0000000000000000       0x38 ./Core/Src/button.o
 .debug_aranges
                0x0000000000000038       0x20 ./Core/Src/control.o
 .debug_aranges
                0x0000000000000058       0x38 ./Core/Src/fsm_automatic.o
 .debug_aranges
                0x0000000000000090       0x18 ./Core/Src/global.o
 .debug_aranges
                0x00000000000000a8       0x58 ./Core/Src/main.o
 .debug_aranges
                0x0000000000000100       0x40 ./Core/Src/scheduler.o
 .debug_aranges
                0x0000000000000140       0x58 ./Core/Src/stm32f1xx_hal_msp.o
 .debug_aranges
                0x0000000000000198       0x70 ./Core/Src/stm32f1xx_it.o
 .debug_aranges
                0x0000000000000208       0x28 ./Core/Src/system_stm32f1xx.o
 .debug_aranges
                0x0000000000000230       0x48 ./Core/Src/timer.o
 .debug_aranges
                0x0000000000000278       0x28 ./Core/Startup/startup_stm32f103rbtx.o
 .debug_aranges
                0x00000000000002a0       0xe0 ./Drivers/STM32F1xx_HAL_Driver/Src/stm32f1xx_hal.o
 .debug_aranges
                0x0000000000000380      0x100 ./Drivers/STM32F1xx_HAL_Driver/Src/stm32f1xx_hal_cortex.o
 .debug_aranges
                0x0000000000000480       0x80 ./Drivers/STM32F1xx_HAL_Driver/Src/stm32f1xx_hal_dma.o
 .debug_aranges
                0x0000000000000500       0x58 ./Drivers/STM32F1xx_HAL_Driver/Src/stm32f1xx_hal_gpio.o
 .debug_aranges
                0x0000000000000558       0x90 ./Drivers/STM32F1xx_HAL_Driver/Src/stm32f1xx_hal_rcc.o
 .debug_aranges
                0x00000000000005e8      0x3d0 ./Drivers/STM32F1xx_HAL_Driver/Src/stm32f1xx_hal_tim.o
 .debug_aranges
                0x00000000000009b8      0x168 ./Drivers/STM32F1xx_HAL_Driver/Src/stm32f1xx_hal_tim_ex.o
 .debug_aranges
                0x0000000000000b20      0x200 ./Drivers/STM32F1xx_HAL_Driver/Src/stm32f1xx_hal_uart.o

.debug_ranges   0x0000000000000000      0xc20
 .debug_ranges  0x0000000000000000       0x28 ./Core/Src/button.o
 .debug_ranges  0x0000000000000028       0x10 ./Core/Src/control.o
 .debug_ranges  0x0000000000000038       0x28 ./Core/Src/fsm_automatic.o
 .debug_ranges  0x0000000000000060       0x48 ./Core/Src/main.o
 .debug_ranges  0x00000000000000a8       0x30 ./Core/Src/scheduler.o
 .debug_ranges  0x00000000000000d8       0x48 ./Core/Src/stm32f1xx_hal_msp.o
 .debug_ranges  0x0000000000000120       0x60 ./Core/Src/stm32f1xx_it.o
 .debug_ranges  0x0000000000000180       0x18 ./Core/Src/system_stm32f1xx.o
 .debug_ranges  0x0000000000000198       0x38 ./Core/Src/timer.o
 .debug_ranges  0x00000000000001d0       0x20 ./Core/Startup/startup_stm32f103rbtx.o
 .debug_ranges  0x00000000000001f0       0xd0 ./Drivers/STM32F1xx_HAL_Driver/Src/stm32f1xx_hal.o
 .debug_ranges  0x00000000000002c0       0xf0 ./Drivers/STM32F1xx_HAL_Driver/Src/stm32f1xx_hal_cortex.o
 .debug_ranges  0x00000000000003b0       0x70 ./Drivers/STM32F1xx_HAL_Driver/Src/stm32f1xx_hal_dma.o
 .debug_ranges  0x0000000000000420       0x48 ./Drivers/STM32F1xx_HAL_Driver/Src/stm32f1xx_hal_gpio.o
 .debug_ranges  0x0000000000000468       0x80 ./Drivers/STM32F1xx_HAL_Driver/Src/stm32f1xx_hal_rcc.o
 .debug_ranges  0x00000000000004e8      0x3c0 ./Drivers/STM32F1xx_HAL_Driver/Src/stm32f1xx_hal_tim.o
 .debug_ranges  0x00000000000008a8      0x158 ./Drivers/STM32F1xx_HAL_Driver/Src/stm32f1xx_hal_tim_ex.o
 .debug_ranges  0x0000000000000a00      0x220 ./Drivers/STM32F1xx_HAL_Driver/Src/stm32f1xx_hal_uart.o

.debug_macro    0x0000000000000000    0x17679
 .debug_macro   0x0000000000000000      0x1c5 ./Core/Src/button.o
 .debug_macro   0x00000000000001c5      0xa9c ./Core/Src/button.o
 .debug_macro   0x0000000000000c61      0x21b ./Core/Src/button.o
 .debug_macro   0x0000000000000e7c       0x2e ./Core/Src/button.o
 .debug_macro   0x0000000000000eaa       0x22 ./Core/Src/button.o
 .debug_macro   0x0000000000000ecc       0x22 ./Core/Src/button.o
 .debug_macro   0x0000000000000eee       0x8e ./Core/Src/button.o
 .debug_macro   0x0000000000000f7c       0x51 ./Core/Src/button.o
 .debug_macro   0x0000000000000fcd      0x103 ./Core/Src/button.o
 .debug_macro   0x00000000000010d0       0x6a ./Core/Src/button.o
 .debug_macro   0x000000000000113a      0x1df ./Core/Src/button.o
 .debug_macro   0x0000000000001319       0x1c ./Core/Src/button.o
 .debug_macro   0x0000000000001335       0x22 ./Core/Src/button.o
 .debug_macro   0x0000000000001357       0xc3 ./Core/Src/button.o
 .debug_macro   0x000000000000141a      0xd23 ./Core/Src/button.o
 .debug_macro   0x000000000000213d     0xe09e ./Core/Src/button.o
 .debug_macro   0x00000000000101db       0x6d ./Core/Src/button.o
 .debug_macro   0x0000000000010248     0x3468 ./Core/Src/button.o
 .debug_macro   0x00000000000136b0      0x174 ./Core/Src/button.o
 .debug_macro   0x0000000000013824       0x5c ./Core/Src/button.o
 .debug_macro   0x0000000000013880      0x5be ./Core/Src/button.o
 .debug_macro   0x0000000000013e3e      0x289 ./Core/Src/button.o
 .debug_macro   0x00000000000140c7      0x1cb ./Core/Src/button.o
 .debug_macro   0x0000000000014292      0x114 ./Core/Src/button.o
 .debug_macro   0x00000000000143a6      0x1b2 ./Core/Src/button.o
 .debug_macro   0x0000000000014558       0x27 ./Core/Src/button.o
 .debug_macro   0x000000000001457f      0x136 ./Core/Src/button.o
 .debug_macro   0x00000000000146b5      0x1bc ./Core/Src/button.o
 .debug_macro   0x0000000000014871       0x34 ./Core/Src/button.o
 .debug_macro   0x00000000000148a5       0x3c ./Core/Src/button.o
 .debug_macro   0x00000000000148e1       0x57 ./Core/Src/button.o
 .debug_macro   0x0000000000014938       0x88 ./Core/Src/button.o
 .debug_macro   0x00000000000149c0      0x241 ./Core/Src/button.o
 .debug_macro   0x0000000000014c01      0x141 ./Core/Src/button.o
 .debug_macro   0x0000000000014d42      0x8d1 ./Core/Src/button.o
 .debug_macro   0x0000000000015613      0x279 ./Core/Src/button.o
 .debug_macro   0x000000000001588c       0x83 ./Core/Src/button.o
 .debug_macro   0x000000000001590f       0x7c ./Core/Src/button.o
 .debug_macro   0x000000000001598b       0x16 ./Core/Src/button.o
 .debug_macro   0x00000000000159a1      0x1e6 ./Core/Src/control.o
 .debug_macro   0x0000000000015b87       0x28 ./Core/Src/control.o
 .debug_macro   0x0000000000015baf      0x1dc ./Core/Src/fsm_automatic.o
 .debug_macro   0x0000000000015d8b      0x1cb ./Core/Src/global.o
 .debug_macro   0x0000000000015f56       0x22 ./Core/Src/global.o
 .debug_macro   0x0000000000015f78      0x203 ./Core/Src/main.o
 .debug_macro   0x000000000001617b       0x2e ./Core/Src/main.o
 .debug_macro   0x00000000000161a9      0x1c1 ./Core/Src/scheduler.o
 .debug_macro   0x000000000001636a       0x28 ./Core/Src/scheduler.o
 .debug_macro   0x0000000000016392      0x1b2 ./Core/Src/stm32f1xx_hal_msp.o
 .debug_macro   0x0000000000016544      0x1bc ./Core/Src/stm32f1xx_it.o
 .debug_macro   0x0000000000016700      0x1a3 ./Core/Src/system_stm32f1xx.o
 .debug_macro   0x00000000000168a3       0x1b ./Core/Src/timer.o
 .debug_macro   0x00000000000168be      0x1c7 ./Drivers/STM32F1xx_HAL_Driver/Src/stm32f1xx_hal.o
 .debug_macro   0x0000000000016a85      0x1a3 ./Drivers/STM32F1xx_HAL_Driver/Src/stm32f1xx_hal_cortex.o
 .debug_macro   0x0000000000016c28      0x1a3 ./Drivers/STM32F1xx_HAL_Driver/Src/stm32f1xx_hal_dma.o
 .debug_macro   0x0000000000016dcb      0x20e ./Drivers/STM32F1xx_HAL_Driver/Src/stm32f1xx_hal_gpio.o
 .debug_macro   0x0000000000016fd9      0x1b5 ./Drivers/STM32F1xx_HAL_Driver/Src/stm32f1xx_hal_rcc.o
 .debug_macro   0x000000000001718e      0x1a4 ./Drivers/STM32F1xx_HAL_Driver/Src/stm32f1xx_hal_tim.o
 .debug_macro   0x0000000000017332      0x1a3 ./Drivers/STM32F1xx_HAL_Driver/Src/stm32f1xx_hal_tim_ex.o
 .debug_macro   0x00000000000174d5      0x1a4 ./Drivers/STM32F1xx_HAL_Driver/Src/stm32f1xx_hal_uart.o

.debug_line     0x0000000000000000     0xe380
 .debug_line    0x0000000000000000      0x782 ./Core/Src/button.o
 .debug_line    0x0000000000000782      0x700 ./Core/Src/control.o
 .debug_line    0x0000000000000e82      0x8ea ./Core/Src/fsm_automatic.o
 .debug_line    0x000000000000176c      0x670 ./Core/Src/global.o
 .debug_line    0x0000000000001ddc      0x8ae ./Core/Src/main.o
 .debug_line    0x000000000000268a      0x7a2 ./Core/Src/scheduler.o
 .debug_line    0x0000000000002e2c      0x772 ./Core/Src/stm32f1xx_hal_msp.o
 .debug_line    0x000000000000359e      0x76f ./Core/Src/stm32f1xx_it.o
 .debug_line    0x0000000000003d0d      0x6fb ./Core/Src/system_stm32f1xx.o
 .debug_line    0x0000000000004408      0x120 ./Core/Src/timer.o
 .debug_line    0x0000000000004528       0x87 ./Core/Startup/startup_stm32f103rbtx.o
 .debug_line    0x00000000000045af      0x928 ./Drivers/STM32F1xx_HAL_Driver/Src/stm32f1xx_hal.o
 .debug_line    0x0000000000004ed7      0xb10 ./Drivers/STM32F1xx_HAL_Driver/Src/stm32f1xx_hal_cortex.o
 .debug_line    0x00000000000059e7      0xd80 ./Drivers/STM32F1xx_HAL_Driver/Src/stm32f1xx_hal_dma.o
 .debug_line    0x0000000000006767      0x9bf ./Drivers/STM32F1xx_HAL_Driver/Src/stm32f1xx_hal_gpio.o
 .debug_line    0x0000000000007126      0xd36 ./Drivers/STM32F1xx_HAL_Driver/Src/stm32f1xx_hal_rcc.o
 .debug_line    0x0000000000007e5c     0x32d1 ./Drivers/STM32F1xx_HAL_Driver/Src/stm32f1xx_hal_tim.o
 .debug_line    0x000000000000b12d     0x1850 ./Drivers/STM32F1xx_HAL_Driver/Src/stm32f1xx_hal_tim_ex.o
 .debug_line    0x000000000000c97d     0x1a03 ./Drivers/STM32F1xx_HAL_Driver/Src/stm32f1xx_hal_uart.o

.debug_str      0x0000000000000000    0x86b0e
 .debug_str     0x0000000000000000    0x83434 ./Core/Src/button.o
                                      0x83787 (size before relaxing)
 .debug_str     0x0000000000083434       0xd1 ./Core/Src/control.o
                                      0x83774 (size before relaxing)
 .debug_str     0x0000000000083505       0x67 ./Core/Src/fsm_automatic.o
                                      0x837d3 (size before relaxing)
 .debug_str     0x000000000008356c       0x15 ./Core/Src/global.o
                                      0x836c6 (size before relaxing)
 .debug_str     0x0000000000083581      0x9f6 ./Core/Src/main.o
                                      0x84257 (size before relaxing)
 .debug_str     0x0000000000083f77       0x77 ./Core/Src/scheduler.o
                                      0x8373e (size before relaxing)
 .debug_str     0x0000000000083fee      0x365 ./Core/Src/stm32f1xx_hal_msp.o
                                      0x840ec (size before relaxing)
 .debug_str     0x0000000000084353       0xdf ./Core/Src/stm32f1xx_it.o
                                      0x83d74 (size before relaxing)
 .debug_str     0x0000000000084432       0x52 ./Core/Src/system_stm32f1xx.o
                                      0x83450 (size before relaxing)
 .debug_str     0x0000000000084484       0x94 ./Core/Src/timer.o
                                       0x2e1f (size before relaxing)
 .debug_str     0x0000000000084518       0x36 ./Core/Startup/startup_stm32f103rbtx.o
                                         0x6c (size before relaxing)
 .debug_str     0x000000000008454e      0x304 ./Drivers/STM32F1xx_HAL_Driver/Src/stm32f1xx_hal.o
                                      0x83ae1 (size before relaxing)
 .debug_str     0x0000000000084852      0x300 ./Drivers/STM32F1xx_HAL_Driver/Src/stm32f1xx_hal_cortex.o
                                      0x83ae9 (size before relaxing)
 .debug_str     0x0000000000084b52      0x235 ./Drivers/STM32F1xx_HAL_Driver/Src/stm32f1xx_hal_dma.o
                                      0x8382b (size before relaxing)
 .debug_str     0x0000000000084d87      0x31f ./Drivers/STM32F1xx_HAL_Driver/Src/stm32f1xx_hal_gpio.o
                                      0x83814 (size before relaxing)
 .debug_str     0x00000000000850a6      0x24f ./Drivers/STM32F1xx_HAL_Driver/Src/stm32f1xx_hal_rcc.o
                                      0x8384d (size before relaxing)
 .debug_str     0x00000000000852f5      0xd3e ./Drivers/STM32F1xx_HAL_Driver/Src/stm32f1xx_hal_tim.o
                                      0x8481f (size before relaxing)
 .debug_str     0x0000000000086033      0x4ee ./Drivers/STM32F1xx_HAL_Driver/Src/stm32f1xx_hal_tim_ex.o
                                      0x83fd0 (size before relaxing)
 .debug_str     0x0000000000086521      0x5ed ./Drivers/STM32F1xx_HAL_Driver/Src/stm32f1xx_hal_uart.o
                                      0x83e3f (size before relaxing)

.comment        0x0000000000000000       0x53
 .comment       0x0000000000000000       0x53 ./Core/Src/button.o
                                         0x54 (size before relaxing)
 .comment       0x0000000000000053       0x54 ./Core/Src/control.o
 .comment       0x0000000000000053       0x54 ./Core/Src/fsm_automatic.o
 .comment       0x0000000000000053       0x54 ./Core/Src/global.o
 .comment       0x0000000000000053       0x54 ./Core/Src/main.o
 .comment       0x0000000000000053       0x54 ./Core/Src/scheduler.o
 .comment       0x0000000000000053       0x54 ./Core/Src/stm32f1xx_hal_msp.o
 .comment       0x0000000000000053       0x54 ./Core/Src/stm32f1xx_it.o
 .comment       0x0000000000000053       0x54 ./Core/Src/system_stm32f1xx.o
 .comment       0x0000000000000053       0x54 ./Core/Src/timer.o
 .comment       0x0000000000000053       0x54 ./Drivers/STM32F1xx_HAL_Driver/Src/stm32f1xx_hal.o
 .comment       0x0000000000000053       0x54 ./Drivers/STM32F1xx_HAL_Driver/Src/stm32f1xx_hal_cortex.o
 .comment       0x0000000000000053       0x54 ./Drivers/STM32F1xx_HAL_Driver/Src/stm32f1xx_hal_dma.o
 .comment       0x0000000000000053       0x54 ./Drivers/STM32F1xx_HAL_Driver/Src/stm32f1xx_hal_gpio.o
 .comment       0x0000000000000053       0x54 ./Drivers/STM32F1xx_HAL_Driver/Src/stm32f1xx_hal_rcc.o
 .comment       0x0000000000000053       0x54 ./Drivers/STM32F1xx_HAL_Driver/Src/stm32f1xx_hal_tim.o
 .comment       0x0000000000000053       0x54 ./Drivers/STM32F1xx_HAL_Driver/Src/stm32f1xx_hal_tim_ex.o
 .comment       0x0000000000000053       0x54 ./Drivers/STM32F1xx_HAL_Driver/Src/stm32f1xx_hal_uart.o

.debug_frame    0x0000000000000000     0x34f8
 .debug_frame   0x0000000000000000       0x80 ./Core/Src/button.o
 .debug_frame   0x0000000000000080       0x2c ./Core/Src/control.o
 .debug_frame   0x00000000000000ac       0x94 ./Core/Src/fsm_automatic.o
 .debug_frame   0x0000000000000140      0x114 ./Core/Src/main.o
 .debug_frame   0x0000000000000254       0xd0 ./Core/Src/scheduler.o
 .debug_frame   0x0000000000000324      0x13c ./Core/Src/stm32f1xx_hal_msp.o
 .debug_frame   0x0000000000000460      0x13c ./Core/Src/stm32f1xx_it.o
 .debug_frame   0x000000000000059c       0x58 ./Core/Src/system_stm32f1xx.o
 .debug_frame   0x00000000000005f4       0xe8 ./Core/Src/timer.o
 .debug_frame   0x00000000000006dc      0x334 ./Drivers/STM32F1xx_HAL_Driver/Src/stm32f1xx_hal.o
 .debug_frame   0x0000000000000a10      0x428 ./Drivers/STM32F1xx_HAL_Driver/Src/stm32f1xx_hal_cortex.o
 .debug_frame   0x0000000000000e38      0x208 ./Drivers/STM32F1xx_HAL_Driver/Src/stm32f1xx_hal_dma.o
 .debug_frame   0x0000000000001040      0x14c ./Drivers/STM32F1xx_HAL_Driver/Src/stm32f1xx_hal_gpio.o
 .debug_frame   0x000000000000118c      0x21c ./Drivers/STM32F1xx_HAL_Driver/Src/stm32f1xx_hal_rcc.o
 .debug_frame   0x00000000000013a8     0x11b8 ./Drivers/STM32F1xx_HAL_Driver/Src/stm32f1xx_hal_tim.o
 .debug_frame   0x0000000000002560      0x638 ./Drivers/STM32F1xx_HAL_Driver/Src/stm32f1xx_hal_tim_ex.o
 .debug_frame   0x0000000000002b98      0x914 ./Drivers/STM32F1xx_HAL_Driver/Src/stm32f1xx_hal_uart.o
 .debug_frame   0x00000000000034ac       0x2c c:/st/stm32cubeide_1.7.0/stm32cubeide/plugins/com.st.stm32cube.ide.mcu.externaltools.gnu-tools-for-stm32.9-2020-q2-update.win32_2.0.0.202105311346/tools/bin/../lib/gcc/arm-none-eabi/9.3.1/../../../../arm-none-eabi/lib/thumb/v7-m/nofp\libc_nano.a(lib_a-init.o)
 .debug_frame   0x00000000000034d8       0x20 c:/st/stm32cubeide_1.7.0/stm32cubeide/plugins/com.st.stm32cube.ide.mcu.externaltools.gnu-tools-for-stm32.9-2020-q2-update.win32_2.0.0.202105311346/tools/bin/../lib/gcc/arm-none-eabi/9.3.1/../../../../arm-none-eabi/lib/thumb/v7-m/nofp\libc_nano.a(lib_a-memset.o)
