Archive member included to satisfy reference by file (symbol)

c:/st/stm32cubeide_1.7.0/stm32cubeide/plugins/com.st.stm32cube.ide.mcu.externaltools.gnu-tools-for-stm32.9-2020-q2-update.win32_2.0.0.202105311346/tools/bin/../lib/gcc/arm-none-eabi/9.3.1/../../../../arm-none-eabi/lib/thumb/v7-m/nofp\libc_nano.a(lib_a-errno.o)
                              ./Core/Src/syscalls.o (__errno)
c:/st/stm32cubeide_1.7.0/stm32cubeide/plugins/com.st.stm32cube.ide.mcu.externaltools.gnu-tools-for-stm32.9-2020-q2-update.win32_2.0.0.202105311346/tools/bin/../lib/gcc/arm-none-eabi/9.3.1/../../../../arm-none-eabi/lib/thumb/v7-m/nofp\libc_nano.a(lib_a-exit.o)
                              c:/st/stm32cubeide_1.7.0/stm32cubeide/plugins/com.st.stm32cube.ide.mcu.externaltools.gnu-tools-for-stm32.9-2020-q2-update.win32_2.0.0.202105311346/tools/bin/../lib/gcc/arm-none-eabi/9.3.1/../../../../arm-none-eabi/lib/thumb/v7-m/nofp/crt0.o (exit)
c:/st/stm32cubeide_1.7.0/stm32cubeide/plugins/com.st.stm32cube.ide.mcu.externaltools.gnu-tools-for-stm32.9-2020-q2-update.win32_2.0.0.202105311346/tools/bin/../lib/gcc/arm-none-eabi/9.3.1/../../../../arm-none-eabi/lib/thumb/v7-m/nofp\libc_nano.a(lib_a-impure.o)
                              c:/st/stm32cubeide_1.7.0/stm32cubeide/plugins/com.st.stm32cube.ide.mcu.externaltools.gnu-tools-for-stm32.9-2020-q2-update.win32_2.0.0.202105311346/tools/bin/../lib/gcc/arm-none-eabi/9.3.1/../../../../arm-none-eabi/lib/thumb/v7-m/nofp\libc_nano.a(lib_a-exit.o) (_global_impure_ptr)
c:/st/stm32cubeide_1.7.0/stm32cubeide/plugins/com.st.stm32cube.ide.mcu.externaltools.gnu-tools-for-stm32.9-2020-q2-update.win32_2.0.0.202105311346/tools/bin/../lib/gcc/arm-none-eabi/9.3.1/../../../../arm-none-eabi/lib/thumb/v7-m/nofp\libc_nano.a(lib_a-init.o)
                              c:/st/stm32cubeide_1.7.0/stm32cubeide/plugins/com.st.stm32cube.ide.mcu.externaltools.gnu-tools-for-stm32.9-2020-q2-update.win32_2.0.0.202105311346/tools/bin/../lib/gcc/arm-none-eabi/9.3.1/../../../../arm-none-eabi/lib/thumb/v7-m/nofp/crt0.o (__libc_init_array)
c:/st/stm32cubeide_1.7.0/stm32cubeide/plugins/com.st.stm32cube.ide.mcu.externaltools.gnu-tools-for-stm32.9-2020-q2-update.win32_2.0.0.202105311346/tools/bin/../lib/gcc/arm-none-eabi/9.3.1/../../../../arm-none-eabi/lib/thumb/v7-m/nofp\libc_nano.a(lib_a-memset.o)
                              c:/st/stm32cubeide_1.7.0/stm32cubeide/plugins/com.st.stm32cube.ide.mcu.externaltools.gnu-tools-for-stm32.9-2020-q2-update.win32_2.0.0.202105311346/tools/bin/../lib/gcc/arm-none-eabi/9.3.1/../../../../arm-none-eabi/lib/thumb/v7-m/nofp/crt0.o (memset)
c:/st/stm32cubeide_1.7.0/stm32cubeide/plugins/com.st.stm32cube.ide.mcu.externaltools.gnu-tools-for-stm32.9-2020-q2-update.win32_2.0.0.202105311346/tools/bin/../lib/gcc/arm-none-eabi/9.3.1/../../../../arm-none-eabi/lib/thumb/v7-m/nofp\libc_nano.a(lib_a-sprintf.o)
                              ./Core/Src/fsm_automatic.o (sprintf)
c:/st/stm32cubeide_1.7.0/stm32cubeide/plugins/com.st.stm32cube.ide.mcu.externaltools.gnu-tools-for-stm32.9-2020-q2-update.win32_2.0.0.202105311346/tools/bin/../lib/gcc/arm-none-eabi/9.3.1/../../../../arm-none-eabi/lib/thumb/v7-m/nofp\libc_nano.a(lib_a-nano-svfprintf.o)
                              c:/st/stm32cubeide_1.7.0/stm32cubeide/plugins/com.st.stm32cube.ide.mcu.externaltools.gnu-tools-for-stm32.9-2020-q2-update.win32_2.0.0.202105311346/tools/bin/../lib/gcc/arm-none-eabi/9.3.1/../../../../arm-none-eabi/lib/thumb/v7-m/nofp\libc_nano.a(lib_a-sprintf.o) (_svfprintf_r)
c:/st/stm32cubeide_1.7.0/stm32cubeide/plugins/com.st.stm32cube.ide.mcu.externaltools.gnu-tools-for-stm32.9-2020-q2-update.win32_2.0.0.202105311346/tools/bin/../lib/gcc/arm-none-eabi/9.3.1/../../../../arm-none-eabi/lib/thumb/v7-m/nofp\libc_nano.a(lib_a-nano-vfprintf_i.o)
                              c:/st/stm32cubeide_1.7.0/stm32cubeide/plugins/com.st.stm32cube.ide.mcu.externaltools.gnu-tools-for-stm32.9-2020-q2-update.win32_2.0.0.202105311346/tools/bin/../lib/gcc/arm-none-eabi/9.3.1/../../../../arm-none-eabi/lib/thumb/v7-m/nofp\libc_nano.a(lib_a-nano-svfprintf.o) (_printf_i)
c:/st/stm32cubeide_1.7.0/stm32cubeide/plugins/com.st.stm32cube.ide.mcu.externaltools.gnu-tools-for-stm32.9-2020-q2-update.win32_2.0.0.202105311346/tools/bin/../lib/gcc/arm-none-eabi/9.3.1/../../../../arm-none-eabi/lib/thumb/v7-m/nofp\libc_nano.a(lib_a-memchr-stub.o)
                              c:/st/stm32cubeide_1.7.0/stm32cubeide/plugins/com.st.stm32cube.ide.mcu.externaltools.gnu-tools-for-stm32.9-2020-q2-update.win32_2.0.0.202105311346/tools/bin/../lib/gcc/arm-none-eabi/9.3.1/../../../../arm-none-eabi/lib/thumb/v7-m/nofp\libc_nano.a(lib_a-nano-svfprintf.o) (memchr)
c:/st/stm32cubeide_1.7.0/stm32cubeide/plugins/com.st.stm32cube.ide.mcu.externaltools.gnu-tools-for-stm32.9-2020-q2-update.win32_2.0.0.202105311346/tools/bin/../lib/gcc/arm-none-eabi/9.3.1/../../../../arm-none-eabi/lib/thumb/v7-m/nofp\libc_nano.a(lib_a-memcpy-stub.o)
[...]
Memory Configuration

Name             Origin             Length             Attributes
RAM              0x0000000020000000 0x0000000000005000 xrw
FLASH            0x0000000008000000 0x0000000000020000 xr
*default*        0x0000000000000000 0xffffffffffffffff

Linker script and memory map

LOAD c:/st/stm32cubeide_1.7.0/stm32cubeide/plugins/com.st.stm32cube.ide.mcu.externaltools.gnu-tools-for-stm32.9-2020-q2-update.win32_2.0.0.202105311346/tools/bin/../lib/gcc/arm-none-eabi/9.3.1/thumb/v7-m/nofp/crti.o
LOAD c:/st/stm32cubeide_1.7.0/stm32cubeide/plugins/com.st.stm32cube.ide.mcu.externaltools.gnu-tools-for-stm32.9-2020-q2-update.win32_2.0.0.202105311346/tools/bin/../lib/gcc/arm-none-eabi/9.3.1/thumb/v7-m/nofp/crtbegin.o
LOAD c:/st/stm32cubeide_1.7.0/stm32cubeide/plugins/com.st.stm32cube.ide.mcu.externaltools.gnu-tools-for-stm32.9-2020-q2-update.win32_2.0.0.202105311346/tools/bin/../lib/gcc/arm-none-eabi/9.3.1/../../../../arm-none-eabi/lib/thumb/v7-m/nofp/crt0.o
LOAD ./Core/Src/button.o
LOAD ./Core/Src/control.o
LOAD ./Core/Src/fsm_automatic.o
LOAD ./Core/Src/global.o
LOAD ./Core/Src/main.o
LOAD ./Core/Src/scheduler.o
LOAD ./Core/Src/stm32f1xx_hal_msp.o
LOAD ./Core/Src/stm32f1xx_it.o
LOAD ./Core/Src/syscalls.o
LOAD ./Core/Src/sysmem.o
LOAD ./Core/Src/system_stm32f1xx.o
LOAD ./Core/Src/timer.o
LOAD ./Core/Startup/startup_stm32f103rbtx.o
LOAD ./Drivers/STM32F1xx_HAL_Driver/Src/stm32f1xx_hal.o
LOAD ./Drivers/STM32F1xx_HAL_Driver/Src/stm32f1xx_hal_cortex.o
LOAD ./Drivers/STM32F1xx_HAL_Driver/Src/stm32f1xx_hal_dma.o
LOAD ./Drivers/STM32F1xx_HAL_Driver/Src/stm32f1xx_hal_exti.o
LOAD ./Drivers/STM32F1xx_HAL_Driver/Src/stm32f1xx_hal_flash.o
LOAD ./Drivers/STM32F1xx_HAL_Driver/Src/stm32f1xx_hal_flash_ex.o
LOAD ./Drivers/STM32F1xx_HAL_Driver/Src/stm32f1xx_hal_gpio.o
LOAD ./Drivers/STM32F1xx_HAL_Driver/Src/stm32f1xx_hal_gpio_ex.o
LOAD ./Drivers/STM32F1xx_HAL_Driver/Src/stm32f1xx_hal_pwr.o
LOAD ./Drivers/STM32F1xx_HAL_Driver/Src/stm32f1xx_hal_rcc.o
LOAD ./Drivers/STM32F1xx_HAL_Driver/Src/stm32f1xx_hal_rcc_ex.o
LOAD ./Drivers/STM32F1xx_HAL_Driver/Src/stm32f1xx_hal_tim.o
LOAD ./Drivers/STM32F1xx_HAL_Driver/Src/stm32f1xx_hal_tim_ex.o
LOAD ./Drivers/STM32F1xx_HAL_Driver/Src/stm32f1xx_hal_uart.o
START GROUP
LOAD c:/st/stm32cubeide_1.7.0/stm32cubeide/plugins/com.st.stm32cube.ide.mcu.externaltools.gnu-tools-for-stm32.9-2020-q2-update.win32_2.0.0.202105311346/tools/bin/../lib/gcc/arm-none-eabi/9.3.1/../../../../arm-none-eabi/lib/thumb/v7-m/nofp\libc_nano.a
LOAD c:/st/stm32cubeide_1.7.0/stm32cubeide/plugins/com.st.stm32cube.ide.mcu.externaltools.gnu-tools-for-stm32.9-2020-q2-update.win32_2.0.0.202105311346/tools/bin/../lib/gcc/arm-none-eabi/9.3.1/../../../../arm-none-eabi/lib/thumb/v7-m/nofp\libm.a
END GROUP
START GROUP
LOAD c:/st/stm32cubeide_1.7.0/stm32cubeide/plugins/com.st.stm32cube.ide.mcu.externaltools.gnu-tools-for-stm32.9-2020-q2-update.win32_2.0.0.202105311346/tools/bin/../lib/gcc/arm-none-eabi/9.3.1/thumb/v7-m/nofp\libgcc.a
LOAD c:/st/stm32cubeide_1.7.0/stm32cubeide/plugins/com.st.stm32cube.ide.mcu.externaltools.gnu-tools-for-stm32.9-2020-q2-update.win32_2.0.0.202105311346/tools/bin/../lib/gcc/arm-none-eabi/9.3.1/../../../../arm-none-eabi/lib/thumb/v7-m/nofp\libc_nano.a
END GROUP
START GROUP
LOAD c:/st/stm32cubeide_1.7.0/stm32cubeide/plugins/com.st.stm32cube.ide.mcu.externaltools.gnu-tools-for-stm32.9-2020-q2-update.win32_2.0.0.202105311346/tools/bin/../lib/gcc/arm-none-eabi/9.3.1/thumb/v7-m/nofp\libgcc.a
LOAD c:/st/stm32cubeide_1.7.0/stm32cubeide/plugins/com.st.stm32cube.ide.mcu.externaltools.gnu-tools-for-stm32.9-2020-q2-update.win32_2.0.0.202105311346/tools/bin/../lib/gcc/arm-none-eabi/9.3.1/../../../../arm-none-eabi/lib/thumb/v7-m/nofp\libc_nano.a
LOAD c:/st/stm32cubeide_1.7.0/stm32cubeide/plugins/com.st.stm32cube.ide.mcu.externaltools.gnu-tools-for-stm32.9-2020-q2-update.win32_2.0.0.202105311346/tools/bin/../lib/gcc/arm-none-eabi/9.3.1/../../../../arm-none-eabi/lib/thumb/v7-m/nofp\libnosys.a
END GROUP
START GROUP
LOAD c:/st/stm32cubeide_1.7.0/stm32cubeide/plugins/com.st.stm32cube.ide.mcu.externaltools.gnu-tools-for-stm32.9-2020-q2-update.win32_2.0.0.202105311346/tools/bin/../lib/gcc/arm-none-eabi/9.3.1/thumb/v7-m/nofp\libgcc.a
LOAD c:/st/stm32cubeide_1.7.0/stm32cubeide/plugins/com.st.stm32cube.ide.mcu.externaltools.gnu-tools-for-stm32.9-2020-q2-update.win32_2.0.0.202105311346/tools/bin/../lib/gcc/arm-none-eabi/9.3.1/../../../../arm-none-eabi/lib/thumb/v7-m/nofp\libc_nano.a
LOAD c:/st/stm32cubeide_1.7.0/stm32cubeide/plugins/com.st.stm32cube.ide.mcu.externaltools.gnu-tools-for-stm32.9-2020-q2-update.win32_2.0.0.202105311346/tools/bin/../lib/gcc/arm-none-eabi/9.3.1/../../../../arm-none-eabi/lib/thumb/v7-m/nofp\libnosys.a
END GROUP
LOAD c:/st/stm32cubeide_1.7.0/stm32cubeide/plugins/com.st.stm32cube.ide.mcu.externaltools.gnu-tools-for-stm32.9-2020-q2-update.win32_2.0.0.202105311346/tools/bin/../lib/gcc/arm-none-eabi/9.3.1/thumb/v7-m/nofp/crtend.o
LOAD c:/st/stm32cubeide_1.7.0/stm32cubeide/plugins/com.st.stm32cube.ide.mcu.externaltools.gnu-tools-for-stm32.9-2020-q2-update.win32_2.0.0.202105311346/tools/bin/../lib/gcc/arm-none-eabi/9.3.1/thumb/v7-m/nofp/crtn.o
                0x0000000020005000                _estack = (ORIGIN (RAM) + LENGTH (RAM))
                0x0000000000000200                _Min_Heap_Size = 0x200
                0x0000000000000400                _Min_Stack_Size = 0x400

.isr_vector     0x0000000008000000      0x10c
                0x0000000008000000                . = ALIGN (0x4)
 *(.isr_vector)
 .isr_vector    0x0000000008000000      0x10c ./Core/Startup/startup_stm32f103rbtx.o
                0x0000000008000000                g_pfnVectors
                0x000000000800010c                . = ALIGN (0x4)

.text           0x000000000800010c     0x450c
                0x000000000800010c                . = ALIGN (0x4)
 *(.text)
 .text          0x000000000800010c       0x40 c:/st/stm32cubeide_1.7.0/stm32cubeide/plugins/com.st.stm32cube.ide.mcu.externaltools.gnu-tools-for-stm32.9-2020-q2-update.win32_2.0.0.202105311346/tools/bin/../lib/gcc/arm-none-eabi/9.3.1/thumb/v7-m/nofp/crtbegin.o
 *(.text*)
 .text.getKeyInput1
                0x000000000800014c       0x7c ./Core/Src/button.o
                0x000000000800014c                getKeyInput1
 .text.getKeyInput2
                0x00000000080001c8       0x7c ./Core/Src/button.o
                0x00000000080001c8                getKeyInput2
 .text.getKeyInput3
                0x0000000008000244       0x7c ./Core/Src/button.o
                0x0000000008000244                getKeyInput3
 .text.getKeyInput4
                0x00000000080002c0       0x7c ./Core/Src/button.o
                0x00000000080002c0                getKeyInput4
 .text.control_unit
                0x000000000800033c       0xdc ./Core/Src/control.o
                0x000000000800033c                control_unit
 .text.fsm_automatic_run
                0x0000000008000418      0x2d4 ./Core/Src/fsm_automatic.o
                0x0000000008000418                fsm_automatic_run
 .text.fsm_automatic_run2
                0x00000000080006ec      0x118 ./Core/Src/fsm_automatic.o
                0x00000000080006ec                fsm_automatic_run2
 .text.fsm_automatic_run3
                0x0000000008000804       0xd4 ./Core/Src/fsm_automatic.o
                0x0000000008000804                fsm_automatic_run3
 .text.fsm_automatic_run4
                0x00000000080008d8      0x170 ./Core/Src/fsm_automatic.o
                0x00000000080008d8                fsm_automatic_run4
 .text.main     0x0000000008000a48       0xdc ./Core/Src/main.o
                0x0000000008000a48                main
 .text.SystemClock_Config
                0x0000000008000b24       0x82 ./Core/Src/main.o
                0x0000000008000b24                SystemClock_Config
 *fill*         0x0000000008000ba6        0x2 
 .text.MX_TIM2_Init
                0x0000000008000ba8       0x98 ./Core/Src/main.o
 .text.MX_TIM3_Init
                0x0000000008000c40       0xb4 ./Core/Src/main.o
 .text.MX_USART2_UART_Init
                0x0000000008000cf4       0x54 ./Core/Src/main.o
 .text.MX_GPIO_Init
                0x0000000008000d48       0xf4 ./Core/Src/main.o
 .text.HAL_TIM_PeriodElapsedCallback
                0x0000000008000e3c       0x24 ./Core/Src/main.o
                0x0000000008000e3c                HAL_TIM_PeriodElapsedCallback
 .text.Error_Handler
                0x0000000008000e60        0xa ./Core/Src/main.o
                0x0000000008000e60                Error_Handler
 *fill*         0x0000000008000e6a        0x2 
 .text.SCH_Init
                0x0000000008000e6c       0x34 ./Core/Src/scheduler.o
                0x0000000008000e6c                SCH_Init
 .text.SCH_Update
                0x0000000008000ea0       0xe0 ./Core/Src/scheduler.o
                0x0000000008000ea0                SCH_Update
 .text.SCH_Add_Task
                0x0000000008000f80       0xa4 ./Core/Src/scheduler.o
                0x0000000008000f80                SCH_Add_Task
 .text.SCH_Dispatch_Tasks
                0x0000000008001024       0x98 ./Core/Src/scheduler.o
                0x0000000008001024                SCH_Dispatch_Tasks
 .text.SCH_Delete_Task
                0x00000000080010bc       0x98 ./Core/Src/scheduler.o
                0x00000000080010bc                SCH_Delete_Task
 .text.HAL_MspInit
                0x0000000008001154       0x64 ./Core/Src/stm32f1xx_hal_msp.o
                0x0000000008001154                HAL_MspInit
 .text.HAL_TIM_Base_MspInit
                0x00000000080011b8       0x48 ./Core/Src/stm32f1xx_hal_msp.o
                0x00000000080011b8                HAL_TIM_Base_MspInit
 .text.HAL_TIM_PWM_MspInit
                0x0000000008001200       0x3c ./Core/Src/stm32f1xx_hal_msp.o
                0x0000000008001200                HAL_TIM_PWM_MspInit
 .text.HAL_TIM_MspPostInit
                0x000000000800123c       0x64 ./Core/Src/stm32f1xx_hal_msp.o
                0x000000000800123c                HAL_TIM_MspPostInit
 .text.HAL_UART_MspInit
                0x00000000080012a0       0xa4 ./Core/Src/stm32f1xx_hal_msp.o
                0x00000000080012a0                HAL_UART_MspInit
 .text.NMI_Handler
                0x0000000008001344        0x6 ./Core/Src/stm32f1xx_it.o
                0x0000000008001344                NMI_Handler
 .text.HardFault_Handler
                0x000000000800134a        0x6 ./Core/Src/stm32f1xx_it.o
                0x000000000800134a                HardFault_Handler
 .text.MemManage_Handler
                0x0000000008001350        0x6 ./Core/Src/stm32f1xx_it.o
                0x0000000008001350                MemManage_Handler
 .text.BusFault_Handler
                0x0000000008001356        0x6 ./Core/Src/stm32f1xx_it.o
                0x0000000008001356                BusFault_Handler
 .text.UsageFault_Handler
                0x000000000800135c        0x6 ./Core/Src/stm32f1xx_it.o
                0x000000000800135c                UsageFault_Handler
 .text.SVC_Handler
                0x0000000008001362        0xc ./Core/Src/stm32f1xx_it.o
                0x0000000008001362                SVC_Handler
 .text.DebugMon_Handler
                0x000000000800136e        0xc ./Core/Src/stm32f1xx_it.o
                0x000000000800136e                DebugMon_Handler
 .text.PendSV_Handler
                0x000000000800137a        0xc ./Core/Src/stm32f1xx_it.o
                0x000000000800137a                PendSV_Handler
 .text.SysTick_Handler
                0x0000000008001386        0xc ./Core/Src/stm32f1xx_it.o
                0x0000000008001386                SysTick_Handler
 *fill*         0x0000000008001392        0x2 
 .text.TIM2_IRQHandler
                0x0000000008001394       0x14 ./Core/Src/stm32f1xx_it.o
                0x0000000008001394                TIM2_IRQHandler
 .text.USART2_IRQHandler
                0x00000000080013a8       0x14 ./Core/Src/stm32f1xx_it.o
                0x00000000080013a8                USART2_IRQHandler
 .text._sbrk    0x00000000080013bc       0x6c ./Core/Src/sysmem.o
                0x00000000080013bc                _sbrk
 .text.SystemInit
                0x0000000008001428        0xc ./Core/Src/system_stm32f1xx.o
                0x0000000008001428                SystemInit
 .text.setTimer1
                0x0000000008001434       0x34 ./Core/Src/timer.o
                0x0000000008001434                setTimer1
 .text.setTimer2
                0x0000000008001468       0x34 ./Core/Src/timer.o
                0x0000000008001468                setTimer2
 .text.setTimer3
                0x000000000800149c       0x34 ./Core/Src/timer.o
                0x000000000800149c                setTimer3
 .text.setTimer4
                0x00000000080014d0       0x34 ./Core/Src/timer.o
                0x00000000080014d0                setTimer4
 .text.timer_run
                0x0000000008001504       0x34 ./Core/Src/timer.o
                0x0000000008001504                timer_run
 .text.timer_run2
                0x0000000008001538       0x34 ./Core/Src/timer.o
                0x0000000008001538                timer_run2
 .text.timer_run3
                0x000000000800156c       0x34 ./Core/Src/timer.o
                0x000000000800156c                timer_run3
 .text.timer_run4
                0x00000000080015a0       0x34 ./Core/Src/timer.o
                0x00000000080015a0                timer_run4
 .text.Reset_Handler
                0x00000000080015d4       0x48 ./Core/Startup/startup_stm32f103rbtx.o
                0x00000000080015d4                Reset_Handler
 .text.Default_Handler
                0x000000000800161c        0x2 ./Core/Startup/startup_stm32f103rbtx.o
                0x000000000800161c                RTC_Alarm_IRQHandler
                0x000000000800161c                EXTI2_IRQHandler
                0x000000000800161c                TIM1_CC_IRQHandler
                0x000000000800161c                PVD_IRQHandler
                0x000000000800161c                EXTI3_IRQHandler
                0x000000000800161c                EXTI0_IRQHandler
                0x000000000800161c                I2C2_EV_IRQHandler
                0x000000000800161c                ADC1_2_IRQHandler
                0x000000000800161c                SPI1_IRQHandler
                0x000000000800161c                TAMPER_IRQHandler
                0x000000000800161c                DMA1_Channel4_IRQHandler
                0x000000000800161c                USART3_IRQHandler
                0x000000000800161c                RTC_IRQHandler
                0x000000000800161c                DMA1_Channel7_IRQHandler
                0x000000000800161c                CAN1_RX1_IRQHandler
                0x000000000800161c                TIM4_IRQHandler
                0x000000000800161c                I2C1_EV_IRQHandler
                0x000000000800161c                DMA1_Channel6_IRQHandler
                0x000000000800161c                TIM3_IRQHandler
                0x000000000800161c                RCC_IRQHandler
                0x000000000800161c                TIM1_TRG_COM_IRQHandler
                0x000000000800161c                DMA1_Channel1_IRQHandler
                0x000000000800161c                Default_Handler
                0x000000000800161c                EXTI15_10_IRQHandler
                0x000000000800161c                EXTI9_5_IRQHandler
                0x000000000800161c                SPI2_IRQHandler
                0x000000000800161c                DMA1_Channel5_IRQHandler
                0x000000000800161c                EXTI4_IRQHandler
                0x000000000800161c                USB_LP_CAN1_RX0_IRQHandler
                0x000000000800161c                USB_HP_CAN1_TX_IRQHandler
                0x000000000800161c                DMA1_Channel3_IRQHandler
                0x000000000800161c                TIM1_UP_IRQHandler
                0x000000000800161c                WWDG_IRQHandler
                0x000000000800161c                TIM1_BRK_IRQHandler
                0x000000000800161c                EXTI1_IRQHandler
                0x000000000800161c                I2C2_ER_IRQHandler
                0x000000000800161c                DMA1_Channel2_IRQHandler
                0x000000000800161c                CAN1_SCE_IRQHandler
                0x000000000800161c                FLASH_IRQHandler
                0x000000000800161c                USART1_IRQHandler
                0x000000000800161c                I2C1_ER_IRQHandler
                0x000000000800161c                USBWakeUp_IRQHandler
 *fill*         0x000000000800161e        0x2 
 .text.HAL_Init
                0x0000000008001620       0x2c ./Drivers/STM32F1xx_HAL_Driver/Src/stm32f1xx_hal.o
                0x0000000008001620                HAL_Init
 .text.HAL_InitTick
                0x000000000800164c       0x60 ./Drivers/STM32F1xx_HAL_Driver/Src/stm32f1xx_hal.o
                0x000000000800164c                HAL_InitTick
 .text.HAL_IncTick
                0x00000000080016ac       0x24 ./Drivers/STM32F1xx_HAL_Driver/Src/stm32f1xx_hal.o
                0x00000000080016ac                HAL_IncTick
 .text.HAL_GetTick
                0x00000000080016d0       0x14 ./Drivers/STM32F1xx_HAL_Driver/Src/stm32f1xx_hal.o
                0x00000000080016d0                HAL_GetTick
 .text.__NVIC_SetPriorityGrouping
                0x00000000080016e4       0x48 ./Drivers/STM32F1xx_HAL_Driver/Src/stm32f1xx_hal_cortex.o
 .text.__NVIC_GetPriorityGrouping
                0x000000000800172c       0x1c ./Drivers/STM32F1xx_HAL_Driver/Src/stm32f1xx_hal_cortex.o
 .text.__NVIC_EnableIRQ
                0x0000000008001748       0x38 ./Drivers/STM32F1xx_HAL_Driver/Src/stm32f1xx_hal_cortex.o
 .text.__NVIC_SetPriority
                0x0000000008001780       0x54 ./Drivers/STM32F1xx_HAL_Driver/Src/stm32f1xx_hal_cortex.o
 .text.NVIC_EncodePriority
                0x00000000080017d4       0x64 ./Drivers/STM32F1xx_HAL_Driver/Src/stm32f1xx_hal_cortex.o
 .text.SysTick_Config
                0x0000000008001838       0x44 ./Drivers/STM32F1xx_HAL_Driver/Src/stm32f1xx_hal_cortex.o
 .text.HAL_NVIC_SetPriorityGrouping
                0x000000000800187c       0x16 ./Drivers/STM32F1xx_HAL_Driver/Src/stm32f1xx_hal_cortex.o
                0x000000000800187c                HAL_NVIC_SetPriorityGrouping
 .text.HAL_NVIC_SetPriority
                0x0000000008001892       0x38 ./Drivers/STM32F1xx_HAL_Driver/Src/stm32f1xx_hal_cortex.o
                0x0000000008001892                HAL_NVIC_SetPriority
 .text.HAL_NVIC_EnableIRQ
                0x00000000080018ca       0x1c ./Drivers/STM32F1xx_HAL_Driver/Src/stm32f1xx_hal_cortex.o
                0x00000000080018ca                HAL_NVIC_EnableIRQ
 .text.HAL_SYSTICK_Config
                0x00000000080018e6       0x18 ./Drivers/STM32F1xx_HAL_Driver/Src/stm32f1xx_hal_cortex.o
                0x00000000080018e6                HAL_SYSTICK_Config
 .text.HAL_DMA_Abort
                0x00000000080018fe       0x74 ./Drivers/STM32F1xx_HAL_Driver/Src/stm32f1xx_hal_dma.o
                0x00000000080018fe                HAL_DMA_Abort
 *fill*         0x0000000008001972        0x2 
 .text.HAL_DMA_Abort_IT
                0x0000000008001974       0xec ./Drivers/STM32F1xx_HAL_Driver/Src/stm32f1xx_hal_dma.o
                0x0000000008001974                HAL_DMA_Abort_IT
 .text.HAL_GPIO_Init
                0x0000000008001a60      0x308 ./Drivers/STM32F1xx_HAL_Driver/Src/stm32f1xx_hal_gpio.o
                0x0000000008001a60                HAL_GPIO_Init
 .text.HAL_GPIO_ReadPin
                0x0000000008001d68       0x2e ./Drivers/STM32F1xx_HAL_Driver/Src/stm32f1xx_hal_gpio.o
                0x0000000008001d68                HAL_GPIO_ReadPin
 .text.HAL_GPIO_WritePin
                0x0000000008001d96       0x30 ./Drivers/STM32F1xx_HAL_Driver/Src/stm32f1xx_hal_gpio.o
                0x0000000008001d96                HAL_GPIO_WritePin
 *fill*         0x0000000008001dc6        0x2 
 .text.HAL_RCC_OscConfig
                0x0000000008001dc8      0x500 ./Drivers/STM32F1xx_HAL_Driver/Src/stm32f1xx_hal_rcc.o
                0x0000000008001dc8                HAL_RCC_OscConfig
 .text.HAL_RCC_ClockConfig
                0x00000000080022c8      0x1d4 ./Drivers/STM32F1xx_HAL_Driver/Src/stm32f1xx_hal_rcc.o
                0x00000000080022c8                HAL_RCC_ClockConfig
 .text.HAL_RCC_GetSysClockFreq
                0x000000000800249c       0xc0 ./Drivers/STM32F1xx_HAL_Driver/Src/stm32f1xx_hal_rcc.o
                0x000000000800249c                HAL_RCC_GetSysClockFreq
 .text.HAL_RCC_GetHCLKFreq
                0x000000000800255c       0x14 ./Drivers/STM32F1xx_HAL_Driver/Src/stm32f1xx_hal_rcc.o
                0x000000000800255c                HAL_RCC_GetHCLKFreq
 .text.HAL_RCC_GetPCLK1Freq
                0x0000000008002570       0x28 ./Drivers/STM32F1xx_HAL_Driver/Src/stm32f1xx_hal_rcc.o
                0x0000000008002570                HAL_RCC_GetPCLK1Freq
 .text.HAL_RCC_GetPCLK2Freq
                0x0000000008002598       0x28 ./Drivers/STM32F1xx_HAL_Driver/Src/stm32f1xx_hal_rcc.o
                0x0000000008002598                HAL_RCC_GetPCLK2Freq
 .text.RCC_Delay
                0x00000000080025c0       0x3c ./Drivers/STM32F1xx_HAL_Driver/Src/stm32f1xx_hal_rcc.o
 .text.HAL_TIM_Base_Init
                0x00000000080025fc       0x9e ./Drivers/STM32F1xx_HAL_Driver/Src/stm32f1xx_hal_tim.o
                0x00000000080025fc                HAL_TIM_Base_Init
 *fill*         0x000000000800269a        0x2 
 .text.HAL_TIM_Base_Start_IT
                0x000000000800269c       0xa4 ./Drivers/STM32F1xx_HAL_Driver/Src/stm32f1xx_hal_tim.o
                0x000000000800269c                HAL_TIM_Base_Start_IT
 .text.HAL_TIM_PWM_Init
                0x0000000008002740       0x9e ./Drivers/STM32F1xx_HAL_Driver/Src/stm32f1xx_hal_tim.o
                0x0000000008002740                HAL_TIM_PWM_Init
 *fill*         0x00000000080027de        0x2 
 .text.HAL_TIM_PWM_Start
                0x00000000080027e0      0x144 ./Drivers/STM32F1xx_HAL_Driver/Src/stm32f1xx_hal_tim.o
                0x00000000080027e0                HAL_TIM_PWM_Start
 .text.HAL_TIM_IRQHandler
                0x0000000008002924      0x210 ./Drivers/STM32F1xx_HAL_Driver/Src/stm32f1xx_hal_tim.o
                0x0000000008002924                HAL_TIM_IRQHandler
 .text.HAL_TIM_PWM_ConfigChannel
                0x0000000008002b34      0x17c ./Drivers/STM32F1xx_HAL_Driver/Src/stm32f1xx_hal_tim.o
                0x0000000008002b34                HAL_TIM_PWM_ConfigChannel
 .text.HAL_TIM_ConfigClockSource
                0x0000000008002cb0      0x188 ./Drivers/STM32F1xx_HAL_Driver/Src/stm32f1xx_hal_tim.o
                0x0000000008002cb0                HAL_TIM_ConfigClockSource
 .text.HAL_TIM_OC_DelayElapsedCallback
                0x0000000008002e38       0x12 ./Drivers/STM32F1xx_HAL_Driver/Src/stm32f1xx_hal_tim.o
                0x0000000008002e38                HAL_TIM_OC_DelayElapsedCallback
 .text.HAL_TIM_IC_CaptureCallback
                0x0000000008002e4a       0x12 ./Drivers/STM32F1xx_HAL_Driver/Src/stm32f1xx_hal_tim.o
                0x0000000008002e4a                HAL_TIM_IC_CaptureCallback
 .text.HAL_TIM_PWM_PulseFinishedCallback
                0x0000000008002e5c       0x12 ./Drivers/STM32F1xx_HAL_Driver/Src/stm32f1xx_hal_tim.o
                0x0000000008002e5c                HAL_TIM_PWM_PulseFinishedCallback
 .text.HAL_TIM_TriggerCallback
                0x0000000008002e6e       0x12 ./Drivers/STM32F1xx_HAL_Driver/Src/stm32f1xx_hal_tim.o
                0x0000000008002e6e                HAL_TIM_TriggerCallback
 .text.TIM_Base_SetConfig
                0x0000000008002e80       0xc4 ./Drivers/STM32F1xx_HAL_Driver/Src/stm32f1xx_hal_tim.o
                0x0000000008002e80                TIM_Base_SetConfig
 .text.TIM_OC1_SetConfig
                0x0000000008002f44       0xcc ./Drivers/STM32F1xx_HAL_Driver/Src/stm32f1xx_hal_tim.o
 .text.TIM_OC2_SetConfig
                0x0000000008003010       0xd4 ./Drivers/STM32F1xx_HAL_Driver/Src/stm32f1xx_hal_tim.o
                0x0000000008003010                TIM_OC2_SetConfig
 .text.TIM_OC3_SetConfig
                0x00000000080030e4       0xd4 ./Drivers/STM32F1xx_HAL_Driver/Src/stm32f1xx_hal_tim.o
 .text.TIM_OC4_SetConfig
                0x00000000080031b8       0x9c ./Drivers/STM32F1xx_HAL_Driver/Src/stm32f1xx_hal_tim.o
 .text.TIM_TI1_ConfigInputStage
                0x0000000008003254       0x5c ./Drivers/STM32F1xx_HAL_Driver/Src/stm32f1xx_hal_tim.o
 .text.TIM_TI2_ConfigInputStage
                0x00000000080032b0       0x5e ./Drivers/STM32F1xx_HAL_Driver/Src/stm32f1xx_hal_tim.o
 .text.TIM_ITRx_SetConfig
                0x000000000800330e       0x34 ./Drivers/STM32F1xx_HAL_Driver/Src/stm32f1xx_hal_tim.o
 .text.TIM_ETR_SetConfig
                0x0000000008003342       0x3e ./Drivers/STM32F1xx_HAL_Driver/Src/stm32f1xx_hal_tim.o
                0x0000000008003342                TIM_ETR_SetConfig
 .text.TIM_CCxChannelCmd
                0x0000000008003380       0x48 ./Drivers/STM32F1xx_HAL_Driver/Src/stm32f1xx_hal_tim.o
                0x0000000008003380                TIM_CCxChannelCmd
 .text.HAL_TIMEx_MasterConfigSynchronization
                0x00000000080033c8       0xbc ./Drivers/STM32F1xx_HAL_Driver/Src/stm32f1xx_hal_tim_ex.o
                0x00000000080033c8                HAL_TIMEx_MasterConfigSynchronization
 .text.HAL_TIMEx_CommutCallback
                0x0000000008003484       0x12 ./Drivers/STM32F1xx_HAL_Driver/Src/stm32f1xx_hal_tim_ex.o
                0x0000000008003484                HAL_TIMEx_CommutCallback
 .text.HAL_TIMEx_BreakCallback
                0x0000000008003496       0x12 ./Drivers/STM32F1xx_HAL_Driver/Src/stm32f1xx_hal_tim_ex.o
                0x0000000008003496                HAL_TIMEx_BreakCallback
 .text.HAL_UART_Init
                0x00000000080034a8       0x9a ./Drivers/STM32F1xx_HAL_Driver/Src/stm32f1xx_hal_uart.o
                0x00000000080034a8                HAL_UART_Init
 .text.HAL_UART_Transmit_IT
                0x0000000008003542       0x88 ./Drivers/STM32F1xx_HAL_Driver/Src/stm32f1xx_hal_uart.o
                0x0000000008003542                HAL_UART_Transmit_IT
 *fill*         0x00000000080035ca        0x2 
 .text.HAL_UART_IRQHandler
                0x00000000080035cc      0x354 ./Drivers/STM32F1xx_HAL_Driver/Src/stm32f1xx_hal_uart.o
                0x00000000080035cc                HAL_UART_IRQHandler
 .text.HAL_UART_TxCpltCallback
                0x0000000008003920       0x12 ./Drivers/STM32F1xx_HAL_Driver/Src/stm32f1xx_hal_uart.o
                0x0000000008003920                HAL_UART_TxCpltCallback
 .text.HAL_UART_RxCpltCallback
                0x0000000008003932       0x12 ./Drivers/STM32F1xx_HAL_Driver/Src/stm32f1xx_hal_uart.o
                0x0000000008003932                HAL_UART_RxCpltCallback
 .text.HAL_UART_ErrorCallback
                0x0000000008003944       0x12 ./Drivers/STM32F1xx_HAL_Driver/Src/stm32f1xx_hal_uart.o
                0x0000000008003944                HAL_UART_ErrorCallback
 .text.HAL_UARTEx_RxEventCallback
                0x0000000008003956       0x16 ./Drivers/STM32F1xx_HAL_Driver/Src/stm32f1xx_hal_uart.o
                0x0000000008003956                HAL_UARTEx_RxEventCallback
 .text.UART_EndRxTransfer
                0x000000000800396c       0x58 ./Drivers/STM32F1xx_HAL_Driver/Src/stm32f1xx_hal_uart.o
 .text.UART_DMAAbortOnError
                0x00000000080039c4       0x28 ./Drivers/STM32F1xx_HAL_Driver/Src/stm32f1xx_hal_uart.o
 .text.UART_Transmit_IT
                0x00000000080039ec       0x9e ./Drivers/STM32F1xx_HAL_Driver/Src/stm32f1xx_hal_uart.o
 .text.UART_EndTransmit_IT
                0x0000000008003a8a       0x30 ./Drivers/STM32F1xx_HAL_Driver/Src/stm32f1xx_hal_uart.o
 .text.UART_Receive_IT
                0x0000000008003aba      0x152 ./Drivers/STM32F1xx_HAL_Driver/Src/stm32f1xx_hal_uart.o
 .text.UART_SetConfig
                0x0000000008003c0c      0x11c ./Drivers/STM32F1xx_HAL_Driver/Src/stm32f1xx_hal_uart.o
 .text.__errno  0x0000000008003d28        0xc c:/st/stm32cubeide_1.7.0/stm32cubeide/plugins/com.st.stm32cube.ide.mcu.externaltools.gnu-tools-for-stm32.9-2020-q2-update.win32_2.0.0.202105311346/tools/bin/../lib/gcc/arm-none-eabi/9.3.1/../../../../arm-none-eabi/lib/thumb/v7-m/nofp\libc_nano.a(lib_a-errno.o)
                0x0000000008003d28                __errno
 .text.__libc_init_array
                0x0000000008003d34       0x48 c:/st/stm32cubeide_1.7.0/stm32cubeide/plugins/com.st.stm32cube.ide.mcu.externaltools.gnu-tools-for-stm32.9-2020-q2-update.win32_2.0.0.202105311346/tools/bin/../lib/gcc/arm-none-eabi/9.3.1/../../../../arm-none-eabi/lib/thumb/v7-m/nofp\libc_nano.a(lib_a-init.o)
                0x0000000008003d34                __libc_init_array
 .text.memset   0x0000000008003d7c       0x10 c:/st/stm32cubeide_1.7.0/stm32cubeide/plugins/com.st.stm32cube.ide.mcu.externaltools.gnu-tools-for-stm32.9-2020-q2-update.win32_2.0.0.202105311346/tools/bin/../lib/gcc/arm-none-eabi/9.3.1/../../../../arm-none-eabi/lib/thumb/v7-m/nofp\libc_nano.a(lib_a-memset.o)
                0x0000000008003d7c                memset
 .text.sprintf  0x0000000008003d8c       0x40 c:/st/stm32cubeide_1.7.0/stm32cubeide/plugins/com.st.stm32cube.ide.mcu.externaltools.gnu-tools-for-stm32.9-2020-q2-update.win32_2.0.0.202105311346/tools/bin/../lib/gcc/arm-none-eabi/9.3.1/../../../../arm-none-eabi/lib/thumb/v7-m/nofp\libc_nano.a(lib_a-sprintf.o)
                0x0000000008003d8c                siprintf
                0x0000000008003d8c                sprintf
 .text.__ssputs_r
                0x0000000008003dcc       0xb6 c:/st/stm32cubeide_1.7.0/stm32cubeide/plugins/com.st.stm32cube.ide.mcu.externaltools.gnu-tools-for-stm32.9-2020-q2-update.win32_2.0.0.202105311346/tools/bin/../lib/gcc/arm-none-eabi/9.3.1/../../../../arm-none-eabi/lib/thumb/v7-m/nofp\libc_nano.a(lib_a-nano-svfprintf.o)
                0x0000000008003dcc                __ssputs_r
 *fill*         0x0000000008003e82        0x2 
 .text._svfprintf_r
                0x0000000008003e84      0x200 c:/st/stm32cubeide_1.7.0/stm32cubeide/plugins/com.st.stm32cube.ide.mcu.externaltools.gnu-tools-for-stm32.9-2020-q2-update.win32_2.0.0.202105311346/tools/bin/../lib/gcc/arm-none-eabi/9.3.1/../../../../arm-none-eabi/lib/thumb/v7-m/nofp\libc_nano.a(lib_a-nano-svfprintf.o)
                0x0000000008003e84                _svfiprintf_r
                0x0000000008003e84                _svfprintf_r
 .text._printf_common
                0x0000000008004084       0xde c:/st/stm32cubeide_1.7.0/stm32cubeide/plugins/com.st.stm32cube.ide.mcu.externaltools.gnu-tools-for-stm32.9-2020-q2-update.win32_2.0.0.202105311346/tools/bin/../lib/gcc/arm-none-eabi/9.3.1/../../../../arm-none-eabi/lib/thumb/v7-m/nofp\libc_nano.a(lib_a-nano-vfprintf_i.o)
                0x0000000008004084                _printf_common
 *fill*         0x0000000008004162        0x2 
 .text._printf_i
                0x0000000008004164      0x24c c:/st/stm32cubeide_1.7.0/stm32cubeide/plugins/com.st.stm32cube.ide.mcu.externaltools.gnu-tools-for-stm32.9-2020-q2-update.win32_2.0.0.202105311346/tools/bin/../lib/gcc/arm-none-eabi/9.3.1/../../../../arm-none-eabi/lib/thumb/v7-m/nofp\libc_nano.a(lib_a-nano-vfprintf_i.o)
                0x0000000008004164                _printf_i
 .text.memchr   0x00000000080043b0       0x1c c:/st/stm32cubeide_1.7.0/stm32cubeide/plugins/com.st.stm32cube.ide.mcu.externaltools.gnu-tools-for-stm32.9-2020-q2-update.win32_2.0.0.202105311346/tools/bin/../lib/gcc/arm-none-eabi/9.3.1/../../../../arm-none-eabi/lib/thumb/v7-m/nofp\libc_nano.a(lib_a-memchr-stub.o)
                0x00000000080043b0                memchr
 .text.memcpy   0x00000000080043cc       0x1c c:/st/stm32cubeide_1.7.0/stm32cubeide/plugins/com.st.stm32cube.ide.mcu.externaltools.gnu-tools-for-stm32.9-2020-q2-update.win32_2.0.0.202105311346/tools/bin/../lib/gcc/arm-none-eabi/9.3.1/../../../../arm-none-eabi/lib/thumb/v7-m/nofp\libc_nano.a(lib_a-memcpy-stub.o)
                0x00000000080043cc                memcpy
 .text.memmove  0x00000000080043e8       0x34 c:/st/stm32cubeide_1.7.0/stm32cubeide/plugins/com.st.stm32cube.ide.mcu.externaltools.gnu-tools-for-stm32.9-2020-q2-update.win32_2.0.0.202105311346/tools/bin/../lib/gcc/arm-none-eabi/9.3.1/../../../../arm-none-eabi/lib/thumb/v7-m/nofp\libc_nano.a(lib_a-memmove.o)
                0x00000000080043e8                memmove
 .text._free_r  0x000000000800441c       0x98 c:/st/stm32cubeide_1.7.0/stm32cubeide/plugins/com.st.stm32cube.ide.mcu.externaltools.gnu-tools-for-stm32.9-2020-q2-update.win32_2.0.0.202105311346/tools/bin/../lib/gcc/arm-none-eabi/9.3.1/../../../../arm-none-eabi/lib/thumb/v7-m/nofp\libc_nano.a(lib_a-nano-freer.o)
                0x000000000800441c                _free_r
 .text._malloc_r
                0x00000000080044b4       0xb4 c:/st/stm32cubeide_1.7.0/stm32cubeide/plugins/com.st.stm32cube.ide.mcu.externaltools.gnu-tools-for-stm32.9-2020-q2-update.win32_2.0.0.202105311346/tools/bin/../lib/gcc/arm-none-eabi/9.3.1/../../../../arm-none-eabi/lib/thumb/v7-m/nofp\libc_nano.a(lib_a-nano-mallocr.o)
                0x00000000080044b4                _malloc_r
 .text._realloc_r
                0x0000000008004568       0x4c c:/st/stm32cubeide_1.7.0/stm32cubeide/plugins/com.st.stm32cube.ide.mcu.externaltools.gnu-tools-for-stm32.9-2020-q2-update.win32_2.0.0.202105311346/tools/bin/../lib/gcc/arm-none-eabi/9.3.1/../../../../arm-none-eabi/lib/thumb/v7-m/nofp\libc_nano.a(lib_a-nano-reallocr.o)
                0x0000000008004568                _realloc_r
 .text._sbrk_r  0x00000000080045b4       0x20 c:/st/stm32cubeide_1.7.0/stm32cubeide/plugins/com.st.stm32cube.ide.mcu.externaltools.gnu-tools-for-stm32.9-2020-q2-update.win32_2.0.0.202105311346/tools/bin/../lib/gcc/arm-none-eabi/9.3.1/../../../../arm-none-eabi/lib/thumb/v7-m/nofp\libc_nano.a(lib_a-sbrkr.o)
                0x00000000080045b4                _sbrk_r
 .text.__malloc_lock
                0x00000000080045d4        0xc c:/st/stm32cubeide_1.7.0/stm32cubeide/plugins/com.st.stm32cube.ide.mcu.externaltools.gnu-tools-for-stm32.9-2020-q2-update.win32_2.0.0.202105311346/tools/bin/../lib/gcc/arm-none-eabi/9.3.1/../../../../arm-none-eabi/lib/thumb/v7-m/nofp\libc_nano.a(lib_a-mlock.o)
                0x00000000080045d4                __malloc_lock
 .text.__malloc_unlock
                0x00000000080045e0        0xc c:/st/stm32cubeide_1.7.0/stm32cubeide/plugins/com.st.stm32cube.ide.mcu.externaltools.gnu-tools-for-stm32.9-2020-q2-update.win32_2.0.0.202105311346/tools/bin/../lib/gcc/arm-none-eabi/9.3.1/../../../../arm-none-eabi/lib/thumb/v7-m/nofp\libc_nano.a(lib_a-mlock.o)
                0x00000000080045e0                __malloc_unlock
 .text._malloc_usable_size_r
                0x00000000080045ec       0x10 c:/st/stm32cubeide_1.7.0/stm32cubeide/plugins/com.st.stm32cube.ide.mcu.externaltools.gnu-tools-for-stm32.9-2020-q2-update.win32_2.0.0.202105311346/tools/bin/../lib/gcc/arm-none-eabi/9.3.1/../../../../arm-none-eabi/lib/thumb/v7-m/nofp\libc_nano.a(lib_a-nano-msizer.o)
                0x00000000080045ec                _malloc_usable_size_r
 .text.__retarget_lock_acquire_recursive
                0x00000000080045fc        0x2 c:/st/stm32cubeide_1.7.0/stm32cubeide/plugins/com.st.stm32cube.ide.mcu.externaltools.gnu-tools-for-stm32.9-2020-q2-update.win32_2.0.0.202105311346/tools/bin/../lib/gcc/arm-none-eabi/9.3.1/../../../../arm-none-eabi/lib/thumb/v7-m/nofp\libc_nano.a(lib_a-lock.o)
                0x00000000080045fc                __retarget_lock_acquire_recursive
 .text.__retarget_lock_release_recursive
                0x00000000080045fe        0x2 c:/st/stm32cubeide_1.7.0/stm32cubeide/plugins/com.st.stm32cube.ide.mcu.externaltools.gnu-tools-for-stm32.9-2020-q2-update.win32_2.0.0.202105311346/tools/bin/../lib/gcc/arm-none-eabi/9.3.1/../../../../arm-none-eabi/lib/thumb/v7-m/nofp\libc_nano.a(lib_a-lock.o)
                0x00000000080045fe                __retarget_lock_release_recursive
 *(.glue_7)
 .glue_7        0x0000000008004600        0x0 linker stubs
 *(.glue_7t)
 .glue_7t       0x0000000008004600        0x0 linker stubs
 *(.eh_frame)
 .eh_frame      0x0000000008004600        0x0 c:/st/stm32cubeide_1.7.0/stm32cubeide/plugins/com.st.stm32cube.ide.mcu.externaltools.gnu-tools-for-stm32.9-2020-q2-update.win32_2.0.0.202105311346/tools/bin/../lib/gcc/arm-none-eabi/9.3.1/thumb/v7-m/nofp/crtbegin.o
 *(.init)
 .init          0x0000000008004600        0x4 c:/st/stm32cubeide_1.7.0/stm32cubeide/plugins/com.st.stm32cube.ide.mcu.externaltools.gnu-tools-for-stm32.9-2020-q2-update.win32_2.0.0.202105311346/tools/bin/../lib/gcc/arm-none-eabi/9.3.1/thumb/v7-m/nofp/crti.o
                0x0000000008004600                _init
 .init          0x0000000008004604        0x8 c:/st/stm32cubeide_1.7.0/stm32cubeide/plugins/com.st.stm32cube.ide.mcu.externaltools.gnu-tools-for-stm32.9-2020-q2-update.win32_2.0.0.202105311346/tools/bin/../lib/gcc/arm-none-eabi/9.3.1/thumb/v7-m/nofp/crtn.o
 *(.fini)
 .fini          0x000000000800460c        0x4 c:/st/stm32cubeide_1.7.0/stm32cubeide/plugins/com.st.stm32cube.ide.mcu.externaltools.gnu-tools-for-stm32.9-2020-q2-update.win32_2.0.0.202105311346/tools/bin/../lib/gcc/arm-none-eabi/9.3.1/thumb/v7-m/nofp/crti.o
                0x000000000800460c                _fini
 .fini          0x0000000008004610        0x8 c:/st/stm32cubeide_1.7.0/stm32cubeide/plugins/com.st.stm32cube.ide.mcu.externaltools.gnu-tools-for-stm32.9-2020-q2-update.win32_2.0.0.202105311346/tools/bin/../lib/gcc/arm-none-eabi/9.3.1/thumb/v7-m/nofp/crtn.o
                0x0000000008004618                . = ALIGN (0x4)
                0x0000000008004618                _etext = .

.vfp11_veneer   0x0000000008004618        0x0
 .vfp11_veneer  0x0000000008004618        0x0 linker stubs

.v4_bx          0x0000000008004618        0x0
 .v4_bx         0x0000000008004618        0x0 linker stubs

.iplt           0x0000000008004618        0x0
 .iplt          0x0000000008004618        0x0 c:/st/stm32cubeide_1.7.0/stm32cubeide/plugins/com.st.stm32cube.ide.mcu.externaltools.gnu-tools-for-stm32.9-2020-q2-update.win32_2.0.0.202105311346/tools/bin/../lib/gcc/arm-none-eabi/9.3.1/thumb/v7-m/nofp/crtbegin.o

.rodata         0x0000000008004618       0x68
                0x0000000008004618                . = ALIGN (0x4)
 *(.rodata)
 .rodata        0x0000000008004618        0xc ./Core/Src/fsm_automatic.o
 .rodata        0x0000000008004624       0x10 ./Drivers/STM32F1xx_HAL_Driver/Src/stm32f1xx_hal_rcc.o
 *(.rodata*)
 .rodata.AHBPrescTable
                0x0000000008004634       0x10 ./Core/Src/system_stm32f1xx.o
                0x0000000008004634                AHBPrescTable
 .rodata.APBPrescTable
                0x0000000008004644        0x8 ./Core/Src/system_stm32f1xx.o
                0x0000000008004644                APBPrescTable
 .rodata._svfprintf_r.str1.1
                0x000000000800464c       0x11 c:/st/stm32cubeide_1.7.0/stm32cubeide/plugins/com.st.stm32cube.ide.mcu.externaltools.gnu-tools-for-stm32.9-2020-q2-update.win32_2.0.0.202105311346/tools/bin/../lib/gcc/arm-none-eabi/9.3.1/../../../../arm-none-eabi/lib/thumb/v7-m/nofp\libc_nano.a(lib_a-nano-svfprintf.o)
 .rodata._printf_i.str1.1
                0x000000000800465d       0x22 c:/st/stm32cubeide_1.7.0/stm32cubeide/plugins/com.st.stm32cube.ide.mcu.externaltools.gnu-tools-for-stm32.9-2020-q2-update.win32_2.0.0.202105311346/tools/bin/../lib/gcc/arm-none-eabi/9.3.1/../../../../arm-none-eabi/lib/thumb/v7-m/nofp\libc_nano.a(lib_a-nano-vfprintf_i.o)
                0x0000000008004680                . = ALIGN (0x4)
 *fill*         0x000000000800467f        0x1 

.rel.dyn        0x0000000008004680        0x0
 .rel.iplt      0x0000000008004680        0x0 c:/st/stm32cubeide_1.7.0/stm32cubeide/plugins/com.st.stm32cube.ide.mcu.externaltools.gnu-tools-for-stm32.9-2020-q2-update.win32_2.0.0.202105311346/tools/bin/../lib/gcc/arm-none-eabi/9.3.1/thumb/v7-m/nofp/crtbegin.o

.ARM.extab      0x0000000008004680        0x0
                0x0000000008004680                . = ALIGN (0x4)
 *(.ARM.extab* .gnu.linkonce.armextab.*)
                0x0000000008004680                . = ALIGN (0x4)

.ARM            0x0000000008004680        0x0
                0x0000000008004680                . = ALIGN (0x4)
                0x0000000008004680                __exidx_start = .
 *(.ARM.exidx*)
                0x0000000008004680                __exidx_end = .
                0x0000000008004680                . = ALIGN (0x4)

.preinit_array  0x0000000008004680        0x0
                0x0000000008004680                . = ALIGN (0x4)
                0x0000000008004680                PROVIDE (__preinit_array_start = .)
 *(.preinit_array*)
                0x0000000008004680                PROVIDE (__preinit_array_end = .)
                0x0000000008004680                . = ALIGN (0x4)

.init_array     0x0000000008004680        0x4
                0x0000000008004680                . = ALIGN (0x4)
                0x0000000008004680                PROVIDE (__init_array_start = .)
 *(SORT_BY_NAME(.init_array.*))
 *(.init_array*)
 .init_array    0x0000000008004680        0x4 c:/st/stm32cubeide_1.7.0/stm32cubeide/plugins/com.st.stm32cube.ide.mcu.externaltools.gnu-tools-for-stm32.9-2020-q2-update.win32_2.0.0.202105311346/tools/bin/../lib/gcc/arm-none-eabi/9.3.1/thumb/v7-m/nofp/crtbegin.o
                0x0000000008004684                PROVIDE (__init_array_end = .)
                0x0000000008004684                . = ALIGN (0x4)

.fini_array     0x0000000008004684        0x4
                0x0000000008004684                . = ALIGN (0x4)
                [!provide]                        PROVIDE (__fini_array_start = .)
 *(SORT_BY_NAME(.fini_array.*))
 *(.fini_array*)
 .fini_array    0x0000000008004684        0x4 c:/st/stm32cubeide_1.7.0/stm32cubeide/plugins/com.st.stm32cube.ide.mcu.externaltools.gnu-tools-for-stm32.9-2020-q2-update.win32_2.0.0.202105311346/tools/bin/../lib/gcc/arm-none-eabi/9.3.1/thumb/v7-m/nofp/crtbegin.o
                [!provide]                        PROVIDE (__fini_array_end = .)
                0x0000000008004688                . = ALIGN (0x4)
                0x0000000008004688                _sidata = LOADADDR (.data)

.data           0x0000000020000000       0xb8 load address 0x0000000008004688
                0x0000000020000000                . = ALIGN (0x4)
                0x0000000020000000                _sdata = .
 *(.data)
 *(.data*)
 .data.key01    0x0000000020000000        0x4 ./Core/Src/button.o
                0x0000000020000000                key01
 .data.key11    0x0000000020000004        0x4 ./Core/Src/button.o
                0x0000000020000004                key11
 .data.key21    0x0000000020000008        0x4 ./Core/Src/button.o
                0x0000000020000008                key21
 .data.key31    0x000000002000000c        0x4 ./Core/Src/button.o
                0x000000002000000c                key31
 .data.key03    0x0000000020000010        0x4 ./Core/Src/button.o
                0x0000000020000010                key03
 .data.key13    0x0000000020000014        0x4 ./Core/Src/button.o
                0x0000000020000014                key13
 .data.key23    0x0000000020000018        0x4 ./Core/Src/button.o
                0x0000000020000018                key23
 .data.key33    0x000000002000001c        0x4 ./Core/Src/button.o
                0x000000002000001c                key33
 .data.key02    0x0000000020000020        0x4 ./Core/Src/button.o
                0x0000000020000020                key02
 .data.key12    0x0000000020000024        0x4 ./Core/Src/button.o
                0x0000000020000024                key12
 .data.key22    0x0000000020000028        0x4 ./Core/Src/button.o
                0x0000000020000028                key22
 .data.key32    0x000000002000002c        0x4 ./Core/Src/button.o
                0x000000002000002c                key32
 .data.key04    0x0000000020000030        0x4 ./Core/Src/button.o
                0x0000000020000030                key04
 .data.key14    0x0000000020000034        0x4 ./Core/Src/button.o
                0x0000000020000034                key14
 .data.key24    0x0000000020000038        0x4 ./Core/Src/button.o
                0x0000000020000038                key24
 .data.key34    0x000000002000003c        0x4 ./Core/Src/button.o
                0x000000002000003c                key34
 .data.mode     0x0000000020000040        0x4 ./Core/Src/global.o
                0x0000000020000040                mode
 .data.SystemCoreClock
                0x0000000020000044        0x4 ./Core/Src/system_stm32f1xx.o
                0x0000000020000044                SystemCoreClock
 .data.timer_cycle
                0x0000000020000048        0x4 ./Core/Src/timer.o
                0x0000000020000048                timer_cycle
 .data.uwTickPrio
                0x000000002000004c        0x4 ./Drivers/STM32F1xx_HAL_Driver/Src/stm32f1xx_hal.o
                0x000000002000004c                uwTickPrio
 .data.uwTickFreq
                0x0000000020000050        0x1 ./Drivers/STM32F1xx_HAL_Driver/Src/stm32f1xx_hal.o
                0x0000000020000050                uwTickFreq
 *fill*         0x0000000020000051        0x3 
 .data._impure_ptr
                0x0000000020000054        0x4 c:/st/stm32cubeide_1.7.0/stm32cubeide/plugins/com.st.stm32cube.ide.mcu.externaltools.gnu-tools-for-stm32.9-2020-q2-update.win32_2.0.0.202105311346/tools/bin/../lib/gcc/arm-none-eabi/9.3.1/../../../../arm-none-eabi/lib/thumb/v7-m/nofp\libc_nano.a(lib_a-impure.o)
                0x0000000020000054                _impure_ptr
 .data.impure_data
                0x0000000020000058       0x60 c:/st/stm32cubeide_1.7.0/stm32cubeide/plugins/com.st.stm32cube.ide.mcu.externaltools.gnu-tools-for-stm32.9-2020-q2-update.win32_2.0.0.202105311346/tools/bin/../lib/gcc/arm-none-eabi/9.3.1/../../../../arm-none-eabi/lib/thumb/v7-m/nofp\libc_nano.a(lib_a-impure.o)
 *(.RamFunc)
 *(.RamFunc*)
                0x00000000200000b8                . = ALIGN (0x4)
                0x00000000200000b8                _edata = .

.igot.plt       0x00000000200000b8        0x0 load address 0x0000000008004740
 .igot.plt      0x00000000200000b8        0x0 c:/st/stm32cubeide_1.7.0/stm32cubeide/plugins/com.st.stm32cube.ide.mcu.externaltools.gnu-tools-for-stm32.9-2020-q2-update.win32_2.0.0.202105311346/tools/bin/../lib/gcc/arm-none-eabi/9.3.1/thumb/v7-m/nofp/crtbegin.o
                0x00000000200000b8                . = ALIGN (0x4)

.bss            0x00000000200000b8      0x4a4 load address 0x0000000008004740
                0x00000000200000b8                _sbss = .
                0x00000000200000b8                __bss_start__ = _sbss
 *(.bss)
 .bss           0x00000000200000b8       0x1c c:/st/stm32cubeide_1.7.0/stm32cubeide/plugins/com.st.stm32cube.ide.mcu.externaltools.gnu-tools-for-stm32.9-2020-q2-update.win32_2.0.0.202105311346/tools/bin/../lib/gcc/arm-none-eabi/9.3.1/thumb/v7-m/nofp/crtbegin.o
 *(.bss*)
 .bss.button_flag1
                0x00000000200000d4        0x4 ./Core/Src/button.o
                0x00000000200000d4                button_flag1
 .bss.button_flag2
                0x00000000200000d8        0x4 ./Core/Src/button.o
                0x00000000200000d8                button_flag2
 .bss.button_flag3
                0x00000000200000dc        0x4 ./Core/Src/button.o
                0x00000000200000dc                button_flag3
 .bss.button_flag4
                0x00000000200000e0        0x4 ./Core/Src/button.o
                0x00000000200000e0                button_flag4
 .bss.status    0x00000000200000e4        0x4 ./Core/Src/global.o
                0x00000000200000e4                status
 .bss.status1   0x00000000200000e8        0x4 ./Core/Src/global.o
                0x00000000200000e8                status1
 .bss.global_red
                0x00000000200000ec        0x4 ./Core/Src/global.o
                0x00000000200000ec                global_red
 .bss.global_green
                0x00000000200000f0        0x4 ./Core/Src/global.o
                0x00000000200000f0                global_green
 .bss.global_yellow
                0x00000000200000f4        0x4 ./Core/Src/global.o
                0x00000000200000f4                global_yellow
 .bss.counter_red
                0x00000000200000f8        0x4 ./Core/Src/global.o
                0x00000000200000f8                counter_red
 .bss.counter_green
                0x00000000200000fc        0x4 ./Core/Src/global.o
                0x00000000200000fc                counter_green
 .bss.counter_yellow
                0x0000000020000100        0x4 ./Core/Src/global.o
                0x0000000020000100                counter_yellow
 .bss.light_mode
                0x0000000020000104        0x4 ./Core/Src/global.o
                0x0000000020000104                light_mode
 .bss.count     0x0000000020000108        0x4 ./Core/Src/global.o
                0x0000000020000108                count
 .bss.ped       0x000000002000010c        0x4 ./Core/Src/global.o
                0x000000002000010c                ped
 .bss.PWM       0x0000000020000110        0x4 ./Core/Src/global.o
                0x0000000020000110                PWM
 .bss.data      0x0000000020000114        0x9 ./Core/Src/global.o
                0x0000000020000114                data
 *fill*         0x000000002000011d        0x3 
 .bss.__sbrk_heap_end
                0x0000000020000120        0x4 ./Core/Src/sysmem.o
 .bss.timer1_flag
                0x0000000020000124        0x4 ./Core/Src/timer.o
                0x0000000020000124                timer1_flag
 .bss.timer1_counter
                0x0000000020000128        0x4 ./Core/Src/timer.o
                0x0000000020000128                timer1_counter
 .bss.timer2_flag
                0x000000002000012c        0x4 ./Core/Src/timer.o
                0x000000002000012c                timer2_flag
 .bss.timer2_counter
                0x0000000020000130        0x4 ./Core/Src/timer.o
                0x0000000020000130                timer2_counter
 .bss.timer3_flag
                0x0000000020000134        0x4 ./Core/Src/timer.o
                0x0000000020000134                timer3_flag
 .bss.timer3_counter
                0x0000000020000138        0x4 ./Core/Src/timer.o
                0x0000000020000138                timer3_counter
 .bss.timer4_flag
                0x000000002000013c        0x4 ./Core/Src/timer.o
                0x000000002000013c                timer4_flag
 .bss.timer4_counter
                0x0000000020000140        0x4 ./Core/Src/timer.o
                0x0000000020000140                timer4_counter
 .bss.__malloc_free_list
                0x0000000020000144        0x4 c:/st/stm32cubeide_1.7.0/stm32cubeide/plugins/com.st.stm32cube.ide.mcu.externaltools.gnu-tools-for-stm32.9-2020-q2-update.win32_2.0.0.202105311346/tools/bin/../lib/gcc/arm-none-eabi/9.3.1/../../../../arm-none-eabi/lib/thumb/v7-m/nofp\libc_nano.a(lib_a-nano-mallocr.o)
                0x0000000020000144                __malloc_free_list
 .bss.__malloc_sbrk_start
                0x0000000020000148        0x4 c:/st/stm32cubeide_1.7.0/stm32cubeide/plugins/com.st.stm32cube.ide.mcu.externaltools.gnu-tools-for-stm32.9-2020-q2-update.win32_2.0.0.202105311346/tools/bin/../lib/gcc/arm-none-eabi/9.3.1/../../../../arm-none-eabi/lib/thumb/v7-m/nofp\libc_nano.a(lib_a-nano-mallocr.o)
                0x0000000020000148                __malloc_sbrk_start
 *(COMMON)
 COMMON         0x000000002000014c      0x3fc ./Core/Src/main.o
                0x000000002000014c                Return_code
                0x000000002000014d                Error_code_G
                0x0000000020000150                SCH_tasks_G
                0x0000000020000470                g
                0x0000000020000474                htim3
                0x00000000200004bc                htim2
                0x0000000020000504                huart2
 COMMON         0x0000000020000548        0x4 ./Drivers/STM32F1xx_HAL_Driver/Src/stm32f1xx_hal.o
                0x0000000020000548                uwTick
 COMMON         0x000000002000054c        0x4 c:/st/stm32cubeide_1.7.0/stm32cubeide/plugins/com.st.stm32cube.ide.mcu.externaltools.gnu-tools-for-stm32.9-2020-q2-update.win32_2.0.0.202105311346/tools/bin/../lib/gcc/arm-none-eabi/9.3.1/../../../../arm-none-eabi/lib/thumb/v7-m/nofp\libc_nano.a(lib_a-reent.o)
                0x000000002000054c                errno
 COMMON         0x0000000020000550        0x9 c:/st/stm32cubeide_1.7.0/stm32cubeide/plugins/com.st.stm32cube.ide.mcu.externaltools.gnu-tools-for-stm32.9-2020-q2-update.win32_2.0.0.202105311346/tools/bin/../lib/gcc/arm-none-eabi/9.3.1/../../../../arm-none-eabi/lib/thumb/v7-m/nofp\libc_nano.a(lib_a-lock.o)
                0x0000000020000550                __lock___atexit_recursive_mutex
                0x0000000020000551                __lock___arc4random_mutex
                0x0000000020000552                __lock___env_recursive_mutex
                0x0000000020000553                __lock___sinit_recursive_mutex
                0x0000000020000554                __lock___malloc_recursive_mutex
                0x0000000020000555                __lock___at_quick_exit_mutex
                0x0000000020000556                __lock___dd_hash_mutex
                0x0000000020000557                __lock___tz_mutex
                0x0000000020000558                __lock___sfp_recursive_mutex
                0x000000002000055c                . = ALIGN (0x4)
 *fill*         0x0000000020000559        0x3 
                0x000000002000055c                _ebss = .
                0x000000002000055c                __bss_end__ = _ebss

._user_heap_stack
                0x000000002000055c      0x604 load address 0x0000000008004740
                0x0000000020000560                . = ALIGN (0x8)
 *fill*         0x000000002000055c        0x4 
                [!provide]                        PROVIDE (end = .)
                0x0000000020000560                PROVIDE (_end = .)
                0x0000000020000760                . = (. + _Min_Heap_Size)
 *fill*         0x0000000020000560      0x200 
                0x0000000020000b60                . = (. + _Min_Stack_Size)
 *fill*         0x0000000020000760      0x400 
                0x0000000020000b60                . = ALIGN (0x8)

/DISCARD/
 libc.a(*)
 libm.a(*)
 libgcc.a(*)

.ARM.attributes
                0x0000000000000000       0x29
 *(.ARM.attributes)
 .ARM.attributes
                0x0000000000000000       0x1d c:/st/stm32cubeide_1.7.0/stm32cubeide/plugins/com.st.stm32cube.ide.mcu.externaltools.gnu-tools-for-stm32.9-2020-q2-update.win32_2.0.0.202105311346/tools/bin/../lib/gcc/arm-none-eabi/9.3.1/thumb/v7-m/nofp/crti.o
 .ARM.attributes
                0x000000000000001d       0x2d c:/st/stm32cubeide_1.7.0/stm32cubeide/plugins/com.st.stm32cube.ide.mcu.externaltools.gnu-tools-for-stm32.9-2020-q2-update.win32_2.0.0.202105311346/tools/bin/../lib/gcc/arm-none-eabi/9.3.1/thumb/v7-m/nofp/crtbegin.o
 .ARM.attributes
                0x000000000000004a       0x2d ./Core/Src/button.o
 .ARM.attributes
                0x0000000000000077       0x2d ./Core/Src/control.o
 .ARM.attributes
                0x00000000000000a4       0x2d ./Core/Src/fsm_automatic.o
 .ARM.attributes
                0x00000000000000d1       0x33 ./Core/Src/global.o
 .ARM.attributes
                0x0000000000000104       0x2d ./Core/Src/main.o
 .ARM.attributes
                0x0000000000000131       0x2d ./Core/Src/scheduler.o
 .ARM.attributes
                0x000000000000015e       0x2d ./Core/Src/stm32f1xx_hal_msp.o
 .ARM.attributes
                0x000000000000018b       0x2d ./Core/Src/stm32f1xx_it.o
 .ARM.attributes
                0x00000000000001b8       0x2d ./Core/Src/sysmem.o
 .ARM.attributes
                0x00000000000001e5       0x2d ./Core/Src/system_stm32f1xx.o
 .ARM.attributes
                0x0000000000000212       0x2d ./Core/Src/timer.o
 .ARM.attributes
                0x000000000000023f       0x21 ./Core/Startup/startup_stm32f103rbtx.o
 .ARM.attributes
                0x0000000000000260       0x2d ./Drivers/STM32F1xx_HAL_Driver/Src/stm32f1xx_hal.o
 .ARM.attributes
                0x000000000000028d       0x2d ./Drivers/STM32F1xx_HAL_Driver/Src/stm32f1xx_hal_cortex.o
 .ARM.attributes
                0x00000000000002ba       0x2d ./Drivers/STM32F1xx_HAL_Driver/Src/stm32f1xx_hal_dma.o
 .ARM.attributes
                0x00000000000002e7       0x2d ./Drivers/STM32F1xx_HAL_Driver/Src/stm32f1xx_hal_gpio.o
 .ARM.attributes
                0x0000000000000314       0x2d ./Drivers/STM32F1xx_HAL_Driver/Src/stm32f1xx_hal_rcc.o
 .ARM.attributes
                0x0000000000000341       0x2d ./Drivers/STM32F1xx_HAL_Driver/Src/stm32f1xx_hal_tim.o
 .ARM.attributes
                0x000000000000036e       0x2d ./Drivers/STM32F1xx_HAL_Driver/Src/stm32f1xx_hal_tim_ex.o
 .ARM.attributes
                0x000000000000039b       0x2d ./Drivers/STM32F1xx_HAL_Driver/Src/stm32f1xx_hal_uart.o
 .ARM.attributes
                0x00000000000003c8       0x2d c:/st/stm32cubeide_1.7.0/stm32cubeide/plugins/com.st.stm32cube.ide.mcu.externaltools.gnu-tools-for-stm32.9-2020-q2-update.win32_2.0.0.202105311346/tools/bin/../lib/gcc/arm-none-eabi/9.3.1/../../../../arm-none-eabi/lib/thumb/v7-m/nofp\libc_nano.a(lib_a-errno.o)
 .ARM.attributes
                0x00000000000003f5       0x2d c:/st/stm32cubeide_1.7.0/stm32cubeide/plugins/com.st.stm32cube.ide.mcu.externaltools.gnu-tools-for-stm32.9-2020-q2-update.win32_2.0.0.202105311346/tools/bin/../lib/gcc/arm-none-eabi/9.3.1/../../../../arm-none-eabi/lib/thumb/v7-m/nofp\libc_nano.a(lib_a-impure.o)
 .ARM.attributes
                0x0000000000000422       0x2d c:/st/stm32cubeide_1.7.0/stm32cubeide/plugins/com.st.stm32cube.ide.mcu.externaltools.gnu-tools-for-stm32.9-2020-q2-update.win32_2.0.0.202105311346/tools/bin/../lib/gcc/arm-none-eabi/9.3.1/../../../../arm-none-eabi/lib/thumb/v7-m/nofp\libc_nano.a(lib_a-init.o)
 .ARM.attributes
                0x000000000000044f       0x2d c:/st/stm32cubeide_1.7.0/stm32cubeide/plugins/com.st.stm32cube.ide.mcu.externaltools.gnu-tools-for-stm32.9-2020-q2-update.win32_2.0.0.202105311346/tools/bin/../lib/gcc/arm-none-eabi/9.3.1/../../../../arm-none-eabi/lib/thumb/v7-m/nofp\libc_nano.a(lib_a-memset.o)
 .ARM.attributes
                0x000000000000047c       0x2d c:/st/stm32cubeide_1.7.0/stm32cubeide/plugins/com.st.stm32cube.ide.mcu.externaltools.gnu-tools-for-stm32.9-2020-q2-update.win32_2.0.0.202105311346/tools/bin/../lib/gcc/arm-none-eabi/9.3.1/../../../../arm-none-eabi/lib/thumb/v7-m/nofp\libc_nano.a(lib_a-sprintf.o)
 .ARM.attributes
                0x00000000000004a9       0x2d c:/st/stm32cubeide_1.7.0/stm32cubeide/plugins/com.st.stm32cube.ide.mcu.externaltools.gnu-tools-for-stm32.9-2020-q2-update.win32_2.0.0.202105311346/tools/bin/../lib/gcc/arm-none-eabi/9.3.1/../../../../arm-none-eabi/lib/thumb/v7-m/nofp\libc_nano.a(lib_a-nano-svfprintf.o)
 .ARM.attributes
                0x00000000000004d6       0x2d c:/st/stm32cubeide_1.7.0/stm32cubeide/plugins/com.st.stm32cube.ide.mcu.externaltools.gnu-tools-for-stm32.9-2020-q2-update.win32_2.0.0.202105311346/tools/bin/../lib/gcc/arm-none-eabi/9.3.1/../../../../arm-none-eabi/lib/thumb/v7-m/nofp\libc_nano.a(lib_a-nano-vfprintf_i.o)
 .ARM.attributes
                0x0000000000000503       0x2d c:/st/stm32cubeide_1.7.0/stm32cubeide/plugins/com.st.stm32cube.ide.mcu.externaltools.gnu-tools-for-stm32.9-2020-q2-update.win32_2.0.0.202105311346/tools/bin/../lib/gcc/arm-none-eabi/9.3.1/../../../../arm-none-eabi/lib/thumb/v7-m/nofp\libc_nano.a(lib_a-memchr-stub.o)
 .ARM.attributes
                0x0000000000000530       0x2d c:/st/stm32cubeide_1.7.0/stm32cubeide/plugins/com.st.stm32cube.ide.mcu.externaltools.gnu-tools-for-stm32.9-2020-q2-update.win32_2.0.0.202105311346/tools/bin/../lib/gcc/arm-none-eabi/9.3.1/../../../../arm-none-eabi/lib/thumb/v7-m/nofp\libc_nano.a(lib_a-memcpy-stub.o)
 .ARM.attributes
                0x000000000000055d       0x2d c:/st/stm32cubeide_1.7.0/stm32cubeide/plugins/com.st.stm32cube.ide.mcu.externaltools.gnu-tools-for-stm32.9-2020-q2-update.win32_2.0.0.202105311346/tools/bin/../lib/gcc/arm-none-eabi/9.3.1/../../../../arm-none-eabi/lib/thumb/v7-m/nofp\libc_nano.a(lib_a-memmove.o)
 .ARM.attributes
                0x000000000000058a       0x2d c:/st/stm32cubeide_1.7.0/stm32cubeide/plugins/com.st.stm32cube.ide.mcu.externaltools.gnu-tools-for-stm32.9-2020-q2-update.win32_2.0.0.202105311346/tools/bin/../lib/gcc/arm-none-eabi/9.3.1/../../../../arm-none-eabi/lib/thumb/v7-m/nofp\libc_nano.a(lib_a-nano-freer.o)
 .ARM.attributes
                0x00000000000005b7       0x2d c:/st/stm32cubeide_1.7.0/stm32cubeide/plugins/com.st.stm32cube.ide.mcu.externaltools.gnu-tools-for-stm32.9-2020-q2-update.win32_2.0.0.202105311346/tools/bin/../lib/gcc/arm-none-eabi/9.3.1/../../../../arm-none-eabi/lib/thumb/v7-m/nofp\libc_nano.a(lib_a-nano-mallocr.o)
 .ARM.attributes
                0x00000000000005e4       0x2d c:/st/stm32cubeide_1.7.0/stm32cubeide/plugins/com.st.stm32cube.ide.mcu.externaltools.gnu-tools-for-stm32.9-2020-q2-update.win32_2.0.0.202105311346/tools/bin/../lib/gcc/arm-none-eabi/9.3.1/../../../../arm-none-eabi/lib/thumb/v7-m/nofp\libc_nano.a(lib_a-nano-reallocr.o)
 .ARM.attributes
                0x0000000000000611       0x2d c:/st/stm32cubeide_1.7.0/stm32cubeide/plugins/com.st.stm32cube.ide.mcu.externaltools.gnu-tools-for-stm32.9-2020-q2-update.win32_2.0.0.202105311346/tools/bin/../lib/gcc/arm-none-eabi/9.3.1/../../../../arm-none-eabi/lib/thumb/v7-m/nofp\libc_nano.a(lib_a-sbrkr.o)
 .ARM.attributes
                0x000000000000063e       0x2d c:/st/stm32cubeide_1.7.0/stm32cubeide/plugins/com.st.stm32cube.ide.mcu.externaltools.gnu-tools-for-stm32.9-2020-q2-update.win32_2.0.0.202105311346/tools/bin/../lib/gcc/arm-none-eabi/9.3.1/../../../../arm-none-eabi/lib/thumb/v7-m/nofp\libc_nano.a(lib_a-mlock.o)
 .ARM.attributes
                0x000000000000066b       0x2d c:/st/stm32cubeide_1.7.0/stm32cubeide/plugins/com.st.stm32cube.ide.mcu.externaltools.gnu-tools-for-stm32.9-2020-q2-update.win32_2.0.0.202105311346/tools/bin/../lib/gcc/arm-none-eabi/9.3.1/../../../../arm-none-eabi/lib/thumb/v7-m/nofp\libc_nano.a(lib_a-nano-msizer.o)
 .ARM.attributes
                0x0000000000000698       0x2d c:/st/stm32cubeide_1.7.0/stm32cubeide/plugins/com.st.stm32cube.ide.mcu.externaltools.gnu-tools-for-stm32.9-2020-q2-update.win32_2.0.0.202105311346/tools/bin/../lib/gcc/arm-none-eabi/9.3.1/../../../../arm-none-eabi/lib/thumb/v7-m/nofp\libc_nano.a(lib_a-reent.o)
 .ARM.attributes
                0x00000000000006c5       0x2d c:/st/stm32cubeide_1.7.0/stm32cubeide/plugins/com.st.stm32cube.ide.mcu.externaltools.gnu-tools-for-stm32.9-2020-q2-update.win32_2.0.0.202105311346/tools/bin/../lib/gcc/arm-none-eabi/9.3.1/../../../../arm-none-eabi/lib/thumb/v7-m/nofp\libc_nano.a(lib_a-lock.o)
 .ARM.attributes
                0x00000000000006f2       0x1d c:/st/stm32cubeide_1.7.0/stm32cubeide/plugins/com.st.stm32cube.ide.mcu.externaltools.gnu-tools-for-stm32.9-2020-q2-update.win32_2.0.0.202105311346/tools/bin/../lib/gcc/arm-none-eabi/9.3.1/thumb/v7-m/nofp/crtn.o
OUTPUT(BAI_TAP_LON2.elf elf32-littlearm)
LOAD linker stubs
LOAD c:/st/stm32cubeide_1.7.0/stm32cubeide/plugins/com.st.stm32cube.ide.mcu.externaltools.gnu-tools-for-stm32.9-2020-q2-update.win32_2.0.0.202105311346/tools/bin/../lib/gcc/arm-none-eabi/9.3.1/../../../../arm-none-eabi/lib/thumb/v7-m/nofp\libc.a
LOAD c:/st/stm32cubeide_1.7.0/stm32cubeide/plugins/com.st.stm32cube.ide.mcu.externaltools.gnu-tools-for-stm32.9-2020-q2-update.win32_2.0.0.202105311346/tools/bin/../lib/gcc/arm-none-eabi/9.3.1/../../../../arm-none-eabi/lib/thumb/v7-m/nofp\libm.a
LOAD c:/st/stm32cubeide_1.7.0/stm32cubeide/plugins/com.st.stm32cube.ide.mcu.externaltools.gnu-tools-for-stm32.9-2020-q2-update.win32_2.0.0.202105311346/tools/bin/../lib/gcc/arm-none-eabi/9.3.1/thumb/v7-m/nofp\libgcc.a

.debug_info     0x0000000000000000     0xec58
 .debug_info    0x0000000000000000      0x451 ./Core/Src/button.o
 .debug_info    0x0000000000000451      0xb6b ./Core/Src/control.o
 .debug_info    0x0000000000000fbc      0xc87 ./Core/Src/fsm_automatic.o
 .debug_info    0x0000000000001c43      0xbe5 ./Core/Src/global.o
 .debug_info    0x0000000000002828     0x194d ./Core/Src/main.o
 .debug_info    0x0000000000004175      0x32e ./Core/Src/scheduler.o
 .debug_info    0x00000000000044a3      0xe80 ./Core/Src/stm32f1xx_hal_msp.o
 .debug_info    0x0000000000005323      0xa22 ./Core/Src/stm32f1xx_it.o
 .debug_info    0x0000000000005d45      0xa25 ./Core/Src/sysmem.o
 .debug_info    0x000000000000676a      0x2be ./Core/Src/system_stm32f1xx.o
 .debug_info    0x0000000000006a28      0x1e7 ./Core/Src/timer.o
 .debug_info    0x0000000000006c0f       0x22 ./Core/Startup/startup_stm32f103rbtx.o
 .debug_info    0x0000000000006c31      0x76a ./Drivers/STM32F1xx_HAL_Driver/Src/stm32f1xx_hal.o
 .debug_info    0x000000000000739b      0xbdc ./Drivers/STM32F1xx_HAL_Driver/Src/stm32f1xx_hal_cortex.o
 .debug_info    0x0000000000007f77      0x81e ./Drivers/STM32F1xx_HAL_Driver/Src/stm32f1xx_hal_dma.o
 .debug_info    0x0000000000008795      0x701 ./Drivers/STM32F1xx_HAL_Driver/Src/stm32f1xx_hal_gpio.o
 .debug_info    0x0000000000008e96      0x88e ./Drivers/STM32F1xx_HAL_Driver/Src/stm32f1xx_hal_rcc.o
 .debug_info    0x0000000000009724     0x2a45 ./Drivers/STM32F1xx_HAL_Driver/Src/stm32f1xx_hal_tim.o
 .debug_info    0x000000000000c169     0x14d5 ./Drivers/STM32F1xx_HAL_Driver/Src/stm32f1xx_hal_tim_ex.o
 .debug_info    0x000000000000d63e     0x161a ./Drivers/STM32F1xx_HAL_Driver/Src/stm32f1xx_hal_uart.o

.debug_abbrev   0x0000000000000000     0x258c
 .debug_abbrev  0x0000000000000000      0x118 ./Core/Src/button.o
 .debug_abbrev  0x0000000000000118      0x1cd ./Core/Src/control.o
 .debug_abbrev  0x00000000000002e5      0x223 ./Core/Src/fsm_automatic.o
 .debug_abbrev  0x0000000000000508      0x1c0 ./Core/Src/global.o
 .debug_abbrev  0x00000000000006c8      0x322 ./Core/Src/main.o
 .debug_abbrev  0x00000000000009ea      0x1a1 ./Core/Src/scheduler.o
 .debug_abbrev  0x0000000000000b8b      0x1e4 ./Core/Src/stm32f1xx_hal_msp.o
 .debug_abbrev  0x0000000000000d6f      0x176 ./Core/Src/stm32f1xx_it.o
 .debug_abbrev  0x0000000000000ee5      0x1bf ./Core/Src/sysmem.o
 .debug_abbrev  0x00000000000010a4      0x14e ./Core/Src/system_stm32f1xx.o
 .debug_abbrev  0x00000000000011f2       0xb6 ./Core/Src/timer.o
 .debug_abbrev  0x00000000000012a8       0x12 ./Core/Startup/startup_stm32f103rbtx.o
 .debug_abbrev  0x00000000000012ba      0x1ed ./Drivers/STM32F1xx_HAL_Driver/Src/stm32f1xx_hal.o
 .debug_abbrev  0x00000000000014a7      0x313 ./Drivers/STM32F1xx_HAL_Driver/Src/stm32f1xx_hal_cortex.o
 .debug_abbrev  0x00000000000017ba      0x228 ./Drivers/STM32F1xx_HAL_Driver/Src/stm32f1xx_hal_dma.o
 .debug_abbrev  0x00000000000019e2      0x1e8 ./Drivers/STM32F1xx_HAL_Driver/Src/stm32f1xx_hal_gpio.o
 .debug_abbrev  0x0000000000001bca      0x273 ./Drivers/STM32F1xx_HAL_Driver/Src/stm32f1xx_hal_rcc.o
 .debug_abbrev  0x0000000000001e3d      0x25e ./Drivers/STM32F1xx_HAL_Driver/Src/stm32f1xx_hal_tim.o
 .debug_abbrev  0x000000000000209b      0x266 ./Drivers/STM32F1xx_HAL_Driver/Src/stm32f1xx_hal_tim_ex.o
 .debug_abbrev  0x0000000000002301      0x28b ./Drivers/STM32F1xx_HAL_Driver/Src/stm32f1xx_hal_uart.o

.debug_aranges  0x0000000000000000      0xd50
 .debug_aranges
                0x0000000000000000       0x38 ./Core/Src/button.o
 .debug_aranges
                0x0000000000000038       0x20 ./Core/Src/control.o
 .debug_aranges
                0x0000000000000058       0x38 ./Core/Src/fsm_automatic.o
 .debug_aranges
                0x0000000000000090       0x18 ./Core/Src/global.o
 .debug_aranges
                0x00000000000000a8       0x58 ./Core/Src/main.o
 .debug_aranges
                0x0000000000000100       0x40 ./Core/Src/scheduler.o
 .debug_aranges
                0x0000000000000140       0x58 ./Core/Src/stm32f1xx_hal_msp.o
 .debug_aranges
                0x0000000000000198       0x70 ./Core/Src/stm32f1xx_it.o
 .debug_aranges
                0x0000000000000208       0x20 ./Core/Src/sysmem.o
 .debug_aranges
                0x0000000000000228       0x28 ./Core/Src/system_stm32f1xx.o
 .debug_aranges
                0x0000000000000250       0x58 ./Core/Src/timer.o
 .debug_aranges
                0x00000000000002a8       0x28 ./Core/Startup/startup_stm32f103rbtx.o
 .debug_aranges
                0x00000000000002d0       0xe0 ./Drivers/STM32F1xx_HAL_Driver/Src/stm32f1xx_hal.o
 .debug_aranges
                0x00000000000003b0      0x100 ./Drivers/STM32F1xx_HAL_Driver/Src/stm32f1xx_hal_cortex.o
 .debug_aranges
                0x00000000000004b0       0x80 ./Drivers/STM32F1xx_HAL_Driver/Src/stm32f1xx_hal_dma.o
 .debug_aranges
                0x0000000000000530       0x58 ./Drivers/STM32F1xx_HAL_Driver/Src/stm32f1xx_hal_gpio.o
 .debug_aranges
                0x0000000000000588       0x90 ./Drivers/STM32F1xx_HAL_Driver/Src/stm32f1xx_hal_rcc.o
 .debug_aranges
                0x0000000000000618      0x3d0 ./Drivers/STM32F1xx_HAL_Driver/Src/stm32f1xx_hal_tim.o
 .debug_aranges
                0x00000000000009e8      0x168 ./Drivers/STM32F1xx_HAL_Driver/Src/stm32f1xx_hal_tim_ex.o
 .debug_aranges
                0x0000000000000b50      0x200 ./Drivers/STM32F1xx_HAL_Driver/Src/stm32f1xx_hal_uart.o

.debug_ranges   0x0000000000000000      0xc40
 .debug_ranges  0x0000000000000000       0x28 ./Core/Src/button.o
 .debug_ranges  0x0000000000000028       0x10 ./Core/Src/control.o
 .debug_ranges  0x0000000000000038       0x28 ./Core/Src/fsm_automatic.o
 .debug_ranges  0x0000000000000060       0x48 ./Core/Src/main.o
 .debug_ranges  0x00000000000000a8       0x30 ./Core/Src/scheduler.o
 .debug_ranges  0x00000000000000d8       0x48 ./Core/Src/stm32f1xx_hal_msp.o
 .debug_ranges  0x0000000000000120       0x60 ./Core/Src/stm32f1xx_it.o
 .debug_ranges  0x0000000000000180       0x10 ./Core/Src/sysmem.o
 .debug_ranges  0x0000000000000190       0x18 ./Core/Src/system_stm32f1xx.o
 .debug_ranges  0x00000000000001a8       0x48 ./Core/Src/timer.o
 .debug_ranges  0x00000000000001f0       0x20 ./Core/Startup/startup_stm32f103rbtx.o
 .debug_ranges  0x0000000000000210       0xd0 ./Drivers/STM32F1xx_HAL_Driver/Src/stm32f1xx_hal.o
 .debug_ranges  0x00000000000002e0       0xf0 ./Drivers/STM32F1xx_HAL_Driver/Src/stm32f1xx_hal_cortex.o
 .debug_ranges  0x00000000000003d0       0x70 ./Drivers/STM32F1xx_HAL_Driver/Src/stm32f1xx_hal_dma.o
 .debug_ranges  0x0000000000000440       0x48 ./Drivers/STM32F1xx_HAL_Driver/Src/stm32f1xx_hal_gpio.o
 .debug_ranges  0x0000000000000488       0x80 ./Drivers/STM32F1xx_HAL_Driver/Src/stm32f1xx_hal_rcc.o
 .debug_ranges  0x0000000000000508      0x3c0 ./Drivers/STM32F1xx_HAL_Driver/Src/stm32f1xx_hal_tim.o
 .debug_ranges  0x00000000000008c8      0x158 ./Drivers/STM32F1xx_HAL_Driver/Src/stm32f1xx_hal_tim_ex.o
 .debug_ranges  0x0000000000000a20      0x220 ./Drivers/STM32F1xx_HAL_Driver/Src/stm32f1xx_hal_uart.o

.debug_macro    0x0000000000000000    0x189a6
 .debug_macro   0x0000000000000000      0x1c5 ./Core/Src/button.o
 .debug_macro   0x00000000000001c5      0xa9c ./Core/Src/button.o
 .debug_macro   0x0000000000000c61      0x21b ./Core/Src/button.o
 .debug_macro   0x0000000000000e7c       0x2e ./Core/Src/button.o
 .debug_macro   0x0000000000000eaa       0x22 ./Core/Src/button.o
 .debug_macro   0x0000000000000ecc       0x22 ./Core/Src/button.o
 .debug_macro   0x0000000000000eee       0x8e ./Core/Src/button.o
 .debug_macro   0x0000000000000f7c       0x51 ./Core/Src/button.o
 .debug_macro   0x0000000000000fcd      0x103 ./Core/Src/button.o
 .debug_macro   0x00000000000010d0       0x6a ./Core/Src/button.o
 .debug_macro   0x000000000000113a      0x1df ./Core/Src/button.o
 .debug_macro   0x0000000000001319       0x1c ./Core/Src/button.o
 .debug_macro   0x0000000000001335       0x22 ./Core/Src/button.o
 .debug_macro   0x0000000000001357       0xc3 ./Core/Src/button.o
 .debug_macro   0x000000000000141a      0xd23 ./Core/Src/button.o
 .debug_macro   0x000000000000213d     0xe09e ./Core/Src/button.o
 .debug_macro   0x00000000000101db       0x6d ./Core/Src/button.o
 .debug_macro   0x0000000000010248     0x3468 ./Core/Src/button.o
 .debug_macro   0x00000000000136b0      0x174 ./Core/Src/button.o
 .debug_macro   0x0000000000013824       0x5c ./Core/Src/button.o
 .debug_macro   0x0000000000013880      0x5be ./Core/Src/button.o
 .debug_macro   0x0000000000013e3e      0x289 ./Core/Src/button.o
 .debug_macro   0x00000000000140c7      0x1cb ./Core/Src/button.o
 .debug_macro   0x0000000000014292      0x114 ./Core/Src/button.o
 .debug_macro   0x00000000000143a6      0x1b2 ./Core/Src/button.o
 .debug_macro   0x0000000000014558       0x27 ./Core/Src/button.o
 .debug_macro   0x000000000001457f      0x136 ./Core/Src/button.o
 .debug_macro   0x00000000000146b5      0x1bc ./Core/Src/button.o
 .debug_macro   0x0000000000014871       0x34 ./Core/Src/button.o
 .debug_macro   0x00000000000148a5       0x3c ./Core/Src/button.o
 .debug_macro   0x00000000000148e1       0x57 ./Core/Src/button.o
 .debug_macro   0x0000000000014938       0x88 ./Core/Src/button.o
 .debug_macro   0x00000000000149c0      0x241 ./Core/Src/button.o
 .debug_macro   0x0000000000014c01      0x141 ./Core/Src/button.o
 .debug_macro   0x0000000000014d42      0x8d1 ./Core/Src/button.o
 .debug_macro   0x0000000000015613      0x279 ./Core/Src/button.o
 .debug_macro   0x000000000001588c       0x83 ./Core/Src/button.o
 .debug_macro   0x000000000001590f       0x7c ./Core/Src/button.o
 .debug_macro   0x000000000001598b       0x16 ./Core/Src/button.o
 .debug_macro   0x00000000000159a1      0x34b ./Core/Src/control.o
 .debug_macro   0x0000000000015cec       0x52 ./Core/Src/control.o
 .debug_macro   0x0000000000015d3e       0x18 ./Core/Src/control.o
 .debug_macro   0x0000000000015d56       0x3c ./Core/Src/control.o
 .debug_macro   0x0000000000015d92       0x34 ./Core/Src/control.o
 .debug_macro   0x0000000000015dc6       0x16 ./Core/Src/control.o
 .debug_macro   0x0000000000015ddc       0x35 ./Core/Src/control.o
 .debug_macro   0x0000000000015e11      0x333 ./Core/Src/control.o
 .debug_macro   0x0000000000016144       0x10 ./Core/Src/control.o
 .debug_macro   0x0000000000016154       0x16 ./Core/Src/control.o
 .debug_macro   0x000000000001616a       0x43 ./Core/Src/control.o
 .debug_macro   0x00000000000161ad       0x34 ./Core/Src/control.o
 .debug_macro   0x00000000000161e1       0x10 ./Core/Src/control.o
 .debug_macro   0x00000000000161f1       0x58 ./Core/Src/control.o
 .debug_macro   0x0000000000016249       0x71 ./Core/Src/control.o
 .debug_macro   0x00000000000162ba       0x1c ./Core/Src/control.o
 .debug_macro   0x00000000000162d6      0x12a ./Core/Src/control.o
 .debug_macro   0x0000000000016400       0x10 ./Core/Src/control.o
 .debug_macro   0x0000000000016410       0x1c ./Core/Src/control.o
 .debug_macro   0x000000000001642c       0x52 ./Core/Src/control.o
 .debug_macro   0x000000000001647e       0x22 ./Core/Src/control.o
 .debug_macro   0x00000000000164a0       0x10 ./Core/Src/control.o
 .debug_macro   0x00000000000164b0       0x40 ./Core/Src/control.o
 .debug_macro   0x00000000000164f0       0xd5 ./Core/Src/control.o
 .debug_macro   0x00000000000165c5       0x1c ./Core/Src/control.o
 .debug_macro   0x00000000000165e1       0x3d ./Core/Src/control.o
 .debug_macro   0x000000000001661e       0x16 ./Core/Src/control.o
 .debug_macro   0x0000000000016634      0x145 ./Core/Src/control.o
 .debug_macro   0x0000000000016779       0x22 ./Core/Src/control.o
 .debug_macro   0x000000000001679b      0x341 ./Core/Src/fsm_automatic.o
 .debug_macro   0x0000000000016adc      0x32a ./Core/Src/global.o
 .debug_macro   0x0000000000016e06      0x368 ./Core/Src/main.o
 .debug_macro   0x000000000001716e       0x2e ./Core/Src/main.o
 .debug_macro   0x000000000001719c      0x1c1 ./Core/Src/scheduler.o
 .debug_macro   0x000000000001735d       0x28 ./Core/Src/scheduler.o
 .debug_macro   0x0000000000017385      0x1b2 ./Core/Src/stm32f1xx_hal_msp.o
 .debug_macro   0x0000000000017537      0x1bc ./Core/Src/stm32f1xx_it.o
 .debug_macro   0x00000000000176f3       0xff ./Core/Src/sysmem.o
 .debug_macro   0x00000000000177f2      0x23b ./Core/Src/sysmem.o
 .debug_macro   0x0000000000017a2d      0x1a3 ./Core/Src/system_stm32f1xx.o
 .debug_macro   0x0000000000017bd0       0x1b ./Core/Src/timer.o
 .debug_macro   0x0000000000017beb      0x1c7 ./Drivers/STM32F1xx_HAL_Driver/Src/stm32f1xx_hal.o
 .debug_macro   0x0000000000017db2      0x1a3 ./Drivers/STM32F1xx_HAL_Driver/Src/stm32f1xx_hal_cortex.o
 .debug_macro   0x0000000000017f55      0x1a3 ./Drivers/STM32F1xx_HAL_Driver/Src/stm32f1xx_hal_dma.o
 .debug_macro   0x00000000000180f8      0x20e ./Drivers/STM32F1xx_HAL_Driver/Src/stm32f1xx_hal_gpio.o
 .debug_macro   0x0000000000018306      0x1b5 ./Drivers/STM32F1xx_HAL_Driver/Src/stm32f1xx_hal_rcc.o
 .debug_macro   0x00000000000184bb      0x1a4 ./Drivers/STM32F1xx_HAL_Driver/Src/stm32f1xx_hal_tim.o
 .debug_macro   0x000000000001865f      0x1a3 ./Drivers/STM32F1xx_HAL_Driver/Src/stm32f1xx_hal_tim_ex.o
 .debug_macro   0x0000000000018802      0x1a4 ./Drivers/STM32F1xx_HAL_Driver/Src/stm32f1xx_hal_uart.o

.debug_line     0x0000000000000000     0xf049
 .debug_line    0x0000000000000000      0x782 ./Core/Src/button.o
 .debug_line    0x0000000000000782      0x8e4 ./Core/Src/control.o
 .debug_line    0x0000000000001066      0xac3 ./Core/Src/fsm_automatic.o
 .debug_line    0x0000000000001b29      0x851 ./Core/Src/global.o
 .debug_line    0x000000000000237a      0xa9a ./Core/Src/main.o
 .debug_line    0x0000000000002e14      0x7a2 ./Core/Src/scheduler.o
 .debug_line    0x00000000000035b6      0x772 ./Core/Src/stm32f1xx_hal_msp.o
 .debug_line    0x0000000000003d28      0x76f ./Core/Src/stm32f1xx_it.o
 .debug_line    0x0000000000004497      0x4f8 ./Core/Src/sysmem.o
 .debug_line    0x000000000000498f      0x6fb ./Core/Src/system_stm32f1xx.o
 .debug_line    0x000000000000508a      0x167 ./Core/Src/timer.o
 .debug_line    0x00000000000051f1       0x87 ./Core/Startup/startup_stm32f103rbtx.o
 .debug_line    0x0000000000005278      0x928 ./Drivers/STM32F1xx_HAL_Driver/Src/stm32f1xx_hal.o
 .debug_line    0x0000000000005ba0      0xb10 ./Drivers/STM32F1xx_HAL_Driver/Src/stm32f1xx_hal_cortex.o
 .debug_line    0x00000000000066b0      0xd80 ./Drivers/STM32F1xx_HAL_Driver/Src/stm32f1xx_hal_dma.o
 .debug_line    0x0000000000007430      0x9bf ./Drivers/STM32F1xx_HAL_Driver/Src/stm32f1xx_hal_gpio.o
 .debug_line    0x0000000000007def      0xd36 ./Drivers/STM32F1xx_HAL_Driver/Src/stm32f1xx_hal_rcc.o
 .debug_line    0x0000000000008b25     0x32d1 ./Drivers/STM32F1xx_HAL_Driver/Src/stm32f1xx_hal_tim.o
 .debug_line    0x000000000000bdf6     0x1850 ./Drivers/STM32F1xx_HAL_Driver/Src/stm32f1xx_hal_tim_ex.o
 .debug_line    0x000000000000d646     0x1a03 ./Drivers/STM32F1xx_HAL_Driver/Src/stm32f1xx_hal_uart.o

.debug_str      0x0000000000000000    0x8b073
 .debug_str     0x0000000000000000    0x8345c ./Core/Src/button.o
                                      0x837c0 (size before relaxing)
 .debug_str     0x000000000008345c     0x412e ./Core/Src/control.o
                                      0x8789e (size before relaxing)
 .debug_str     0x000000000008758a       0x67 ./Core/Src/fsm_automatic.o
                                      0x878fd (size before relaxing)
 .debug_str     0x00000000000875f1       0x15 ./Core/Src/global.o
                                      0x877f0 (size before relaxing)
 .debug_str     0x0000000000087606      0x9f6 ./Core/Src/main.o
                                      0x88381 (size before relaxing)
 .debug_str     0x0000000000087ffc       0x77 ./Core/Src/scheduler.o
                                      0x8373e (size before relaxing)
 .debug_str     0x0000000000088073      0x365 ./Core/Src/stm32f1xx_hal_msp.o
                                      0x840ec (size before relaxing)
 .debug_str     0x00000000000883d8       0xdf ./Core/Src/stm32f1xx_it.o
                                      0x83d74 (size before relaxing)
 .debug_str     0x00000000000884b7      0x4e9 ./Core/Src/sysmem.o
                                       0x6258 (size before relaxing)
 .debug_str     0x00000000000889a0       0x52 ./Core/Src/system_stm32f1xx.o
                                      0x83450 (size before relaxing)
 .debug_str     0x00000000000889f2       0x8b ./Core/Src/timer.o
                                       0x2e4f (size before relaxing)
 .debug_str     0x0000000000088a7d       0x36 ./Core/Startup/startup_stm32f103rbtx.o
                                         0x6c (size before relaxing)
 .debug_str     0x0000000000088ab3      0x304 ./Drivers/STM32F1xx_HAL_Driver/Src/stm32f1xx_hal.o
                                      0x83ae1 (size before relaxing)
 .debug_str     0x0000000000088db7      0x300 ./Drivers/STM32F1xx_HAL_Driver/Src/stm32f1xx_hal_cortex.o
                                      0x83ae9 (size before relaxing)
 .debug_str     0x00000000000890b7      0x235 ./Drivers/STM32F1xx_HAL_Driver/Src/stm32f1xx_hal_dma.o
                                      0x8382b (size before relaxing)
 .debug_str     0x00000000000892ec      0x31f ./Drivers/STM32F1xx_HAL_Driver/Src/stm32f1xx_hal_gpio.o
                                      0x83814 (size before relaxing)
 .debug_str     0x000000000008960b      0x24f ./Drivers/STM32F1xx_HAL_Driver/Src/stm32f1xx_hal_rcc.o
                                      0x8384d (size before relaxing)
 .debug_str     0x000000000008985a      0xd3e ./Drivers/STM32F1xx_HAL_Driver/Src/stm32f1xx_hal_tim.o
                                      0x8481f (size before relaxing)
 .debug_str     0x000000000008a598      0x4ee ./Drivers/STM32F1xx_HAL_Driver/Src/stm32f1xx_hal_tim_ex.o
                                      0x83fd0 (size before relaxing)
 .debug_str     0x000000000008aa86      0x5ed ./Drivers/STM32F1xx_HAL_Driver/Src/stm32f1xx_hal_uart.o
                                      0x83e3f (size before relaxing)

.comment        0x0000000000000000       0x53
 .comment       0x0000000000000000       0x53 ./Core/Src/button.o
                                         0x54 (size before relaxing)
 .comment       0x0000000000000053       0x54 ./Core/Src/control.o
 .comment       0x0000000000000053       0x54 ./Core/Src/fsm_automatic.o
 .comment       0x0000000000000053       0x54 ./Core/Src/global.o
 .comment       0x0000000000000053       0x54 ./Core/Src/main.o
 .comment       0x0000000000000053       0x54 ./Core/Src/scheduler.o
 .comment       0x0000000000000053       0x54 ./Core/Src/stm32f1xx_hal_msp.o
 .comment       0x0000000000000053       0x54 ./Core/Src/stm32f1xx_it.o
 .comment       0x0000000000000053       0x54 ./Core/Src/sysmem.o
 .comment       0x0000000000000053       0x54 ./Core/Src/system_stm32f1xx.o
 .comment       0x0000000000000053       0x54 ./Core/Src/timer.o
 .comment       0x0000000000000053       0x54 ./Drivers/STM32F1xx_HAL_Driver/Src/stm32f1xx_hal.o
 .comment       0x0000000000000053       0x54 ./Drivers/STM32F1xx_HAL_Driver/Src/stm32f1xx_hal_cortex.o
 .comment       0x0000000000000053       0x54 ./Drivers/STM32F1xx_HAL_Driver/Src/stm32f1xx_hal_dma.o
 .comment       0x0000000000000053       0x54 ./Drivers/STM32F1xx_HAL_Driver/Src/stm32f1xx_hal_gpio.o
 .comment       0x0000000000000053       0x54 ./Drivers/STM32F1xx_HAL_Driver/Src/stm32f1xx_hal_rcc.o
 .comment       0x0000000000000053       0x54 ./Drivers/STM32F1xx_HAL_Driver/Src/stm32f1xx_hal_tim.o
 .comment       0x0000000000000053       0x54 ./Drivers/STM32F1xx_HAL_Driver/Src/stm32f1xx_hal_tim_ex.o
 .comment       0x0000000000000053       0x54 ./Drivers/STM32F1xx_HAL_Driver/Src/stm32f1xx_hal_uart.o

.debug_frame    0x0000000000000000     0x3994
 .debug_frame   0x0000000000000000       0x80 ./Core/Src/button.o
 .debug_frame   0x0000000000000080       0x2c ./Core/Src/control.o
 .debug_frame   0x00000000000000ac       0x94 ./Core/Src/fsm_automatic.o
 .debug_frame   0x0000000000000140      0x114 ./Core/Src/main.o
 .debug_frame   0x0000000000000254       0xd0 ./Core/Src/scheduler.o
 .debug_frame   0x0000000000000324      0x13c ./Core/Src/stm32f1xx_hal_msp.o
 .debug_frame   0x0000000000000460      0x13c ./Core/Src/stm32f1xx_it.o
 .debug_frame   0x000000000000059c       0x34 ./Core/Src/sysmem.o
 .debug_frame   0x00000000000005d0       0x58 ./Core/Src/system_stm32f1xx.o
 .debug_frame   0x0000000000000628      0x130 ./Core/Src/timer.o
 .debug_frame   0x0000000000000758      0x334 ./Drivers/STM32F1xx_HAL_Driver/Src/stm32f1xx_hal.o
 .debug_frame   0x0000000000000a8c      0x428 ./Drivers/STM32F1xx_HAL_Driver/Src/stm32f1xx_hal_cortex.o
 .debug_frame   0x0000000000000eb4      0x208 ./Drivers/STM32F1xx_HAL_Driver/Src/stm32f1xx_hal_dma.o
 .debug_frame   0x00000000000010bc      0x14c ./Drivers/STM32F1xx_HAL_Driver/Src/stm32f1xx_hal_gpio.o
 .debug_frame   0x0000000000001208      0x21c ./Drivers/STM32F1xx_HAL_Driver/Src/stm32f1xx_hal_rcc.o
 .debug_frame   0x0000000000001424     0x11b8 ./Drivers/STM32F1xx_HAL_Driver/Src/stm32f1xx_hal_tim.o
 .debug_frame   0x00000000000025dc      0x638 ./Drivers/STM32F1xx_HAL_Driver/Src/stm32f1xx_hal_tim_ex.o
 .debug_frame   0x0000000000002c14      0x914 ./Drivers/STM32F1xx_HAL_Driver/Src/stm32f1xx_hal_uart.o
 .debug_frame   0x0000000000003528       0x20 c:/st/stm32cubeide_1.7.0/stm32cubeide/plugins/com.st.stm32cube.ide.mcu.externaltools.gnu-tools-for-stm32.9-2020-q2-update.win32_2.0.0.202105311346/tools/bin/../lib/gcc/arm-none-eabi/9.3.1/../../../../arm-none-eabi/lib/thumb/v7-m/nofp\libc_nano.a(lib_a-errno.o)
 .debug_frame   0x0000000000003548       0x2c c:/st/stm32cubeide_1.7.0/stm32cubeide/plugins/com.st.stm32cube.ide.mcu.externaltools.gnu-tools-for-stm32.9-2020-q2-update.win32_2.0.0.202105311346/tools/bin/../lib/gcc/arm-none-eabi/9.3.1/../../../../arm-none-eabi/lib/thumb/v7-m/nofp\libc_nano.a(lib_a-init.o)
 .debug_frame   0x0000000000003574       0x20 c:/st/stm32cubeide_1.7.0/stm32cubeide/plugins/com.st.stm32cube.ide.mcu.externaltools.gnu-tools-for-stm32.9-2020-q2-update.win32_2.0.0.202105311346/tools/bin/../lib/gcc/arm-none-eabi/9.3.1/../../../../arm-none-eabi/lib/thumb/v7-m/nofp\libc_nano.a(lib_a-memset.o)
 .debug_frame   0x0000000000003594       0x6c c:/st/stm32cubeide_1.7.0/stm32cubeide/plugins/com.st.stm32cube.ide.mcu.externaltools.gnu-tools-for-stm32.9-2020-q2-update.win32_2.0.0.202105311346/tools/bin/../lib/gcc/arm-none-eabi/9.3.1/../../../../arm-none-eabi/lib/thumb/v7-m/nofp\libc_nano.a(lib_a-sprintf.o)
 .debug_frame   0x0000000000003600       0x90 c:/st/stm32cubeide_1.7.0/stm32cubeide/plugins/com.st.stm32cube.ide.mcu.externaltools.gnu-tools-for-stm32.9-2020-q2-update.win32_2.0.0.202105311346/tools/bin/../lib/gcc/arm-none-eabi/9.3.1/../../../../arm-none-eabi/lib/thumb/v7-m/nofp\libc_nano.a(lib_a-nano-svfprintf.o)
 .debug_frame   0x0000000000003690       0x60 c:/st/stm32cubeide_1.7.0/stm32cubeide/plugins/com.st.stm32cube.ide.mcu.externaltools.gnu-tools-for-stm32.9-2020-q2-update.win32_2.0.0.202105311346/tools/bin/../lib/gcc/arm-none-eabi/9.3.1/../../../../arm-none-eabi/lib/thumb/v7-m/nofp\libc_nano.a(lib_a-nano-vfprintf_i.o)
 .debug_frame   0x00000000000036f0       0x28 c:/st/stm32cubeide_1.7.0/stm32cubeide/plugins/com.st.stm32cube.ide.mcu.externaltools.gnu-tools-for-stm32.9-2020-q2-update.win32_2.0.0.202105311346/tools/bin/../lib/gcc/arm-none-eabi/9.3.1/../../../../arm-none-eabi/lib/thumb/v7-m/nofp\libc_nano.a(lib_a-memchr-stub.o)
 .debug_frame   0x0000000000003718       0x28 c:/st/stm32cubeide_1.7.0/stm32cubeide/plugins/com.st.stm32cube.ide.mcu.externaltools.gnu-tools-for-stm32.9-2020-q2-update.win32_2.0.0.202105311346/tools/bin/../lib/gcc/arm-none-eabi/9.3.1/../../../../arm-none-eabi/lib/thumb/v7-m/nofp\libc_nano.a(lib_a-memcpy-stub.o)
 .debug_frame   0x0000000000003740       0x28 c:/st/stm32cubeide_1.7.0/stm32cubeide/plugins/com.st.stm32cube.ide.mcu.externaltools.gnu-tools-for-stm32.9-2020-q2-update.win32_2.0.0.202105311346/tools/bin/../lib/gcc/arm-none-eabi/9.3.1/../../../../arm-none-eabi/lib/thumb/v7-m/nofp\libc_nano.a(lib_a-memmove.o)
 .debug_frame   0x0000000000003768       0x38 c:/st/stm32cubeide_1.7.0/stm32cubeide/plugins/com.st.stm32cube.ide.mcu.externaltools.gnu-tools-for-stm32.9-2020-q2-update.win32_2.0.0.202105311346/tools/bin/../lib/gcc/arm-none-eabi/9.3.1/../../../../arm-none-eabi/lib/thumb/v7-m/nofp\libc_nano.a(lib_a-nano-freer.o)
 .debug_frame   0x00000000000037a0       0x30 c:/st/stm32cubeide_1.7.0/stm32cubeide/plugins/com.st.stm32cube.ide.mcu.externaltools.gnu-tools-for-stm32.9-2020-q2-update.win32_2.0.0.202105311346/tools/bin/../lib/gcc/arm-none-eabi/9.3.1/../../../../arm-none-eabi/lib/thumb/v7-m/nofp\libc_nano.a(lib_a-nano-mallocr.o)
 .debug_frame   0x00000000000037d0       0x3c c:/st/stm32cubeide_1.7.0/stm32cubeide/plugins/com.st.stm32cube.ide.mcu.externaltools.gnu-tools-for-stm32.9-2020-q2-update.win32_2.0.0.202105311346/tools/bin/../lib/gcc/arm-none-eabi/9.3.1/../../../../arm-none-eabi/lib/thumb/v7-m/nofp\libc_nano.a(lib_a-nano-reallocr.o)
 .debug_frame   0x000000000000380c       0x2c c:/st/stm32cubeide_1.7.0/stm32cubeide/plugins/com.st.stm32cube.ide.mcu.externaltools.gnu-tools-for-stm32.9-2020-q2-update.win32_2.0.0.202105311346/tools/bin/../lib/gcc/arm-none-eabi/9.3.1/../../../../arm-none-eabi/lib/thumb/v7-m/nofp\libc_nano.a(lib_a-sbrkr.o)
 .debug_frame   0x0000000000003838       0x30 c:/st/stm32cubeide_1.7.0/stm32cubeide/plugins/com.st.stm32cube.ide.mcu.externaltools.gnu-tools-for-stm32.9-2020-q2-update.win32_2.0.0.202105311346/tools/bin/../lib/gcc/arm-none-eabi/9.3.1/../../../../arm-none-eabi/lib/thumb/v7-m/nofp\libc_nano.a(lib_a-mlock.o)
 .debug_frame   0x0000000000003868       0x20 c:/st/stm32cubeide_1.7.0/stm32cubeide/plugins/com.st.stm32cube.ide.mcu.externaltools.gnu-tools-for-stm32.9-2020-q2-update.win32_2.0.0.202105311346/tools/bin/../lib/gcc/arm-none-eabi/9.3.1/../../../../arm-none-eabi/lib/thumb/v7-m/nofp\libc_nano.a(lib_a-nano-msizer.o)
 .debug_frame   0x0000000000003888       0x5c c:/st/stm32cubeide_1.7.0/stm32cubeide/plugins/com.st.stm32cube.ide.mcu.externaltools.gnu-tools-for-stm32.9-2020-q2-update.win32_2.0.0.202105311346/tools/bin/../lib/gcc/arm-none-eabi/9.3.1/../../../../arm-none-eabi/lib/thumb/v7-m/nofp\libc_nano.a(lib_a-reent.o)
 .debug_frame   0x00000000000038e4       0xb0 c:/st/stm32cubeide_1.7.0/stm32cubeide/plugins/com.st.stm32cube.ide.mcu.externaltools.gnu-tools-for-stm32.9-2020-q2-update.win32_2.0.0.202105311346/tools/bin/../lib/gcc/arm-none-eabi/9.3.1/../../../../arm-none-eabi/lib/thumb/v7-m/nofp\libc_nano.a(lib_a-lock.o)
